******************************************************************************
                  TI ARM Linker PC v5.0.4                      
******************************************************************************
>> Linked Sat May 31 17:44:02 2014

OUTPUT FILE NAME:   <compdcm_mpu9150.out>
ENTRY POINT SYMBOL: "_c_int00"  address: 00002cc5


MEMORY CONFIGURATION

         name            origin    length      used     unused   attr    fill
----------------------  --------  ---------  --------  --------  ----  --------
  FLASH                 00000000   00040000  00003844  0003c7bc  R  X
  SRAM                  20000000   00008000  00000bf4  0000740c  RW X


SEGMENT ALLOCATION MAP

run origin  load origin   length   init length attrs members
----------  ----------- ---------- ----------- ----- -------
00000000    00000000    00003848   00003848    r-x
  00000000    00000000    0000026c   0000026c    r-- .intvecs
  0000026c    0000026c    00003376   00003376    r-x .text
  000035e4    000035e4    000001fa   000001fa    r-- .const
  000037e0    000037e0    00000068   00000068    r-- .cinit
20000000    20000000    00000aa0   00000000    rw-
  20000000    20000000    000006a0   00000000    rw- .bss
  200006a0    200006a0    00000400   00000000    rw- .stack
20000aa0    20000aa0    00000154   00000154    rw-
  20000aa0    20000aa0    00000154   00000154    rw- .data


SECTION ALLOCATION MAP

 output                                  attributes/
section   page    origin      length       input sections
--------  ----  ----------  ----------   ----------------
.intvecs   0    00000000    0000026c     
                  00000000    0000026c     startup_ccs.obj (.intvecs)

.init_array 
*          0    00000000    00000000     UNINITIALIZED

.text      0    0000026c    00003376     
                  0000026c    0000079c     compdcm_mpu9150.obj (.text:main)
                  00000a08    00000294     sensorlib.lib : comp_dcm.obj (.text:CompDCMUpdate)
                  00000c9c    000001ea     uartstdio.obj (.text:UARTvprintf)
                  00000e86    000001c8     sensorlib.lib : comp_dcm.obj (.text:CompDCMComputeQuaternion)
                  0000104e    000001b6     rtsv7M4_T_le_v4SPD16_eabi.lib : fd_add_t2.obj (.text)
                  00001204    00000180     sensorlib.lib : mpu9150.obj (.text:MPU9150Callback)
                  00001384    00000150     uartstdio.obj (.text:UARTStdioIntHandler)
                  000014d4    00000130     driverlib.lib : gpio.obj (.text:GPIOPadConfigSet)
                  00001604    00000118                   : sysctl.obj (.text:SysCtlClockGet)
                  0000171c    000000fc     rtsv7M4_T_le_v4SPD16_eabi.lib : fd_mul_t2.obj (.text)
                  00001818    000000f4     rgb.obj (.text:RGBInit)
                  0000190c    000000f2     sensorlib.lib : i2cm_drv.obj (.text:I2CMIntHandler)
                  000019fe    00000002     startup_ccs.obj (.text:FaultISR)
                  00001a00    000000f0     driverlib.lib : sysctl.obj (.text:SysCtlClockSet)
                  00001af0    000000d8     rtsv7M4_T_le_v4SPD16_eabi.lib : atan2f.obj (.text)
                  00001bc8    000000b0     sensorlib.lib : comp_dcm.obj (.text:CompDCMStart)
                  00001c78    000000b0     rtsv7M4_T_le_v4SPD16_eabi.lib : asinf.obj (.text)
                  00001d28    000000a8     compdcm_mpu9150.obj (.text:MPU9150AppErrorHandler)
                  00001dd0    000000a8     rgb.obj (.text:RGBEnable)
                  00001e78    000000a8     uartstdio.obj (.text:UARTwrite)
                  00001f20    000000a8     rtsv7M4_T_le_v4SPD16_eabi.lib : xfatan.obj (.text)
                  00001fc8    000000a4     sensorlib.lib : mpu9150.obj (.text:MPU9150DataMagnetoGetFloat)
                  0000206c    000000a4     uartstdio.obj (.text:UARTStdioConfig)
                  00002110    000000a0     sensorlib.lib : mpu9150.obj (.text:MPU9150Write)
                  000021b0    0000009c     rtsv7M4_T_le_v4SPD16_eabi.lib : memcpy_t2.obj (.text)
                  0000224c    00000098     sensorlib.lib : i2cm_drv.obj (.text:I2CMStateIdle)
                  000022e4    00000094     rtsv7M4_T_le_v4SPD16_eabi.lib : auto_init.obj (.text)
                  00002378    0000008c     compdcm_mpu9150.obj (.text:ConfigureUART)
                  00002404    00000088     rgb.obj (.text:RGBColorSet)
                  0000248c    00000084     sensorlib.lib : i2cm_drv.obj (.text:I2CMCommand)
                  00002510    00000084     uartstdio.obj (.text:UARTPrimeTransmit)
                  00002594    00000078     sensorlib.lib : mpu9150.obj (.text:MPU9150DataAccelGetFloat)
                  0000260c    00000078                   : mpu9150.obj (.text:MPU9150DataGyroGetFloat)
                  00002684    00000074     rgb.obj (.text:RGBBlinkRateSet)
                  000026f8    0000006c     sensorlib.lib : mpu9150.obj (.text:MPU9150Init)
                  00002764    00000064     driverlib.lib : interrupt.obj (.text:IntIsEnabled)
                  000027c8    00000060                   : interrupt.obj (.text:IntDisable)
                  00002828    00000060                   : interrupt.obj (.text:IntEnable)
                  00002888    00000060     sensorlib.lib : mpu9150.obj (.text:MPU9150DataRead)
                  000028e8    0000005e                   : i2cm_drv.obj (.text:I2CMStateWritePause)
                  00002946    0000005e     rtsv7M4_T_le_v4SPD16_eabi.lib : copy_decompress_rle.obj (.text)
                  000029a4    0000005c     rgb.obj (.text:RGBDisable)
                  00002a00    00000058     sensorlib.lib : i2cm_drv.obj (.text:I2CMWrite8)
                  00002a58    00000056     driverlib.lib : gpio.obj (.text:GPIOIntTypeSet)
                  00002aae    00000056     sensorlib.lib : vector.obj (.text:VectorCrossProduct)
                  00002b04    00000050     rtsv7M4_T_le_v4SPD16_eabi.lib : fs_toull_t2.obj (.text)
                  00002b54    0000004e     sensorlib.lib : i2cm_drv.obj (.text:I2CMStateWriteFinal)
                  00002ba2    0000004a     rtsv7M4_T_le_v4SPD16_eabi.lib : fd_tos_t2.obj (.text)
                  00002bec    00000048     driverlib.lib : gpio.obj (.text:GPIOPinConfigure)
                  00002c34    00000048     sensorlib.lib : i2cm_drv.obj (.text:I2CMStateReadNext)
                  00002c7c    00000048     driverlib.lib : i2c.obj (.text:I2CMasterInitExpClk)
                  00002cc4    00000048     rtsv7M4_T_le_v4SPD16_eabi.lib : boot.obj (.text)
                  00002d0c    00000046     sensorlib.lib : i2cm_drv.obj (.text:I2CMStateWriteNext)
                  00002d52    00000002     startup_ccs.obj (.text:IntDefaultHandler)
                  00002d54    00000044     sensorlib.lib : comp_dcm.obj (.text:CompDCMInit)
                  00002d98    00000044                   : i2cm_drv.obj (.text:I2CMStateCallback)
                  00002ddc    00000044     driverlib.lib : sysctl.obj (.text:SysCtlPeripheralClockGating)
                  00002e20    00000044     rtsv7M4_T_le_v4SPD16_eabi.lib : cpy_tbl.obj (.text)
                  00002e64    00000042     sensorlib.lib : comp_dcm.obj (.text:CompDCMComputeEulers)
                  00002ea6    00000042     rtsv7M4_T_le_v4SPD16_eabi.lib : u_divt2.obj (.text)
                  00002ee8    00000040                                   : exit.obj (.text)
                  00002f28    00000040                                   : signal.obj (.text)
                  00002f68    0000003e     sensorlib.lib : i2cm_drv.obj (.text:I2CMStateReadFinal)
                  00002fa6    0000003e                   : i2cm_drv.obj (.text:I2CMStateReadPause)
                  00002fe4    0000003c     uartstdio.obj (.text:UARTFlushTx)
                  00003020    00000038     sensorlib.lib : i2cm_drv.obj (.text:I2CMWrite8Callback)
                  00003058    00000038     rtsv7M4_T_le_v4SPD16_eabi.lib : fs_tod_t2.obj (.text)
                  00003090    00000034     sensorlib.lib : i2cm_drv.obj (.text:I2CMInit)
                  000030c4    00000034     compdcm_mpu9150.obj (.text:IntGPIOb)
                  000030f8    00000034     rgb.obj (.text:RGBBlinkIntHandler)
                  0000312c    00000034     driverlib.lib : sysctl.obj (.text:SysCtlPeripheralEnable)
                  00003160    00000034                   : sysctl.obj (.text:SysCtlPeripheralSleepEnable)
                  00003194    00000034     rtsv7M4_T_le_v4SPD16_eabi.lib : xfdtest.obj (.text)
                  000031c8    00000032     sensorlib.lib : vector.obj (.text:VectorAdd)
                  000031fa    00000030                   : i2cm_drv.obj (.text:I2CMTransferResume)
                  0000322a    00000002     startup_ccs.obj (.text:NmiSR)
                  0000322c    00000030     rtsv7M4_T_le_v4SPD16_eabi.lib : feraiseexcept.obj (.text)
                  0000325c    00000030                                   : xferaise.obj (.text)
                  0000328c    0000002e                                   : raise.obj (.text)
                  000032ba    00000002     --HOLE-- [fill = 0]
                  000032bc    0000002c     compdcm_mpu9150.obj (.text:MPU9150AppI2CWait)
                  000032e8    0000002c     uartstdio.obj (.text:UARTFlushRx)
                  00003314    0000002a     driverlib.lib : gpio.obj (.text:GPIODirModeSet)
                  0000333e    0000002a     sensorlib.lib : i2cm_drv.obj (.text:I2CMStateReadFirst)
                  00003368    00000026                   : vector.obj (.text:VectorDotProduct)
                  0000338e    00000026                   : vector.obj (.text:VectorScale)
                  000033b4    00000024     rtsv7M4_T_le_v4SPD16_eabi.lib : sqrtf.obj (.text)
                  000033d8    00000020     sensorlib.lib : i2cm_drv.obj (.text:I2CMStateReadOne)
                  000033f8    0000001a     uartstdio.obj (.text:IsBufferFull)
                  00003412    0000001a     uartstdio.obj (.text:UARTprintf)
                  0000342c    00000018     sensorlib.lib : i2cm_drv.obj (.text:I2CMStateReadWait)
                  00003444    00000018     compdcm_mpu9150.obj (.text:MPU9150AppCallback)
                  0000345c    00000018     rtsv7M4_T_le_v4SPD16_eabi.lib : args_main.obj (.text)
                  00003474    00000014     rgb.obj (.text:RGBIntensitySet)
                  00003488    00000014     rtsv7M4_T_le_v4SPD16_eabi.lib : _lock.obj (.text)
                  0000349c    00000012     driverlib.lib : gpio.obj (.text:GPIOPinTypeGPIOInput)
                  000034ae    00000012                   : gpio.obj (.text:GPIOPinTypeI2C)
                  000034c0    00000012                   : gpio.obj (.text:GPIOPinTypeI2CSCL)
                  000034d2    00000012                   : gpio.obj (.text:GPIOPinTypeUART)
                  000034e4    00000012     rtsv7M4_T_le_v4SPD16_eabi.lib : copy_zero_init.obj (.text:decompress:ZI)
                  000034f6    0000000e     sensorlib.lib : comp_dcm.obj (.text:CompDCMAccelUpdate)
                  00003504    0000000e                   : comp_dcm.obj (.text:CompDCMGyroUpdate)
                  00003512    0000000e                   : comp_dcm.obj (.text:CompDCMMagnetoUpdate)
                  00003520    0000000e     driverlib.lib : gpio.obj (.text:GPIOIntStatus)
                  0000352e    0000000e     uartstdio.obj (.text:IsBufferEmpty)
                  0000353c    0000000e     rtsv7M4_T_le_v4SPD16_eabi.lib : copy_decompress_none.obj (.text:decompress:none)
                  0000354a    0000000e                                   : xfdclass.obj (.text)
                  00003558    0000000c     driverlib.lib : cpu.obj (.text:CPUcpsie)
                  00003564    0000000c                   : gpio.obj (.text:GPIOIntEnable)
                  00003570    0000000c                   : interrupt.obj (.text:IntTrigger)
                  0000357c    0000000c     compdcm_mpu9150.obj (.text:MPU9150I2CIntHandler)
                  00003588    0000000a     driverlib.lib : i2c.obj (.text:I2CMasterEnable)
                  00003592    0000000a                   : interrupt.obj (.text:IntMasterEnable)
                  0000359c    00000008                   : i2c.obj (.text:I2CMasterIntClear)
                  000035a4    00000008                   : i2c.obj (.text:I2CMasterIntEnableEx)
                  000035ac    00000008                   : i2c.obj (.text:I2CMasterSlaveAddrSet)
                  000035b4    00000006                   : gpio.obj (.text:GPIOIntClear)
                  000035ba    00000006     startup_ccs.obj (.text:ResetISR)
                  000035c0    00000006     driverlib.lib : sysctl.obj (.text:SysCtlDelay)
                  000035c6    00000006                   : uart.obj (.text:UARTClockSourceSet)
                  000035cc    00000006     rtsv7M4_T_le_v4SPD16_eabi.lib : copy_decompress_rle.obj (.text:decompress:rle24)
                  000035d2    00000004     driverlib.lib : cpu.obj (.text:CPUwfi)
                  000035d6    00000004                   : i2c.obj (.text:I2CMasterControl)
                  000035da    00000004                   : i2c.obj (.text:I2CMasterDataGet)
                  000035de    00000004                   : i2c.obj (.text:I2CMasterDataPut)

.const     0    000035e4    000001fa     
                  000035e4    00000090     driverlib.lib : gpio.obj (.const:g_pui32GPIOBaseAddrs)
                  00003674    00000070                   : interrupt.obj (.const)
                  000036e4    0000006c                   : sysctl.obj (.const:g_pui32Xtals)
                  00003750    00000034     rtsv7M4_T_le_v4SPD16_eabi.lib : xfatan.obj (.const)
                  00003784    00000028     uartstdio.obj (.const)
                  000037ac    00000020     sensorlib.lib : mpu9150.obj (.const)
                  000037cc    00000012     uartstdio.obj (.const:.string)

.cinit     0    000037e0    00000068     
                  000037e0    0000003f     (.cinit..data.load) [load image, compression = rle]
                  0000381f    00000001     --HOLE-- [fill = 0]
                  00003820    0000000c     (__TI_handler_table)
                  0000382c    00000004     --HOLE-- [fill = 0]
                  00003830    00000008     (.cinit..bss.load) [load image, compression = zero_init]
                  00003838    00000010     (__TI_cinit_table)

.bss       0    20000000    000006a0     UNINITIALIZED
                  20000000    00000400     uartstdio.obj (.bss:g_pcUARTTxBuffer)
                  20000400    00000124     compdcm_mpu9150.obj (.bss:g_sI2CInst)
                  20000524    00000080     uartstdio.obj (.bss:g_pcUARTRxBuffer)
                  200005a4    0000006c     compdcm_mpu9150.obj (.bss:g_sMPU9150Inst)
                  20000610    00000058     compdcm_mpu9150.obj (.bss:g_sCompDCMInst)
                  20000668    00000020     compdcm_mpu9150.obj (.bss)
                  20000688    00000010     rgb.obj (.bss)
                  20000698    00000008     uartstdio.obj (.bss)

.stack     0    200006a0    00000400     UNINITIALIZED
                  200006a0    00000400     --HOLE--

.data      0    20000aa0    00000154     
                  20000aa0    000000b0     rtsv7M4_T_le_v4SPD16_eabi.lib : signal.obj (.data:sigtable)
                  20000b50    00000068                                   : xfvalues.obj (.data)
                  20000bb8    00000015     uartstdio.obj (.data)
                  20000bcd    00000003     --HOLE--
                  20000bd0    00000008     rtsv7M4_T_le_v4SPD16_eabi.lib : _lock.obj (.data)
                  20000bd8    00000008                                   : exit.obj (.data)
                  20000be0    00000008                                   : feraiseexcept.obj (.data)
                  20000be8    00000004     rgb.obj (.data)
                  20000bec    00000004     rtsv7M4_T_le_v4SPD16_eabi.lib : errno.obj (.data)
                  20000bf0    00000004                                   : stkdepth_vars.obj (.data)


LINKER GENERATED COPY TABLES

__TI_cinit_table @ 00003838 records: 2, size/record: 8, table size: 16
	.data: load addr=000037e0, load size=0000003f bytes, run addr=20000aa0, run size=00000154 bytes, compression=rle
	.bss: load addr=00003830, load size=00000008 bytes, run addr=20000000, run size=000006a0 bytes, compression=zero_init


LINKER GENERATED HANDLER TABLE

__TI_handler_table @ 00003820 records: 3, size/record: 4, table size: 12
	index: 0, handler: __TI_decompress_rle24
	index: 1, handler: __TI_decompress_none
	index: 2, handler: __TI_zero_init


GLOBAL SYMBOLS: SORTED ALPHABETICALLY BY Name 

address    name
--------   ----
00002ee9   C$$EXIT
00003559   CPUcpsie
000035d3   CPUwfi
000034f7   CompDCMAccelUpdate
00002e65   CompDCMComputeEulers
00000e87   CompDCMComputeQuaternion
00003505   CompDCMGyroUpdate
00002d55   CompDCMInit
00003513   CompDCMMagnetoUpdate
00001bc9   CompDCMStart
00000a09   CompDCMUpdate
00002379   ConfigureUART
00003315   GPIODirModeSet
000035b5   GPIOIntClear
00003565   GPIOIntEnable
00003521   GPIOIntStatus
00002a59   GPIOIntTypeSet
000014d5   GPIOPadConfigSet
00002bed   GPIOPinConfigure
0000349d   GPIOPinTypeGPIOInput
000034af   GPIOPinTypeI2C
000034c1   GPIOPinTypeI2CSCL
000034d3   GPIOPinTypeUART
0000248d   I2CMCommand
00003091   I2CMInit
0000190d   I2CMIntHandler
000031fb   I2CMTransferResume
00002a01   I2CMWrite8
000035d7   I2CMasterControl
000035db   I2CMasterDataGet
000035df   I2CMasterDataPut
00003589   I2CMasterEnable
00002c7d   I2CMasterInitExpClk
0000359d   I2CMasterIntClear
000035a5   I2CMasterIntEnableEx
000035ad   I2CMasterSlaveAddrSet
000027c9   IntDisable
00002829   IntEnable
000030c5   IntGPIOb
00002765   IntIsEnabled
00003593   IntMasterEnable
00003571   IntTrigger
00003445   MPU9150AppCallback
00001d29   MPU9150AppErrorHandler
000032bd   MPU9150AppI2CWait
00002595   MPU9150DataAccelGetFloat
0000260d   MPU9150DataGyroGetFloat
00001fc9   MPU9150DataMagnetoGetFloat
00002889   MPU9150DataRead
0000357d   MPU9150I2CIntHandler
000026f9   MPU9150Init
00002111   MPU9150Write
000030f9   RGBBlinkIntHandler
00002685   RGBBlinkRateSet
00002405   RGBColorSet
000029a5   RGBDisable
00001dd1   RGBEnable
00001819   RGBInit
00003475   RGBIntensitySet
000035bb   ResetISR
UNDEFED    SHT$$INIT_ARRAY$$Base
UNDEFED    SHT$$INIT_ARRAY$$Limit
00001605   SysCtlClockGet
00001a01   SysCtlClockSet
000035c1   SysCtlDelay
00002ddd   SysCtlPeripheralClockGating
0000312d   SysCtlPeripheralEnable
00003161   SysCtlPeripheralSleepEnable
000035d3   SysCtlSleep
000035c7   UARTClockSourceSet
000032e9   UARTFlushRx
00002fe5   UARTFlushTx
0000206d   UARTStdioConfig
00001385   UARTStdioIntHandler
00003413   UARTprintf
00000c9d   UARTvprintf
00001e79   UARTwrite
000031c9   VectorAdd
00002aaf   VectorCrossProduct
00003369   VectorDotProduct
0000338f   VectorScale
20000bec   _Errno
00001f21   _FAtan
0000354b   _FDclass
20000b50   _FDenorm
00003195   _FDtest
20000b60   _FEps
20000b70   _FInf
20000b80   _FNan
20000ba0   _FRteps
20000b90   _FSnan
20000bb0   _FXbig
20000bb4   _FZero
20000be0   _Fenv
0000325d   _Feraise
20000be4   _Tls_setup__Fenv
20000aa0   __STACK_END
00000400   __STACK_SIZE
20000aa0   __STACK_TOP
00003838   __TI_CINIT_Base
00003848   __TI_CINIT_Limit
00003820   __TI_Handler_Table_Base
0000382c   __TI_Handler_Table_Limit
00000001   __TI_args_main
000022e5   __TI_auto_init
0000353d   __TI_decompress_none
000035cd   __TI_decompress_rle24
00000000   __TI_static_base__
000034e5   __TI_zero_init
00002ba3   __aeabi_d2f
00001059   __aeabi_dadd
0000171d   __aeabi_dmul
0000104f   __aeabi_dsub
00003059   __aeabi_f2d
00002b05   __aeabi_f2ulz
000021b1   __aeabi_memcpy
000021b1   __aeabi_memcpy4
000021b1   __aeabi_memcpy8
00002ea7   __aeabi_uidivmod
ffffffff   __binit__
ffffffff   __c_args__
200006a0   __stack
0000345d   _args_main
00002cc5   _c_int00
20000bd8   _cleanup_ptr
20000bdc   _dtors_ptr
20000bd0   _lock
00003497   _nop
0000348f   _register_lock
00003489   _register_unlock
20000bd4   _unlock
00002eed   abort
00001c79   asinf
00001af1   atan2f
ffffffff   binit
00002e21   copy_in
00002ef5   exit
0000322d   feraiseexcept
00000000   g_pfnVectors
2000066c   g_pui32Colors
20000610   g_sCompDCMInst
20000400   g_sI2CInst
200005a4   g_sMPU9150Inst
20000684   g_ui32PrintSkipCounter
20000680   g_vui8DataFlag
2000067c   g_vui8ErrorFlag
20000678   g_vui8I2CDoneFlag
0000026d   main
20000bf0   main_func_sp
000021b1   memcpy
0000328d   raise
00002f29   signal
000033b5   sqrtf


GLOBAL SYMBOLS: SORTED BY Symbol Address 

address    name
--------   ----
00000000   __TI_static_base__
00000000   g_pfnVectors
00000001   __TI_args_main
0000026d   main
00000400   __STACK_SIZE
00000a09   CompDCMUpdate
00000c9d   UARTvprintf
00000e87   CompDCMComputeQuaternion
0000104f   __aeabi_dsub
00001059   __aeabi_dadd
00001385   UARTStdioIntHandler
000014d5   GPIOPadConfigSet
00001605   SysCtlClockGet
0000171d   __aeabi_dmul
00001819   RGBInit
0000190d   I2CMIntHandler
00001a01   SysCtlClockSet
00001af1   atan2f
00001bc9   CompDCMStart
00001c79   asinf
00001d29   MPU9150AppErrorHandler
00001dd1   RGBEnable
00001e79   UARTwrite
00001f21   _FAtan
00001fc9   MPU9150DataMagnetoGetFloat
0000206d   UARTStdioConfig
00002111   MPU9150Write
000021b1   __aeabi_memcpy
000021b1   __aeabi_memcpy4
000021b1   __aeabi_memcpy8
000021b1   memcpy
000022e5   __TI_auto_init
00002379   ConfigureUART
00002405   RGBColorSet
0000248d   I2CMCommand
00002595   MPU9150DataAccelGetFloat
0000260d   MPU9150DataGyroGetFloat
00002685   RGBBlinkRateSet
000026f9   MPU9150Init
00002765   IntIsEnabled
000027c9   IntDisable
00002829   IntEnable
00002889   MPU9150DataRead
000029a5   RGBDisable
00002a01   I2CMWrite8
00002a59   GPIOIntTypeSet
00002aaf   VectorCrossProduct
00002b05   __aeabi_f2ulz
00002ba3   __aeabi_d2f
00002bed   GPIOPinConfigure
00002c7d   I2CMasterInitExpClk
00002cc5   _c_int00
00002d55   CompDCMInit
00002ddd   SysCtlPeripheralClockGating
00002e21   copy_in
00002e65   CompDCMComputeEulers
00002ea7   __aeabi_uidivmod
00002ee9   C$$EXIT
00002eed   abort
00002ef5   exit
00002f29   signal
00002fe5   UARTFlushTx
00003059   __aeabi_f2d
00003091   I2CMInit
000030c5   IntGPIOb
000030f9   RGBBlinkIntHandler
0000312d   SysCtlPeripheralEnable
00003161   SysCtlPeripheralSleepEnable
00003195   _FDtest
000031c9   VectorAdd
000031fb   I2CMTransferResume
0000322d   feraiseexcept
0000325d   _Feraise
0000328d   raise
000032bd   MPU9150AppI2CWait
000032e9   UARTFlushRx
00003315   GPIODirModeSet
00003369   VectorDotProduct
0000338f   VectorScale
000033b5   sqrtf
00003413   UARTprintf
00003445   MPU9150AppCallback
0000345d   _args_main
00003475   RGBIntensitySet
00003489   _register_unlock
0000348f   _register_lock
00003497   _nop
0000349d   GPIOPinTypeGPIOInput
000034af   GPIOPinTypeI2C
000034c1   GPIOPinTypeI2CSCL
000034d3   GPIOPinTypeUART
000034e5   __TI_zero_init
000034f7   CompDCMAccelUpdate
00003505   CompDCMGyroUpdate
00003513   CompDCMMagnetoUpdate
00003521   GPIOIntStatus
0000353d   __TI_decompress_none
0000354b   _FDclass
00003559   CPUcpsie
00003565   GPIOIntEnable
00003571   IntTrigger
0000357d   MPU9150I2CIntHandler
00003589   I2CMasterEnable
00003593   IntMasterEnable
0000359d   I2CMasterIntClear
000035a5   I2CMasterIntEnableEx
000035ad   I2CMasterSlaveAddrSet
000035b5   GPIOIntClear
000035bb   ResetISR
000035c1   SysCtlDelay
000035c7   UARTClockSourceSet
000035cd   __TI_decompress_rle24
000035d3   CPUwfi
000035d3   SysCtlSleep
000035d7   I2CMasterControl
000035db   I2CMasterDataGet
000035df   I2CMasterDataPut
00003820   __TI_Handler_Table_Base
0000382c   __TI_Handler_Table_Limit
00003838   __TI_CINIT_Base
00003848   __TI_CINIT_Limit
20000400   g_sI2CInst
200005a4   g_sMPU9150Inst
20000610   g_sCompDCMInst
2000066c   g_pui32Colors
20000678   g_vui8I2CDoneFlag
2000067c   g_vui8ErrorFlag
20000680   g_vui8DataFlag
20000684   g_ui32PrintSkipCounter
200006a0   __stack
20000aa0   __STACK_END
20000aa0   __STACK_TOP
20000b50   _FDenorm
20000b60   _FEps
20000b70   _FInf
20000b80   _FNan
20000b90   _FSnan
20000ba0   _FRteps
20000bb0   _FXbig
20000bb4   _FZero
20000bd0   _lock
20000bd4   _unlock
20000bd8   _cleanup_ptr
20000bdc   _dtors_ptr
20000be0   _Fenv
20000be4   _Tls_setup__Fenv
20000bec   _Errno
20000bf0   main_func_sp
ffffffff   __binit__
ffffffff   __c_args__
ffffffff   binit
UNDEFED    SHT$$INIT_ARRAY$$Base
UNDEFED    SHT$$INIT_ARRAY$$Limit

[153 symbols]
