******************************************************************************
                  TI ARM Linker PC v5.1.1                      
******************************************************************************
>> Linked Tue Feb 04 15:35:24 2014

OUTPUT FILE NAME:   <ECE_4335_IMU_DRIVER0.out>
ENTRY POINT SYMBOL: "_c_int00"  address: 00001069


MEMORY CONFIGURATION

         name            origin    length      used     unused   attr    fill
----------------------  --------  ---------  --------  --------  ----  --------
  FLASH                 00000000   00040000  00001590  0003ea70  R  X
  SRAM                  20000000   00008000  0000033d  00007cc3  RW X


SEGMENT ALLOCATION MAP

run origin  load origin   length   init length attrs members
----------  ----------- ---------- ----------- ----- -------
00000000    00000000    00001590   00001590    r-x
  00000000    00000000    0000026c   0000026c    r-- .intvecs
  0000026c    0000026c    00001180   00001180    r-x .text
  000013ec    000013ec    0000016c   0000016c    r-- .const
  00001558    00001558    00000038   00000038    r-- .cinit
20000000    20000000    00000340   00000000    rw-
  20000000    20000000    00000200   00000000    rw- .stack
  20000200    20000200    00000129   00000000    rw- .bss
  2000032c    2000032c    00000014   00000000    rw- .data


SECTION ALLOCATION MAP

 output                                  attributes/
section   page    origin      length       input sections
--------  ----  ----------  ----------   ----------------
.intvecs   0    00000000    0000026c     
                  00000000    0000026c     startup_ccs.obj (.intvecs)

.init_array 
*          0    00000000    00000000     UNINITIALIZED

.text      0    0000026c    00001180     
                  0000026c    0000030c     IMU.obj (.text)
                  00000578    000001cc     main.obj (.text)
                  00000744    00000130     driverlib.lib : gpio.obj (.text:GPIOPadConfigSet)
                  00000874    00000118     USB.obj (.text)
                  0000098c    00000104     driverlib.lib : sysctl.obj (.text:SysCtlClockSet)
                  00000a90    000000fc     rtsv7M4_T_le_v4SPD16_eabi.lib : fd_mul_t2.obj (.text)
                  00000b8c    000000dc     btuart.obj (.text)
                  00000c68    000000c8     driverlib.lib : sysctl.obj (.text:SysCtlClockGet)
                  00000d30    0000009c     rtsv7M4_T_le_v4SPD16_eabi.lib : memcpy_t2.obj (.text)
                  00000dcc    00000094                                   : auto_init.obj (.text)
                  00000e60    00000060     driverlib.lib : interrupt.obj (.text:IntEnable)
                  00000ec0    0000005e     rtsv7M4_T_le_v4SPD16_eabi.lib : copy_decompress_rle.obj (.text)
                  00000f1e    00000002     --HOLE-- [fill = 0]
                  00000f20    0000005c     driverlib.lib : timer.obj (.text:TimerConfigure)
                  00000f7c    0000005a     rtsv7M4_T_le_v4SPD16_eabi.lib : ltoa.obj (.text)
                  00000fd6    0000004a                                   : fd_tos_t2.obj (.text)
                  00001020    00000048     driverlib.lib : gpio.obj (.text:GPIOPinConfigure)
                  00001068    00000048     rtsv7M4_T_le_v4SPD16_eabi.lib : boot.obj (.text)
                  000010b0    00000044                                   : cpy_tbl.obj (.text)
                  000010f4    00000044                                   : exit.obj (.text)
                  00001138    00000042     driverlib.lib : ssi.obj (.text:SSIConfigSetExpClk)
                  0000117a    00000040                   : uart.obj (.text:UARTConfigSetExpClk)
                  000011ba    00000038     rtsv7M4_T_le_v4SPD16_eabi.lib : fs_tod_t2.obj (.text)
                  000011f2    00000002     --HOLE-- [fill = 0]
                  000011f4    00000034     driverlib.lib : sysctl.obj (.text:SysCtlPeripheralEnable)
                  00001228    0000002e     rtsv7M4_T_le_v4SPD16_eabi.lib : i_tofd_t2.obj (.text)
                  00001256    0000002a     driverlib.lib : gpio.obj (.text:GPIODirModeSet)
                  00001280    0000001c                   : uart.obj (.text:UARTDisable)
                  0000129c    00000018                   : gpio.obj (.text:GPIOPinTypeGPIOOutput)
                  000012b4    00000018     rtsv7M4_T_le_v4SPD16_eabi.lib : args_main.obj (.text)
                  000012cc    00000014     driverlib.lib : uart.obj (.text:UARTEnable)
                  000012e0    00000014     rtsv7M4_T_le_v4SPD16_eabi.lib : _lock.obj (.text)
                  000012f4    00000014                                   : strlen.obj (.text)
                  00001308    00000012     driverlib.lib : gpio.obj (.text:GPIOPinTypeSSI)
                  0000131a    00000012                   : gpio.obj (.text:GPIOPinTypeUART)
                  0000132c    00000012                   : timer.obj (.text:TimerLoadSet)
                  0000133e    00000012     rtsv7M4_T_le_v4SPD16_eabi.lib : copy_zero_init.obj (.text:decompress:ZI)
                  00001350    0000000e     driverlib.lib : timer.obj (.text:TimerEnable)
                  0000135e    0000000e     rtsv7M4_T_le_v4SPD16_eabi.lib : copy_decompress_none.obj (.text:decompress:none)
                  0000136c    0000000c     driverlib.lib : cpu.obj (.text:CPUcpsie)
                  00001378    0000000c                   : ssi.obj (.text:SSIDataGet)
                  00001384    0000000c                   : uart.obj (.text:UARTCharsAvail)
                  00001390    0000000c     startup_ccs.obj (.text)
                  0000139c    0000000a     driverlib.lib : interrupt.obj (.text:IntMasterEnable)
                  000013a6    0000000a                   : ssi.obj (.text:SSIDataPut)
                  000013b0    0000000a                   : ssi.obj (.text:SSIEnable)
                  000013ba    0000000a                   : uart.obj (.text:UARTCharGet)
                  000013c4    0000000a                   : uart.obj (.text:UARTCharPut)
                  000013ce    00000008                   : timer.obj (.text:TimerIntEnable)
                  000013d6    00000006                   : gpio.obj (.text:GPIOPinWrite)
                  000013dc    00000006                   : sysctl.obj (.text:SysCtlDelay)
                  000013e2    00000006     rtsv7M4_T_le_v4SPD16_eabi.lib : copy_decompress_rle.obj (.text:decompress:rle24)
                  000013e8    00000004     driverlib.lib : timer.obj (.text:TimerIntClear)

.const     0    000013ec    0000016c     
                  000013ec    00000090     driverlib.lib : gpio.obj (.const:g_pui32GPIOBaseAddrs)
                  0000147c    00000070                   : interrupt.obj (.const)
                  000014ec    0000006c                   : sysctl.obj (.const:g_pui32Xtals)

.cinit     0    00001558    00000038     
                  00001558    0000000f     (.cinit..data.load) [load image, compression = rle]
                  00001567    00000001     --HOLE-- [fill = 0]
                  00001568    0000000c     (__TI_handler_table)
                  00001574    00000004     --HOLE-- [fill = 0]
                  00001578    00000008     (.cinit..bss.load) [load image, compression = zero_init]
                  00001580    00000010     (__TI_cinit_table)

.stack     0    20000000    00000200     UNINITIALIZED
                  20000000    00000200     --HOLE--

.bss       0    20000200    00000129     UNINITIALIZED
                  20000200    00000100     btuart.obj (.bss:sout)
                  20000300    0000000c     (.common:sout1)
                  2000030c    00000004     (.common:Convert)
                  20000310    00000004     (.common:Data)
                  20000314    00000004     (.common:TrueMeasure)
                  20000318    00000004     (.common:n)
                  2000031c    00000004     (.common:xgyromeasure)
                  20000320    00000004     (.common:ygyromeasure)
                  20000324    00000004     (.common:zgyromeasure)
                  20000328    00000001     (.common:state0)

.data      0    2000032c    00000014     UNINITIALIZED
                  2000032c    00000008     rtsv7M4_T_le_v4SPD16_eabi.lib : _lock.obj (.data)
                  20000334    00000008                                   : exit.obj (.data)
                  2000033c    00000004                                   : stkdepth_vars.obj (.data)


LINKER GENERATED COPY TABLES

__TI_cinit_table @ 00001580 records: 2, size/record: 8, table size: 16
	.data: load addr=00001558, load size=0000000f bytes, run addr=2000032c, run size=00000014 bytes, compression=rle
	.bss: load addr=00001578, load size=00000008 bytes, run addr=20000200, run size=00000129 bytes, compression=zero_init


LINKER GENERATED HANDLER TABLE

__TI_handler_table @ 00001568 records: 3, size/record: 4, table size: 12
	index: 0, handler: __TI_decompress_rle24
	index: 1, handler: __TI_decompress_none
	index: 2, handler: __TI_zero_init


GLOBAL SYMBOLS: SORTED ALPHABETICALLY BY Name 

address    name
--------   ----
00000c33   BT_NL_Put
00000c3b   BT_NumPut
00000be1   BT_UART_CharGet
00000bcf   BT_UART_CharPut
00000bc5   BT_UART_CharsAvail
00000c23   BT_UART_NLPut
00000bed   BT_UART_StrPut
000010f5   C$$EXIT
0000136d   CPUcpsie
2000030c   Convert
20000310   Data
000002eb   DataConversion
00001257   GPIODirModeSet
00000745   GPIOPadConfigSet
00001021   GPIOPinConfigure
0000129d   GPIOPinTypeGPIOOutput
00001309   GPIOPinTypeSSI
0000131b   GPIOPinTypeUART
000013d7   GPIOPinWrite
00000e61   IntEnable
0000139d   IntMasterEnable
00001391   ResetISR
UNDEFED    SHT$$INIT_ARRAY$$Base
UNDEFED    SHT$$INIT_ARRAY$$Limit
00001139   SSIConfigSetExpClk
00001379   SSIDataGet
000013a7   SSIDataPut
000013b1   SSIEnable
0000026d   SSIInit
00000c69   SysCtlClockGet
0000098d   SysCtlClockSet
000013dd   SysCtlDelay
000011f5   SysCtlPeripheralEnable
00000609   Timer0IntHandler
00000f21   TimerConfigure
00001351   TimerEnable
000013e9   TimerIntClear
000013cf   TimerIntEnable
0000132d   TimerLoadSet
20000314   TrueMeasure
000013bb   UARTCharGet
000013c5   UARTCharPut
00001385   UARTCharsAvail
0000117b   UARTConfigSetExpClk
00001281   UARTDisable
000012cd   UARTEnable
00000875   UARTinit
000008e3   USB_NL_Put
0000093d   USB_UART_CharPut
000008f3   USB_UART_StrPut
20000200   __STACK_END
00000200   __STACK_SIZE
20000200   __STACK_TOP
00001580   __TI_CINIT_Base
00001590   __TI_CINIT_Limit
00001568   __TI_Handler_Table_Base
00001574   __TI_Handler_Table_Limit
00000001   __TI_args_main
00000dcd   __TI_auto_init
20000334   __TI_cleanup_ptr
0000135f   __TI_decompress_none
000013e3   __TI_decompress_rle24
20000338   __TI_dtors_ptr
00000000   __TI_static_base__
0000133f   __TI_zero_init
00000fd7   __aeabi_d2f
00000a91   __aeabi_dmul
000011bb   __aeabi_f2d
00001229   __aeabi_i2d
00000d31   __aeabi_memcpy
00000d31   __aeabi_memcpy4
00000d31   __aeabi_memcpy8
ffffffff   __binit__
ffffffff   __c_args__
20000000   __stack
000012b5   _args_main
00001069   _c_int00
2000032c   _lock
000012ef   _nop
000012e7   _register_lock
000012e1   _register_unlock
20000330   _unlock
000010f9   abort
000002c7   avgconfig
ffffffff   binit
00000b8d   btuart_init
000010b1   copy_in
00001101   exit
00000000   g_pfnVectors
00000f7d   ltoa
00000579   main
2000033c   main_func_sp
00000d31   memcpy
00000529   myDegPut
0000094f   myNumPut
20000318   n
0000049f   printfloat
00000505   printfloata
20000200   sout
20000300   sout1
20000328   state0
000012f5   strlen
0000041b   xaccelread
2000031c   xgyromeasure
00000319   xgyroread
00000447   yaccelread
20000320   ygyromeasure
0000036f   ygyroread
00000473   zaccelread
20000324   zgyromeasure
000003c5   zgyroread


GLOBAL SYMBOLS: SORTED BY Symbol Address 

address    name
--------   ----
00000000   __TI_static_base__
00000000   g_pfnVectors
00000001   __TI_args_main
00000200   __STACK_SIZE
0000026d   SSIInit
000002c7   avgconfig
000002eb   DataConversion
00000319   xgyroread
0000036f   ygyroread
000003c5   zgyroread
0000041b   xaccelread
00000447   yaccelread
00000473   zaccelread
0000049f   printfloat
00000505   printfloata
00000529   myDegPut
00000579   main
00000609   Timer0IntHandler
00000745   GPIOPadConfigSet
00000875   UARTinit
000008e3   USB_NL_Put
000008f3   USB_UART_StrPut
0000093d   USB_UART_CharPut
0000094f   myNumPut
0000098d   SysCtlClockSet
00000a91   __aeabi_dmul
00000b8d   btuart_init
00000bc5   BT_UART_CharsAvail
00000bcf   BT_UART_CharPut
00000be1   BT_UART_CharGet
00000bed   BT_UART_StrPut
00000c23   BT_UART_NLPut
00000c33   BT_NL_Put
00000c3b   BT_NumPut
00000c69   SysCtlClockGet
00000d31   __aeabi_memcpy
00000d31   __aeabi_memcpy4
00000d31   __aeabi_memcpy8
00000d31   memcpy
00000dcd   __TI_auto_init
00000e61   IntEnable
00000f21   TimerConfigure
00000f7d   ltoa
00000fd7   __aeabi_d2f
00001021   GPIOPinConfigure
00001069   _c_int00
000010b1   copy_in
000010f5   C$$EXIT
000010f9   abort
00001101   exit
00001139   SSIConfigSetExpClk
0000117b   UARTConfigSetExpClk
000011bb   __aeabi_f2d
000011f5   SysCtlPeripheralEnable
00001229   __aeabi_i2d
00001257   GPIODirModeSet
00001281   UARTDisable
0000129d   GPIOPinTypeGPIOOutput
000012b5   _args_main
000012cd   UARTEnable
000012e1   _register_unlock
000012e7   _register_lock
000012ef   _nop
000012f5   strlen
00001309   GPIOPinTypeSSI
0000131b   GPIOPinTypeUART
0000132d   TimerLoadSet
0000133f   __TI_zero_init
00001351   TimerEnable
0000135f   __TI_decompress_none
0000136d   CPUcpsie
00001379   SSIDataGet
00001385   UARTCharsAvail
00001391   ResetISR
0000139d   IntMasterEnable
000013a7   SSIDataPut
000013b1   SSIEnable
000013bb   UARTCharGet
000013c5   UARTCharPut
000013cf   TimerIntEnable
000013d7   GPIOPinWrite
000013dd   SysCtlDelay
000013e3   __TI_decompress_rle24
000013e9   TimerIntClear
00001568   __TI_Handler_Table_Base
00001574   __TI_Handler_Table_Limit
00001580   __TI_CINIT_Base
00001590   __TI_CINIT_Limit
20000000   __stack
20000200   __STACK_END
20000200   __STACK_TOP
20000200   sout
20000300   sout1
2000030c   Convert
20000310   Data
20000314   TrueMeasure
20000318   n
2000031c   xgyromeasure
20000320   ygyromeasure
20000324   zgyromeasure
20000328   state0
2000032c   _lock
20000330   _unlock
20000334   __TI_cleanup_ptr
20000338   __TI_dtors_ptr
2000033c   main_func_sp
ffffffff   __binit__
ffffffff   __c_args__
ffffffff   binit
UNDEFED    SHT$$INIT_ARRAY$$Base
UNDEFED    SHT$$INIT_ARRAY$$Limit

[111 symbols]
