******************************************************************************
                  TI ARM Linker PC v5.1.1                      
******************************************************************************
>> Linked Wed May 14 13:45:47 2014

OUTPUT FILE NAME:   <ECE_4335_IMU_DRIVER0_working_primaryC.out>
ENTRY POINT SYMBOL: "_c_int00"  address: 000031ad


MEMORY CONFIGURATION

         name            origin    length      used     unused   attr    fill
----------------------  --------  ---------  --------  --------  ----  --------
  FLASH                 00000000   00040000  00003912  0003c6ee  R  X
  SRAM                  20000000   00008000  000005da  00007a26  RW X


SEGMENT ALLOCATION MAP

run origin  load origin   length   init length attrs members
----------  ----------- ---------- ----------- ----- -------
00000000    00000000    00003918   00003918    r-x
  00000000    00000000    0000026c   0000026c    r-- .intvecs
  0000026c    0000026c    00003452   00003452    r-x .text
  000036c0    000036c0    000001ec   000001ec    r-- .const
  000038b0    000038b0    00000068   00000068    r-- .cinit
20000000    20000000    000005e0   00000000    rw-
  20000000    20000000    0000028a   00000000    rw- .bss
  2000028c    2000028c    00000200   00000000    rw- .stack
  20000490    20000490    00000150   00000000    rw- .data


SECTION ALLOCATION MAP

 output                                  attributes/
section   page    origin      length       input sections
--------  ----  ----------  ----------   ----------------
.intvecs   0    00000000    0000026c     
                  00000000    0000026c     startup_ccs.obj (.intvecs)

.init_array 
*          0    00000000    00000000     UNINITIALIZED

.text      0    0000026c    00003452     
                  0000026c    000013e0     main.obj (.text)
                  0000164c    000003b4     IMU.obj (.text)
                  00001a00    000002cc     attitude.obj (.text)
                  00001ccc    000002a8     rtsv7M4_T_le_v4SPD16_eabi.lib : xsin.obj (.text)
                  00001f74    00000270     USB.obj (.text)
                  000021e4    000001b6     rtsv7M4_T_le_v4SPD16_eabi.lib : fd_add_t2.obj (.text)
                  0000239a    00000002     --HOLE-- [fill = 0]
                  0000239c    0000016c                                   : fmod.obj (.text)
                  00002508    00000148                                   : sqrt.obj (.text)
                  00002650    00000136                                   : fd_div_t2.obj (.text)
                  00002786    00000130     driverlib.lib : gpio.obj (.text:GPIOPadConfigSet)
                  000028b6    00000002     --HOLE-- [fill = 0]
                  000028b8    00000118                   : sysctl.obj (.text:SysCtlClockGet)
                  000029d0    00000110     rtsv7M4_T_le_v4SPD16_eabi.lib : xdscale.obj (.text)
                  00002ae0    000000fc                                   : fd_mul_t2.obj (.text)
                  00002bdc    000000f0     driverlib.lib : sysctl.obj (.text:SysCtlClockSet)
                  00002ccc    000000c4     rtsv7M4_T_le_v4SPD16_eabi.lib : xdnorm.obj (.text)
                  00002d90    0000009c                                   : memcpy_t2.obj (.text)
                  00002e2c    00000094                                   : auto_init.obj (.text)
                  00002ec0    0000007e                                   : fd_cmp_t2.obj (.text:__aeabi_cdcmple)
                  00002f3e    00000064                                   : xdunscal.obj (.text)
                  00002fa2    00000002     --HOLE-- [fill = 0]
                  00002fa4    00000060     driverlib.lib : interrupt.obj (.text:IntEnable)
                  00003004    0000005e     rtsv7M4_T_le_v4SPD16_eabi.lib : copy_decompress_rle.obj (.text)
                  00003062    00000002     --HOLE-- [fill = 0]
                  00003064    0000005c     driverlib.lib : timer.obj (.text:TimerConfigure)
                  000030c0    0000005a     rtsv7M4_T_le_v4SPD16_eabi.lib : ltoa.obj (.text)
                  0000311a    0000004a                                   : fd_tos_t2.obj (.text)
                  00003164    00000048     driverlib.lib : gpio.obj (.text:GPIOPinConfigure)
                  000031ac    00000048     rtsv7M4_T_le_v4SPD16_eabi.lib : boot.obj (.text)
                  000031f4    00000048                                   : fd_toi_t2.obj (.text)
                  0000323c    00000044                                   : cpy_tbl.obj (.text)
                  00003280    00000044                                   : exit.obj (.text)
                  000032c4    00000044                                   : xdtest.obj (.text)
                  00003308    00000042     driverlib.lib : ssi.obj (.text:SSIConfigSetExpClk)
                  0000334a    00000040                   : uart.obj (.text:UARTConfigSetExpClk)
                  0000338a    00000002     --HOLE-- [fill = 0]
                  0000338c    00000040     rtsv7M4_T_le_v4SPD16_eabi.lib : signal.obj (.text)
                  000033cc    00000038                                   : fs_tod_t2.obj (.text)
                  00003404    00000034     driverlib.lib : sysctl.obj (.text:SysCtlPeripheralEnable)
                  00003438    00000034     rtsv7M4_T_le_v4SPD16_eabi.lib : feraiseexcept.obj (.text)
                  0000346c    00000030                                   : xferaise.obj (.text)
                  0000349c    0000002e                                   : i_tofd_t2.obj (.text)
                  000034ca    0000002e                                   : raise.obj (.text)
                  000034f8    0000002a     driverlib.lib : gpio.obj (.text:GPIODirModeSet)
                  00003522    00000002     --HOLE-- [fill = 0]
                  00003524    0000001c                   : uart.obj (.text:UARTDisable)
                  00003540    0000001a     rtsv7M4_T_le_v4SPD16_eabi.lib : cos.obj (.text)
                  0000355a    0000001a                                   : sin.obj (.text)
                  00003574    00000018     driverlib.lib : gpio.obj (.text:GPIOPinTypeGPIOOutput)
                  0000358c    00000018     rtsv7M4_T_le_v4SPD16_eabi.lib : args_main.obj (.text)
                  000035a4    00000014     driverlib.lib : uart.obj (.text:UARTEnable)
                  000035b8    00000014     rtsv7M4_T_le_v4SPD16_eabi.lib : _lock.obj (.text)
                  000035cc    00000014                                   : strlen.obj (.text)
                  000035e0    00000012     driverlib.lib : gpio.obj (.text:GPIOPinTypeSSI)
                  000035f2    00000012                   : gpio.obj (.text:GPIOPinTypeUART)
                  00003604    00000012                   : timer.obj (.text:TimerLoadSet)
                  00003616    00000012     rtsv7M4_T_le_v4SPD16_eabi.lib : copy_zero_init.obj (.text:decompress:ZI)
                  00003628    0000000e     driverlib.lib : timer.obj (.text:TimerEnable)
                  00003636    0000000e     rtsv7M4_T_le_v4SPD16_eabi.lib : copy_decompress_none.obj (.text:decompress:none)
                  00003644    0000000c     driverlib.lib : cpu.obj (.text:CPUcpsie)
                  00003650    0000000c                   : ssi.obj (.text:SSIDataGet)
                  0000365c    0000000c                   : uart.obj (.text:UARTCharsAvail)
                  00003668    0000000c     startup_ccs.obj (.text)
                  00003674    0000000a     driverlib.lib : interrupt.obj (.text:IntMasterEnable)
                  0000367e    0000000a                   : ssi.obj (.text:SSIDataPut)
                  00003688    0000000a                   : ssi.obj (.text:SSIEnable)
                  00003692    0000000a                   : uart.obj (.text:UARTCharGet)
                  0000369c    0000000a                   : uart.obj (.text:UARTCharPut)
                  000036a6    00000008                   : timer.obj (.text:TimerIntEnable)
                  000036ae    00000006                   : sysctl.obj (.text:SysCtlDelay)
                  000036b4    00000006     rtsv7M4_T_le_v4SPD16_eabi.lib : copy_decompress_rle.obj (.text:decompress:rle24)
                  000036ba    00000004     driverlib.lib : timer.obj (.text:TimerIntClear)

.const     0    000036c0    000001ec     
                  000036c0    00000090     driverlib.lib : gpio.obj (.const:g_pui32GPIOBaseAddrs)
                  00003750    00000080     rtsv7M4_T_le_v4SPD16_eabi.lib : xsin.obj (.const)
                  000037d0    00000070     driverlib.lib : interrupt.obj (.const)
                  00003840    0000006c                   : sysctl.obj (.const:g_pui32Xtals)

.cinit     0    000038b0    00000068     
                  000038b0    00000041     (.cinit..data.load) [load image, compression = rle]
                  000038f1    00000003     --HOLE-- [fill = 0]
                  000038f4    0000000c     (__TI_handler_table)
                  00003900    00000008     (.cinit..bss.load) [load image, compression = zero_init]
                  00003908    00000010     (__TI_cinit_table)

.bss       0    20000000    0000028a     UNINITIALIZED
                  20000000    00000100     USB.obj (.bss:sout)
                  20000100    00000050     main.obj (.bss:xarray)
                  20000150    00000050     main.obj (.bss:yarray)
                  200001a0    00000050     main.obj (.bss:zarray)
                  200001f0    0000000c     (.common:string)
                  200001fc    00000004     (.common:Convert)
                  20000200    00000004     (.common:Data)
                  20000204    00000004     (.common:TrueMeasure)
                  20000208    00000004     (.common:arrayk)
                  2000020c    00000004     (.common:c)
                  20000210    00000004     (.common:data)
                  20000214    00000004     (.common:dt)
                  20000218    00000004     (.common:n)
                  2000021c    00000004     (.common:s)
                  20000220    00000004     (.common:theta)
                  20000224    00000004     (.common:wmag)
                  20000228    00000004     (.common:wx)
                  2000022c    00000004     (.common:wx0)
                  20000230    00000004     (.common:wy)
                  20000234    00000004     (.common:wy0)
                  20000238    00000004     (.common:wz)
                  2000023c    00000004     (.common:wz0)
                  20000240    00000004     (.common:x0)
                  20000244    00000004     (.common:xbias)
                  20000248    00000004     (.common:xgyromeasure)
                  2000024c    00000004     (.common:xx0)
                  20000250    00000004     (.common:xy0)
                  20000254    00000004     (.common:xz0)
                  20000258    00000004     (.common:y0)
                  2000025c    00000004     (.common:ybias)
                  20000260    00000004     (.common:ygyromeasure)
                  20000264    00000004     (.common:yx0)
                  20000268    00000004     (.common:yy0)
                  2000026c    00000004     (.common:yz0)
                  20000270    00000004     (.common:z0)
                  20000274    00000004     (.common:zbias)
                  20000278    00000004     (.common:zgyromeasure)
                  2000027c    00000004     (.common:zx0)
                  20000280    00000004     (.common:zy0)
                  20000284    00000004     (.common:zz0)
                  20000288    00000001     (.common:out0)
                  20000289    00000001     (.common:state0)

.stack     0    2000028c    00000200     UNINITIALIZED
                  2000028c    00000200     --HOLE--

.data      0    20000490    00000150     UNINITIALIZED
                  20000490    000000b0     rtsv7M4_T_le_v4SPD16_eabi.lib : signal.obj (.data:sigtable)
                  20000540    00000080                                   : xvalues.obj (.data)
                  200005c0    00000008                                   : _lock.obj (.data)
                  200005c8    00000008                                   : exit.obj (.data)
                  200005d0    00000008                                   : feraiseexcept.obj (.data)
                  200005d8    00000004                                   : errno.obj (.data)
                  200005dc    00000004                                   : stkdepth_vars.obj (.data)


LINKER GENERATED COPY TABLES

__TI_cinit_table @ 00003908 records: 2, size/record: 8, table size: 16
	.data: load addr=000038b0, load size=00000041 bytes, run addr=20000490, run size=00000150 bytes, compression=rle
	.bss: load addr=00003900, load size=00000008 bytes, run addr=20000000, run size=0000028a bytes, compression=zero_init


LINKER GENERATED HANDLER TABLE

__TI_handler_table @ 000038f4 records: 3, size/record: 4, table size: 12
	index: 0, handler: __TI_decompress_rle24
	index: 1, handler: __TI_decompress_none
	index: 2, handler: __TI_zero_init


GLOBAL SYMBOLS: SORTED ALPHABETICALLY BY Name 

address    name
--------   ----
00001a01   AttitudeInit
000021a3   BT_NL_Put
000021ab   BT_NumPut
00002151   BT_UART_CharGet
0000213f   BT_UART_CharPut
00002135   BT_UART_CharsAvail
00002193   BT_UART_NLPut
0000215d   BT_UART_StrPut
00003281   C$$EXIT
00003645   CPUcpsie
200001fc   Convert
20000200   Data
0000176f   DataConversion
000034f9   GPIODirModeSet
00002787   GPIOPadConfigSet
00003165   GPIOPinConfigure
00003575   GPIOPinTypeGPIOOutput
000035e1   GPIOPinTypeSSI
000035f3   GPIOPinTypeUART
000016a7   IMUConfig
00002fa5   IntEnable
00003675   IntMasterEnable
000015c5   Power
00003669   ResetISR
UNDEFED    SHT$$INIT_ARRAY$$Base
UNDEFED    SHT$$INIT_ARRAY$$Limit
00003309   SSIConfigSetExpClk
00003651   SSIDataGet
0000367f   SSIDataPut
00003689   SSIEnable
0000164d   SSIInit
000028b9   SysCtlClockGet
00002bdd   SysCtlClockSet
000036af   SysCtlDelay
00003405   SysCtlPeripheralEnable
000002f5   Timer0IntHandler
00003065   TimerConfigure
00003629   TimerEnable
000036bb   TimerIntClear
000036a7   TimerIntEnable
00003605   TimerLoadSet
20000204   TrueMeasure
00003693   UARTCharGet
0000369d   UARTCharPut
0000365d   UARTCharsAvail
0000334b   UARTConfigSetExpClk
00003525   UARTDisable
000035a5   UARTEnable
00001f75   UARTinit
20000540   _Denorm
00002ccd   _Dnorm
000029d1   _Dscale
000032c5   _Dtest
00002f3f   _Dunscale
20000550   _Eps
200005d8   _Errno
200005d0   _Fenv
0000346d   _Feraise
20000560   _Hugeval
20000570   _Inf
20000580   _Nan
200005a0   _Rteps
00001ccd   _Sin
20000590   _Snan
200005d4   _Tls_setup__Fenv
200005b0   _Xbig
200005b8   _Zero
2000048c   __STACK_END
00000200   __STACK_SIZE
2000048c   __STACK_TOP
00003908   __TI_CINIT_Base
00003918   __TI_CINIT_Limit
000038f4   __TI_Handler_Table_Base
00003900   __TI_Handler_Table_Limit
00000001   __TI_args_main
00002e2d   __TI_auto_init
200005c8   __TI_cleanup_ptr
00003637   __TI_decompress_none
000036b5   __TI_decompress_rle24
200005cc   __TI_dtors_ptr
00000000   __TI_static_base__
00003617   __TI_zero_init
00002ec1   __aeabi_cdcmpeq
00002ec1   __aeabi_cdcmple
0000311b   __aeabi_d2f
000031f5   __aeabi_d2iz
000021ef   __aeabi_dadd
00002651   __aeabi_ddiv
00002ae1   __aeabi_dmul
000021e5   __aeabi_dsub
000033cd   __aeabi_f2d
0000349d   __aeabi_i2d
00002d91   __aeabi_memcpy
00002d91   __aeabi_memcpy4
00002d91   __aeabi_memcpy8
ffffffff   __binit__
ffffffff   __c_args__
2000028c   __stack
0000358d   _args_main
000031ad   _c_int00
200005c0   _lock
000035c7   _nop
000035bf   _register_lock
000035b9   _register_unlock
200005c4   _unlock
00003285   abort
20000208   arrayk
0000174b   avgconfig
ffffffff   binit
2000020c   c
0000323d   copy_in
00003541   cos
20000210   data
20000214   dt
0000328d   exit
00003439   feraiseexcept
0000239d   fmod
00001fe3   ftoa
00000000   g_pfnVectors
000030c1   ltoa
0000026d   main
200005dc   main_func_sp
00002d91   memcpy
000019bd   myDegPut
20000218   n
20000288   out0
00001923   printfloat
00001991   printfloata
000034cb   raise
2000021c   s
0000338d   signal
0000355b   sin
20000000   sout
00002509   sqrt
20000289   state0
200001f0   string
000035cd   strlen
20000220   theta
20000224   wmag
20000228   wx
2000022c   wx0
20000230   wy
20000234   wy0
20000238   wz
2000023c   wz0
20000240   x0
0000189f   xaccelread
20000100   xarray
00001ba7   xavg
20000244   xbias
20000248   xgyromeasure
0000179d   xgyroread
2000024c   xx0
20000250   xy0
20000254   xz0
20000258   y0
000018cb   yaccelread
20000150   yarray
00001bed   yavg
2000025c   ybias
20000260   ygyromeasure
000017f3   ygyroread
20000264   yx0
20000268   yy0
2000026c   yz0
20000270   z0
000018f7   zaccelread
200001a0   zarray
00001c33   zavg
20000274   zbias
20000278   zgyromeasure
00001849   zgyroread
2000027c   zx0
20000280   zy0
20000284   zz0


GLOBAL SYMBOLS: SORTED BY Symbol Address 

address    name
--------   ----
00000000   __TI_static_base__
00000000   g_pfnVectors
00000001   __TI_args_main
00000200   __STACK_SIZE
0000026d   main
000002f5   Timer0IntHandler
000015c5   Power
0000164d   SSIInit
000016a7   IMUConfig
0000174b   avgconfig
0000176f   DataConversion
0000179d   xgyroread
000017f3   ygyroread
00001849   zgyroread
0000189f   xaccelread
000018cb   yaccelread
000018f7   zaccelread
00001923   printfloat
00001991   printfloata
000019bd   myDegPut
00001a01   AttitudeInit
00001ba7   xavg
00001bed   yavg
00001c33   zavg
00001ccd   _Sin
00001f75   UARTinit
00001fe3   ftoa
00002135   BT_UART_CharsAvail
0000213f   BT_UART_CharPut
00002151   BT_UART_CharGet
0000215d   BT_UART_StrPut
00002193   BT_UART_NLPut
000021a3   BT_NL_Put
000021ab   BT_NumPut
000021e5   __aeabi_dsub
000021ef   __aeabi_dadd
0000239d   fmod
00002509   sqrt
00002651   __aeabi_ddiv
00002787   GPIOPadConfigSet
000028b9   SysCtlClockGet
000029d1   _Dscale
00002ae1   __aeabi_dmul
00002bdd   SysCtlClockSet
00002ccd   _Dnorm
00002d91   __aeabi_memcpy
00002d91   __aeabi_memcpy4
00002d91   __aeabi_memcpy8
00002d91   memcpy
00002e2d   __TI_auto_init
00002ec1   __aeabi_cdcmpeq
00002ec1   __aeabi_cdcmple
00002f3f   _Dunscale
00002fa5   IntEnable
00003065   TimerConfigure
000030c1   ltoa
0000311b   __aeabi_d2f
00003165   GPIOPinConfigure
000031ad   _c_int00
000031f5   __aeabi_d2iz
0000323d   copy_in
00003281   C$$EXIT
00003285   abort
0000328d   exit
000032c5   _Dtest
00003309   SSIConfigSetExpClk
0000334b   UARTConfigSetExpClk
0000338d   signal
000033cd   __aeabi_f2d
00003405   SysCtlPeripheralEnable
00003439   feraiseexcept
0000346d   _Feraise
0000349d   __aeabi_i2d
000034cb   raise
000034f9   GPIODirModeSet
00003525   UARTDisable
00003541   cos
0000355b   sin
00003575   GPIOPinTypeGPIOOutput
0000358d   _args_main
000035a5   UARTEnable
000035b9   _register_unlock
000035bf   _register_lock
000035c7   _nop
000035cd   strlen
000035e1   GPIOPinTypeSSI
000035f3   GPIOPinTypeUART
00003605   TimerLoadSet
00003617   __TI_zero_init
00003629   TimerEnable
00003637   __TI_decompress_none
00003645   CPUcpsie
00003651   SSIDataGet
0000365d   UARTCharsAvail
00003669   ResetISR
00003675   IntMasterEnable
0000367f   SSIDataPut
00003689   SSIEnable
00003693   UARTCharGet
0000369d   UARTCharPut
000036a7   TimerIntEnable
000036af   SysCtlDelay
000036b5   __TI_decompress_rle24
000036bb   TimerIntClear
000038f4   __TI_Handler_Table_Base
00003900   __TI_Handler_Table_Limit
00003908   __TI_CINIT_Base
00003918   __TI_CINIT_Limit
20000000   sout
20000100   xarray
20000150   yarray
200001a0   zarray
200001f0   string
200001fc   Convert
20000200   Data
20000204   TrueMeasure
20000208   arrayk
2000020c   c
20000210   data
20000214   dt
20000218   n
2000021c   s
20000220   theta
20000224   wmag
20000228   wx
2000022c   wx0
20000230   wy
20000234   wy0
20000238   wz
2000023c   wz0
20000240   x0
20000244   xbias
20000248   xgyromeasure
2000024c   xx0
20000250   xy0
20000254   xz0
20000258   y0
2000025c   ybias
20000260   ygyromeasure
20000264   yx0
20000268   yy0
2000026c   yz0
20000270   z0
20000274   zbias
20000278   zgyromeasure
2000027c   zx0
20000280   zy0
20000284   zz0
20000288   out0
20000289   state0
2000028c   __stack
2000048c   __STACK_END
2000048c   __STACK_TOP
20000540   _Denorm
20000550   _Eps
20000560   _Hugeval
20000570   _Inf
20000580   _Nan
20000590   _Snan
200005a0   _Rteps
200005b0   _Xbig
200005b8   _Zero
200005c0   _lock
200005c4   _unlock
200005c8   __TI_cleanup_ptr
200005cc   __TI_dtors_ptr
200005d0   _Fenv
200005d4   _Tls_setup__Fenv
200005d8   _Errno
200005dc   main_func_sp
ffffffff   __binit__
ffffffff   __c_args__
ffffffff   binit
UNDEFED    SHT$$INIT_ARRAY$$Base
UNDEFED    SHT$$INIT_ARRAY$$Limit

[175 symbols]
