******************************************************************************
                  TI ARM Linker PC v5.1.1                      
******************************************************************************
>> Linked Thu May 15 16:34:23 2014

OUTPUT FILE NAME:   <ECE_4335_IMU_DRIVER0_working_primaryC_.out>
ENTRY POINT SYMBOL: "_c_int00"  address: 00003199


MEMORY CONFIGURATION

         name            origin    length      used     unused   attr    fill
----------------------  --------  ---------  --------  --------  ----  --------
  FLASH                 00000000   00040000  000038fe  0003c702  R  X
  SRAM                  20000000   00008000  000005da  00007a26  RW X


SEGMENT ALLOCATION MAP

run origin  load origin   length   init length attrs members
----------  ----------- ---------- ----------- ----- -------
00000000    00000000    00003908   00003908    r-x
  00000000    00000000    0000026c   0000026c    r-- .intvecs
  0000026c    0000026c    0000343e   0000343e    r-x .text
  000036b0    000036b0    000001ec   000001ec    r-- .const
  000038a0    000038a0    00000068   00000068    r-- .cinit
20000000    20000000    000005e0   00000000    rw-
  20000000    20000000    0000028a   00000000    rw- .bss
  2000028c    2000028c    00000200   00000000    rw- .stack
  20000490    20000490    00000150   00000000    rw- .data


SECTION ALLOCATION MAP

 output                                  attributes/
section   page    origin      length       input sections
--------  ----  ----------  ----------   ----------------
.intvecs   0    00000000    0000026c     
                  00000000    0000026c     startup_ccs.obj (.intvecs)

.init_array 
*          0    00000000    00000000     UNINITIALIZED

.text      0    0000026c    0000343e     
                  0000026c    000013cc     main.obj (.text)
                  00001638    000003b4     IMU.obj (.text)
                  000019ec    000002cc     attitude.obj (.text)
                  00001cb8    000002a8     rtsv7M4_T_le_v4SPD16_eabi.lib : xsin.obj (.text)
                  00001f60    00000270     USB.obj (.text)
                  000021d0    000001b6     rtsv7M4_T_le_v4SPD16_eabi.lib : fd_add_t2.obj (.text)
                  00002386    00000002     --HOLE-- [fill = 0]
                  00002388    0000016c                                   : fmod.obj (.text)
                  000024f4    00000148                                   : sqrt.obj (.text)
                  0000263c    00000136                                   : fd_div_t2.obj (.text)
                  00002772    00000130     driverlib.lib : gpio.obj (.text:GPIOPadConfigSet)
                  000028a2    00000002     --HOLE-- [fill = 0]
                  000028a4    00000118                   : sysctl.obj (.text:SysCtlClockGet)
                  000029bc    00000110     rtsv7M4_T_le_v4SPD16_eabi.lib : xdscale.obj (.text)
                  00002acc    000000fc                                   : fd_mul_t2.obj (.text)
                  00002bc8    000000f0     driverlib.lib : sysctl.obj (.text:SysCtlClockSet)
                  00002cb8    000000c4     rtsv7M4_T_le_v4SPD16_eabi.lib : xdnorm.obj (.text)
                  00002d7c    0000009c                                   : memcpy_t2.obj (.text)
                  00002e18    00000094                                   : auto_init.obj (.text)
                  00002eac    0000007e                                   : fd_cmp_t2.obj (.text:__aeabi_cdcmple)
                  00002f2a    00000064                                   : xdunscal.obj (.text)
                  00002f8e    00000002     --HOLE-- [fill = 0]
                  00002f90    00000060     driverlib.lib : interrupt.obj (.text:IntEnable)
                  00002ff0    0000005e     rtsv7M4_T_le_v4SPD16_eabi.lib : copy_decompress_rle.obj (.text)
                  0000304e    00000002     --HOLE-- [fill = 0]
                  00003050    0000005c     driverlib.lib : timer.obj (.text:TimerConfigure)
                  000030ac    0000005a     rtsv7M4_T_le_v4SPD16_eabi.lib : ltoa.obj (.text)
                  00003106    0000004a                                   : fd_tos_t2.obj (.text)
                  00003150    00000048     driverlib.lib : gpio.obj (.text:GPIOPinConfigure)
                  00003198    00000048     rtsv7M4_T_le_v4SPD16_eabi.lib : boot.obj (.text)
                  000031e0    00000048                                   : fd_toi_t2.obj (.text)
                  00003228    00000044                                   : cpy_tbl.obj (.text)
                  0000326c    00000044                                   : exit.obj (.text)
                  000032b0    00000044                                   : xdtest.obj (.text)
                  000032f4    00000042     driverlib.lib : ssi.obj (.text:SSIConfigSetExpClk)
                  00003336    00000040                   : uart.obj (.text:UARTConfigSetExpClk)
                  00003376    00000002     --HOLE-- [fill = 0]
                  00003378    00000040     rtsv7M4_T_le_v4SPD16_eabi.lib : signal.obj (.text)
                  000033b8    00000038                                   : fs_tod_t2.obj (.text)
                  000033f0    00000034     driverlib.lib : sysctl.obj (.text:SysCtlPeripheralEnable)
                  00003424    00000034     rtsv7M4_T_le_v4SPD16_eabi.lib : feraiseexcept.obj (.text)
                  00003458    00000030                                   : xferaise.obj (.text)
                  00003488    0000002e                                   : i_tofd_t2.obj (.text)
                  000034b6    0000002e                                   : raise.obj (.text)
                  000034e4    0000002a     driverlib.lib : gpio.obj (.text:GPIODirModeSet)
                  0000350e    00000002     --HOLE-- [fill = 0]
                  00003510    0000001c                   : uart.obj (.text:UARTDisable)
                  0000352c    0000001a     rtsv7M4_T_le_v4SPD16_eabi.lib : cos.obj (.text)
                  00003546    0000001a                                   : sin.obj (.text)
                  00003560    00000018     driverlib.lib : gpio.obj (.text:GPIOPinTypeGPIOOutput)
                  00003578    00000018     rtsv7M4_T_le_v4SPD16_eabi.lib : args_main.obj (.text)
                  00003590    00000014     driverlib.lib : uart.obj (.text:UARTEnable)
                  000035a4    00000014     rtsv7M4_T_le_v4SPD16_eabi.lib : _lock.obj (.text)
                  000035b8    00000014                                   : strlen.obj (.text)
                  000035cc    00000012     driverlib.lib : gpio.obj (.text:GPIOPinTypeSSI)
                  000035de    00000012                   : gpio.obj (.text:GPIOPinTypeUART)
                  000035f0    00000012                   : timer.obj (.text:TimerLoadSet)
                  00003602    00000012     rtsv7M4_T_le_v4SPD16_eabi.lib : copy_zero_init.obj (.text:decompress:ZI)
                  00003614    0000000e     driverlib.lib : timer.obj (.text:TimerEnable)
                  00003622    0000000e     rtsv7M4_T_le_v4SPD16_eabi.lib : copy_decompress_none.obj (.text:decompress:none)
                  00003630    0000000c     driverlib.lib : cpu.obj (.text:CPUcpsie)
                  0000363c    0000000c                   : ssi.obj (.text:SSIDataGet)
                  00003648    0000000c                   : uart.obj (.text:UARTCharsAvail)
                  00003654    0000000c     startup_ccs.obj (.text)
                  00003660    0000000a     driverlib.lib : interrupt.obj (.text:IntMasterEnable)
                  0000366a    0000000a                   : ssi.obj (.text:SSIDataPut)
                  00003674    0000000a                   : ssi.obj (.text:SSIEnable)
                  0000367e    0000000a                   : uart.obj (.text:UARTCharGet)
                  00003688    0000000a                   : uart.obj (.text:UARTCharPut)
                  00003692    00000008                   : timer.obj (.text:TimerIntEnable)
                  0000369a    00000006                   : sysctl.obj (.text:SysCtlDelay)
                  000036a0    00000006     rtsv7M4_T_le_v4SPD16_eabi.lib : copy_decompress_rle.obj (.text:decompress:rle24)
                  000036a6    00000004     driverlib.lib : timer.obj (.text:TimerIntClear)

.const     0    000036b0    000001ec     
                  000036b0    00000090     driverlib.lib : gpio.obj (.const:g_pui32GPIOBaseAddrs)
                  00003740    00000080     rtsv7M4_T_le_v4SPD16_eabi.lib : xsin.obj (.const)
                  000037c0    00000070     driverlib.lib : interrupt.obj (.const)
                  00003830    0000006c                   : sysctl.obj (.const:g_pui32Xtals)

.cinit     0    000038a0    00000068     
                  000038a0    00000041     (.cinit..data.load) [load image, compression = rle]
                  000038e1    00000003     --HOLE-- [fill = 0]
                  000038e4    0000000c     (__TI_handler_table)
                  000038f0    00000008     (.cinit..bss.load) [load image, compression = zero_init]
                  000038f8    00000010     (__TI_cinit_table)

.bss       0    20000000    0000028a     UNINITIALIZED
                  20000000    00000100     USB.obj (.bss:sout)
                  20000100    00000050     main.obj (.bss:xarray)
                  20000150    00000050     main.obj (.bss:yarray)
                  200001a0    00000050     main.obj (.bss:zarray)
                  200001f0    0000000c     (.common:string)
                  200001fc    00000004     (.common:Convert)
                  20000200    00000004     (.common:Data)
                  20000204    00000004     (.common:TrueMeasure)
                  20000208    00000004     (.common:arrayk)
                  2000020c    00000004     (.common:c)
                  20000210    00000004     (.common:data)
                  20000214    00000004     (.common:dt)
                  20000218    00000004     (.common:n)
                  2000021c    00000004     (.common:s)
                  20000220    00000004     (.common:theta)
                  20000224    00000004     (.common:wmag)
                  20000228    00000004     (.common:wx)
                  2000022c    00000004     (.common:wx0)
                  20000230    00000004     (.common:wy)
                  20000234    00000004     (.common:wy0)
                  20000238    00000004     (.common:wz)
                  2000023c    00000004     (.common:wz0)
                  20000240    00000004     (.common:x0)
                  20000244    00000004     (.common:xbias)
                  20000248    00000004     (.common:xgyromeasure)
                  2000024c    00000004     (.common:xx0)
                  20000250    00000004     (.common:xy0)
                  20000254    00000004     (.common:xz0)
                  20000258    00000004     (.common:y0)
                  2000025c    00000004     (.common:ybias)
                  20000260    00000004     (.common:ygyromeasure)
                  20000264    00000004     (.common:yx0)
                  20000268    00000004     (.common:yy0)
                  2000026c    00000004     (.common:yz0)
                  20000270    00000004     (.common:z0)
                  20000274    00000004     (.common:zbias)
                  20000278    00000004     (.common:zgyromeasure)
                  2000027c    00000004     (.common:zx0)
                  20000280    00000004     (.common:zy0)
                  20000284    00000004     (.common:zz0)
                  20000288    00000001     (.common:out0)
                  20000289    00000001     (.common:state0)

.stack     0    2000028c    00000200     UNINITIALIZED
                  2000028c    00000200     --HOLE--

.data      0    20000490    00000150     UNINITIALIZED
                  20000490    000000b0     rtsv7M4_T_le_v4SPD16_eabi.lib : signal.obj (.data:sigtable)
                  20000540    00000080                                   : xvalues.obj (.data)
                  200005c0    00000008                                   : _lock.obj (.data)
                  200005c8    00000008                                   : exit.obj (.data)
                  200005d0    00000008                                   : feraiseexcept.obj (.data)
                  200005d8    00000004                                   : errno.obj (.data)
                  200005dc    00000004                                   : stkdepth_vars.obj (.data)


LINKER GENERATED COPY TABLES

__TI_cinit_table @ 000038f8 records: 2, size/record: 8, table size: 16
	.data: load addr=000038a0, load size=00000041 bytes, run addr=20000490, run size=00000150 bytes, compression=rle
	.bss: load addr=000038f0, load size=00000008 bytes, run addr=20000000, run size=0000028a bytes, compression=zero_init


LINKER GENERATED HANDLER TABLE

__TI_handler_table @ 000038e4 records: 3, size/record: 4, table size: 12
	index: 0, handler: __TI_decompress_rle24
	index: 1, handler: __TI_decompress_none
	index: 2, handler: __TI_zero_init


GLOBAL SYMBOLS: SORTED ALPHABETICALLY BY Name 

address    name
--------   ----
000019ed   AttitudeInit
0000218f   BT_NL_Put
00002197   BT_NumPut
0000213d   BT_UART_CharGet
0000212b   BT_UART_CharPut
00002121   BT_UART_CharsAvail
0000217f   BT_UART_NLPut
00002149   BT_UART_StrPut
0000326d   C$$EXIT
00003631   CPUcpsie
200001fc   Convert
20000200   Data
0000175b   DataConversion
000034e5   GPIODirModeSet
00002773   GPIOPadConfigSet
00003151   GPIOPinConfigure
00003561   GPIOPinTypeGPIOOutput
000035cd   GPIOPinTypeSSI
000035df   GPIOPinTypeUART
00001693   IMUConfig
00002f91   IntEnable
00003661   IntMasterEnable
000015b1   Power
00003655   ResetISR
UNDEFED    SHT$$INIT_ARRAY$$Base
UNDEFED    SHT$$INIT_ARRAY$$Limit
000032f5   SSIConfigSetExpClk
0000363d   SSIDataGet
0000366b   SSIDataPut
00003675   SSIEnable
00001639   SSIInit
000028a5   SysCtlClockGet
00002bc9   SysCtlClockSet
0000369b   SysCtlDelay
000033f1   SysCtlPeripheralEnable
000002f9   Timer0IntHandler
00003051   TimerConfigure
00003615   TimerEnable
000036a7   TimerIntClear
00003693   TimerIntEnable
000035f1   TimerLoadSet
20000204   TrueMeasure
0000367f   UARTCharGet
00003689   UARTCharPut
00003649   UARTCharsAvail
00003337   UARTConfigSetExpClk
00003511   UARTDisable
00003591   UARTEnable
00001f61   UARTinit
20000540   _Denorm
00002cb9   _Dnorm
000029bd   _Dscale
000032b1   _Dtest
00002f2b   _Dunscale
20000550   _Eps
200005d8   _Errno
200005d0   _Fenv
00003459   _Feraise
20000560   _Hugeval
20000570   _Inf
20000580   _Nan
200005a0   _Rteps
00001cb9   _Sin
20000590   _Snan
200005d4   _Tls_setup__Fenv
200005b0   _Xbig
200005b8   _Zero
2000048c   __STACK_END
00000200   __STACK_SIZE
2000048c   __STACK_TOP
000038f8   __TI_CINIT_Base
00003908   __TI_CINIT_Limit
000038e4   __TI_Handler_Table_Base
000038f0   __TI_Handler_Table_Limit
00000001   __TI_args_main
00002e19   __TI_auto_init
200005c8   __TI_cleanup_ptr
00003623   __TI_decompress_none
000036a1   __TI_decompress_rle24
200005cc   __TI_dtors_ptr
00000000   __TI_static_base__
00003603   __TI_zero_init
00002ead   __aeabi_cdcmpeq
00002ead   __aeabi_cdcmple
00003107   __aeabi_d2f
000031e1   __aeabi_d2iz
000021db   __aeabi_dadd
0000263d   __aeabi_ddiv
00002acd   __aeabi_dmul
000021d1   __aeabi_dsub
000033b9   __aeabi_f2d
00003489   __aeabi_i2d
00002d7d   __aeabi_memcpy
00002d7d   __aeabi_memcpy4
00002d7d   __aeabi_memcpy8
ffffffff   __binit__
ffffffff   __c_args__
2000028c   __stack
00003579   _args_main
00003199   _c_int00
200005c0   _lock
000035b3   _nop
000035ab   _register_lock
000035a5   _register_unlock
200005c4   _unlock
00003271   abort
20000208   arrayk
00001737   avgconfig
ffffffff   binit
2000020c   c
00003229   copy_in
0000352d   cos
20000210   data
20000214   dt
00003279   exit
00003425   feraiseexcept
00002389   fmod
00001fcf   ftoa
00000000   g_pfnVectors
000030ad   ltoa
0000026d   main
200005dc   main_func_sp
00002d7d   memcpy
000019a9   myDegPut
20000218   n
20000288   out0
0000190f   printfloat
0000197d   printfloata
000034b7   raise
2000021c   s
00003379   signal
00003547   sin
20000000   sout
000024f5   sqrt
20000289   state0
200001f0   string
000035b9   strlen
20000220   theta
20000224   wmag
20000228   wx
2000022c   wx0
20000230   wy
20000234   wy0
20000238   wz
2000023c   wz0
20000240   x0
0000188b   xaccelread
20000100   xarray
00001b93   xavg
20000244   xbias
20000248   xgyromeasure
00001789   xgyroread
2000024c   xx0
20000250   xy0
20000254   xz0
20000258   y0
000018b7   yaccelread
20000150   yarray
00001bd9   yavg
2000025c   ybias
20000260   ygyromeasure
000017df   ygyroread
20000264   yx0
20000268   yy0
2000026c   yz0
20000270   z0
000018e3   zaccelread
200001a0   zarray
00001c1f   zavg
20000274   zbias
20000278   zgyromeasure
00001835   zgyroread
2000027c   zx0
20000280   zy0
20000284   zz0


GLOBAL SYMBOLS: SORTED BY Symbol Address 

address    name
--------   ----
00000000   __TI_static_base__
00000000   g_pfnVectors
00000001   __TI_args_main
00000200   __STACK_SIZE
0000026d   main
000002f9   Timer0IntHandler
000015b1   Power
00001639   SSIInit
00001693   IMUConfig
00001737   avgconfig
0000175b   DataConversion
00001789   xgyroread
000017df   ygyroread
00001835   zgyroread
0000188b   xaccelread
000018b7   yaccelread
000018e3   zaccelread
0000190f   printfloat
0000197d   printfloata
000019a9   myDegPut
000019ed   AttitudeInit
00001b93   xavg
00001bd9   yavg
00001c1f   zavg
00001cb9   _Sin
00001f61   UARTinit
00001fcf   ftoa
00002121   BT_UART_CharsAvail
0000212b   BT_UART_CharPut
0000213d   BT_UART_CharGet
00002149   BT_UART_StrPut
0000217f   BT_UART_NLPut
0000218f   BT_NL_Put
00002197   BT_NumPut
000021d1   __aeabi_dsub
000021db   __aeabi_dadd
00002389   fmod
000024f5   sqrt
0000263d   __aeabi_ddiv
00002773   GPIOPadConfigSet
000028a5   SysCtlClockGet
000029bd   _Dscale
00002acd   __aeabi_dmul
00002bc9   SysCtlClockSet
00002cb9   _Dnorm
00002d7d   __aeabi_memcpy
00002d7d   __aeabi_memcpy4
00002d7d   __aeabi_memcpy8
00002d7d   memcpy
00002e19   __TI_auto_init
00002ead   __aeabi_cdcmpeq
00002ead   __aeabi_cdcmple
00002f2b   _Dunscale
00002f91   IntEnable
00003051   TimerConfigure
000030ad   ltoa
00003107   __aeabi_d2f
00003151   GPIOPinConfigure
00003199   _c_int00
000031e1   __aeabi_d2iz
00003229   copy_in
0000326d   C$$EXIT
00003271   abort
00003279   exit
000032b1   _Dtest
000032f5   SSIConfigSetExpClk
00003337   UARTConfigSetExpClk
00003379   signal
000033b9   __aeabi_f2d
000033f1   SysCtlPeripheralEnable
00003425   feraiseexcept
00003459   _Feraise
00003489   __aeabi_i2d
000034b7   raise
000034e5   GPIODirModeSet
00003511   UARTDisable
0000352d   cos
00003547   sin
00003561   GPIOPinTypeGPIOOutput
00003579   _args_main
00003591   UARTEnable
000035a5   _register_unlock
000035ab   _register_lock
000035b3   _nop
000035b9   strlen
000035cd   GPIOPinTypeSSI
000035df   GPIOPinTypeUART
000035f1   TimerLoadSet
00003603   __TI_zero_init
00003615   TimerEnable
00003623   __TI_decompress_none
00003631   CPUcpsie
0000363d   SSIDataGet
00003649   UARTCharsAvail
00003655   ResetISR
00003661   IntMasterEnable
0000366b   SSIDataPut
00003675   SSIEnable
0000367f   UARTCharGet
00003689   UARTCharPut
00003693   TimerIntEnable
0000369b   SysCtlDelay
000036a1   __TI_decompress_rle24
000036a7   TimerIntClear
000038e4   __TI_Handler_Table_Base
000038f0   __TI_Handler_Table_Limit
000038f8   __TI_CINIT_Base
00003908   __TI_CINIT_Limit
20000000   sout
20000100   xarray
20000150   yarray
200001a0   zarray
200001f0   string
200001fc   Convert
20000200   Data
20000204   TrueMeasure
20000208   arrayk
2000020c   c
20000210   data
20000214   dt
20000218   n
2000021c   s
20000220   theta
20000224   wmag
20000228   wx
2000022c   wx0
20000230   wy
20000234   wy0
20000238   wz
2000023c   wz0
20000240   x0
20000244   xbias
20000248   xgyromeasure
2000024c   xx0
20000250   xy0
20000254   xz0
20000258   y0
2000025c   ybias
20000260   ygyromeasure
20000264   yx0
20000268   yy0
2000026c   yz0
20000270   z0
20000274   zbias
20000278   zgyromeasure
2000027c   zx0
20000280   zy0
20000284   zz0
20000288   out0
20000289   state0
2000028c   __stack
2000048c   __STACK_END
2000048c   __STACK_TOP
20000540   _Denorm
20000550   _Eps
20000560   _Hugeval
20000570   _Inf
20000580   _Nan
20000590   _Snan
200005a0   _Rteps
200005b0   _Xbig
200005b8   _Zero
200005c0   _lock
200005c4   _unlock
200005c8   __TI_cleanup_ptr
200005cc   __TI_dtors_ptr
200005d0   _Fenv
200005d4   _Tls_setup__Fenv
200005d8   _Errno
200005dc   main_func_sp
ffffffff   __binit__
ffffffff   __c_args__
ffffffff   binit
UNDEFED    SHT$$INIT_ARRAY$$Base
UNDEFED    SHT$$INIT_ARRAY$$Limit

[175 symbols]
