******************************************************************************
                  TI ARM Linker PC v5.1.1                      
******************************************************************************
>> Linked Sat Mar 01 21:04:41 2014

OUTPUT FILE NAME:   <ECE_4335_IMU_DRIVER0a.out>
ENTRY POINT SYMBOL: "_c_int00"  address: 000010a9


MEMORY CONFIGURATION

         name            origin    length      used     unused   attr    fill
----------------------  --------  ---------  --------  --------  ----  --------
  FLASH                 00000000   00040000  000015d0  0003ea30  R  X
  SRAM                  20000000   00008000  0000033d  00007cc3  RW X


SEGMENT ALLOCATION MAP

run origin  load origin   length   init length attrs members
----------  ----------- ---------- ----------- ----- -------
00000000    00000000    000015d0   000015d0    r-x
  00000000    00000000    0000026c   0000026c    r-- .intvecs
  0000026c    0000026c    000011c0   000011c0    r-x .text
  0000142c    0000142c    0000016c   0000016c    r-- .const
  00001598    00001598    00000038   00000038    r-- .cinit
20000000    20000000    00000340   00000000    rw-
  20000000    20000000    00000200   00000000    rw- .stack
  20000200    20000200    00000129   00000000    rw- .bss
  2000032c    2000032c    00000014   00000000    rw- .data


SECTION ALLOCATION MAP

 output                                  attributes/
section   page    origin      length       input sections
--------  ----  ----------  ----------   ----------------
.intvecs   0    00000000    0000026c     
                  00000000    0000026c     startup_ccs.obj (.intvecs)

.init_array 
*          0    00000000    00000000     UNINITIALIZED

.text      0    0000026c    000011c0     
                  0000026c    0000030c     IMU.obj (.text)
                  00000578    00000208     main.obj (.text)
                  00000780    00000130     driverlib.lib : gpio.obj (.text:GPIOPadConfigSet)
                  000008b0    00000118     USB.obj (.text)
                  000009c8    00000104     driverlib.lib : sysctl.obj (.text:SysCtlClockSet)
                  00000acc    000000fc     rtsv7M4_T_le_v4SPD16_eabi.lib : fd_mul_t2.obj (.text)
                  00000bc8    000000e0     btuart.obj (.text)
                  00000ca8    000000c8     driverlib.lib : sysctl.obj (.text:SysCtlClockGet)
                  00000d70    0000009c     rtsv7M4_T_le_v4SPD16_eabi.lib : memcpy_t2.obj (.text)
                  00000e0c    00000094                                   : auto_init.obj (.text)
                  00000ea0    00000060     driverlib.lib : interrupt.obj (.text:IntEnable)
                  00000f00    0000005e     rtsv7M4_T_le_v4SPD16_eabi.lib : copy_decompress_rle.obj (.text)
                  00000f5e    00000002     --HOLE-- [fill = 0]
                  00000f60    0000005c     driverlib.lib : timer.obj (.text:TimerConfigure)
                  00000fbc    0000005a     rtsv7M4_T_le_v4SPD16_eabi.lib : ltoa.obj (.text)
                  00001016    0000004a                                   : fd_tos_t2.obj (.text)
                  00001060    00000048     driverlib.lib : gpio.obj (.text:GPIOPinConfigure)
                  000010a8    00000048     rtsv7M4_T_le_v4SPD16_eabi.lib : boot.obj (.text)
                  000010f0    00000044                                   : cpy_tbl.obj (.text)
                  00001134    00000044                                   : exit.obj (.text)
                  00001178    00000042     driverlib.lib : ssi.obj (.text:SSIConfigSetExpClk)
                  000011ba    00000040                   : uart.obj (.text:UARTConfigSetExpClk)
                  000011fa    00000038     rtsv7M4_T_le_v4SPD16_eabi.lib : fs_tod_t2.obj (.text)
                  00001232    00000002     --HOLE-- [fill = 0]
                  00001234    00000034     driverlib.lib : sysctl.obj (.text:SysCtlPeripheralEnable)
                  00001268    0000002e     rtsv7M4_T_le_v4SPD16_eabi.lib : i_tofd_t2.obj (.text)
                  00001296    0000002a     driverlib.lib : gpio.obj (.text:GPIODirModeSet)
                  000012c0    0000001c                   : uart.obj (.text:UARTDisable)
                  000012dc    00000018                   : gpio.obj (.text:GPIOPinTypeGPIOOutput)
                  000012f4    00000018     rtsv7M4_T_le_v4SPD16_eabi.lib : args_main.obj (.text)
                  0000130c    00000014     driverlib.lib : uart.obj (.text:UARTEnable)
                  00001320    00000014     rtsv7M4_T_le_v4SPD16_eabi.lib : _lock.obj (.text)
                  00001334    00000014                                   : strlen.obj (.text)
                  00001348    00000012     driverlib.lib : gpio.obj (.text:GPIOPinTypeSSI)
                  0000135a    00000012                   : gpio.obj (.text:GPIOPinTypeUART)
                  0000136c    00000012                   : timer.obj (.text:TimerLoadSet)
                  0000137e    00000012     rtsv7M4_T_le_v4SPD16_eabi.lib : copy_zero_init.obj (.text:decompress:ZI)
                  00001390    0000000e     driverlib.lib : timer.obj (.text:TimerEnable)
                  0000139e    0000000e     rtsv7M4_T_le_v4SPD16_eabi.lib : copy_decompress_none.obj (.text:decompress:none)
                  000013ac    0000000c     driverlib.lib : cpu.obj (.text:CPUcpsie)
                  000013b8    0000000c                   : ssi.obj (.text:SSIDataGet)
                  000013c4    0000000c                   : uart.obj (.text:UARTCharsAvail)
                  000013d0    0000000c     startup_ccs.obj (.text)
                  000013dc    0000000a     driverlib.lib : interrupt.obj (.text:IntMasterEnable)
                  000013e6    0000000a                   : ssi.obj (.text:SSIDataPut)
                  000013f0    0000000a                   : ssi.obj (.text:SSIEnable)
                  000013fa    0000000a                   : uart.obj (.text:UARTCharGet)
                  00001404    0000000a                   : uart.obj (.text:UARTCharPut)
                  0000140e    00000008                   : timer.obj (.text:TimerIntEnable)
                  00001416    00000006                   : gpio.obj (.text:GPIOPinWrite)
                  0000141c    00000006                   : sysctl.obj (.text:SysCtlDelay)
                  00001422    00000006     rtsv7M4_T_le_v4SPD16_eabi.lib : copy_decompress_rle.obj (.text:decompress:rle24)
                  00001428    00000004     driverlib.lib : timer.obj (.text:TimerIntClear)

.const     0    0000142c    0000016c     
                  0000142c    00000090     driverlib.lib : gpio.obj (.const:g_pui32GPIOBaseAddrs)
                  000014bc    00000070                   : interrupt.obj (.const)
                  0000152c    0000006c                   : sysctl.obj (.const:g_pui32Xtals)

.cinit     0    00001598    00000038     
                  00001598    0000000f     (.cinit..data.load) [load image, compression = rle]
                  000015a7    00000001     --HOLE-- [fill = 0]
                  000015a8    0000000c     (__TI_handler_table)
                  000015b4    00000004     --HOLE-- [fill = 0]
                  000015b8    00000008     (.cinit..bss.load) [load image, compression = zero_init]
                  000015c0    00000010     (__TI_cinit_table)

.stack     0    20000000    00000200     UNINITIALIZED
                  20000000    00000200     --HOLE--

.bss       0    20000200    00000129     UNINITIALIZED
                  20000200    00000100     btuart.obj (.bss:sout)
                  20000300    0000000c     (.common:sout1)
                  2000030c    00000004     (.common:Convert)
                  20000310    00000004     (.common:Data)
                  20000314    00000004     (.common:TrueMeasure)
                  20000318    00000004     (.common:n)
                  2000031c    00000004     (.common:xgyromeasure)
                  20000320    00000004     (.common:ygyromeasure)
                  20000324    00000004     (.common:zgyromeasure)
                  20000328    00000001     (.common:state0)

.data      0    2000032c    00000014     UNINITIALIZED
                  2000032c    00000008     rtsv7M4_T_le_v4SPD16_eabi.lib : _lock.obj (.data)
                  20000334    00000008                                   : exit.obj (.data)
                  2000033c    00000004                                   : stkdepth_vars.obj (.data)


LINKER GENERATED COPY TABLES

__TI_cinit_table @ 000015c0 records: 2, size/record: 8, table size: 16
	.data: load addr=00001598, load size=0000000f bytes, run addr=2000032c, run size=00000014 bytes, compression=rle
	.bss: load addr=000015b8, load size=00000008 bytes, run addr=20000200, run size=00000129 bytes, compression=zero_init


LINKER GENERATED HANDLER TABLE

__TI_handler_table @ 000015a8 records: 3, size/record: 4, table size: 12
	index: 0, handler: __TI_decompress_rle24
	index: 1, handler: __TI_decompress_none
	index: 2, handler: __TI_zero_init


GLOBAL SYMBOLS: SORTED ALPHABETICALLY BY Name 

address    name
--------   ----
00000c6f   BT_NL_Put
00000c77   BT_NumPut
00000c1d   BT_UART_CharGet
00000c0b   BT_UART_CharPut
00000c01   BT_UART_CharsAvail
00000c5f   BT_UART_NLPut
00000c29   BT_UART_StrPut
00001135   C$$EXIT
000013ad   CPUcpsie
2000030c   Convert
20000310   Data
000002eb   DataConversion
00001297   GPIODirModeSet
00000781   GPIOPadConfigSet
00001061   GPIOPinConfigure
000012dd   GPIOPinTypeGPIOOutput
00001349   GPIOPinTypeSSI
0000135b   GPIOPinTypeUART
00001417   GPIOPinWrite
00000ea1   IntEnable
000013dd   IntMasterEnable
000013d1   ResetISR
UNDEFED    SHT$$INIT_ARRAY$$Base
UNDEFED    SHT$$INIT_ARRAY$$Limit
00001179   SSIConfigSetExpClk
000013b9   SSIDataGet
000013e7   SSIDataPut
000013f1   SSIEnable
0000026d   SSIInit
00000ca9   SysCtlClockGet
000009c9   SysCtlClockSet
0000141d   SysCtlDelay
00001235   SysCtlPeripheralEnable
00000647   Timer0IntHandler
00000f61   TimerConfigure
00001391   TimerEnable
00001429   TimerIntClear
0000140f   TimerIntEnable
0000136d   TimerLoadSet
20000314   TrueMeasure
000013fb   UARTCharGet
00001405   UARTCharPut
000013c5   UARTCharsAvail
000011bb   UARTConfigSetExpClk
000012c1   UARTDisable
0000130d   UARTEnable
000008b1   UARTinit
0000091f   USB_NL_Put
00000979   USB_UART_CharPut
0000092f   USB_UART_StrPut
20000200   __STACK_END
00000200   __STACK_SIZE
20000200   __STACK_TOP
000015c0   __TI_CINIT_Base
000015d0   __TI_CINIT_Limit
000015a8   __TI_Handler_Table_Base
000015b4   __TI_Handler_Table_Limit
00000001   __TI_args_main
00000e0d   __TI_auto_init
20000334   __TI_cleanup_ptr
0000139f   __TI_decompress_none
00001423   __TI_decompress_rle24
20000338   __TI_dtors_ptr
00000000   __TI_static_base__
0000137f   __TI_zero_init
00001017   __aeabi_d2f
00000acd   __aeabi_dmul
000011fb   __aeabi_f2d
00001269   __aeabi_i2d
00000d71   __aeabi_memcpy
00000d71   __aeabi_memcpy4
00000d71   __aeabi_memcpy8
ffffffff   __binit__
ffffffff   __c_args__
20000000   __stack
000012f5   _args_main
000010a9   _c_int00
2000032c   _lock
0000132f   _nop
00001327   _register_lock
00001321   _register_unlock
20000330   _unlock
00001139   abort
000002c7   avgconfig
ffffffff   binit
00000bc9   btuart_init
000010f1   copy_in
00001141   exit
00000000   g_pfnVectors
00000fbd   ltoa
00000579   main
2000033c   main_func_sp
00000d71   memcpy
00000529   myDegPut
0000098b   myNumPut
20000318   n
0000049f   printfloat
00000505   printfloata
20000200   sout
20000300   sout1
20000328   state0
00001335   strlen
0000041b   xaccelread
2000031c   xgyromeasure
00000319   xgyroread
00000447   yaccelread
20000320   ygyromeasure
0000036f   ygyroread
00000473   zaccelread
20000324   zgyromeasure
000003c5   zgyroread


GLOBAL SYMBOLS: SORTED BY Symbol Address 

address    name
--------   ----
00000000   __TI_static_base__
00000000   g_pfnVectors
00000001   __TI_args_main
00000200   __STACK_SIZE
0000026d   SSIInit
000002c7   avgconfig
000002eb   DataConversion
00000319   xgyroread
0000036f   ygyroread
000003c5   zgyroread
0000041b   xaccelread
00000447   yaccelread
00000473   zaccelread
0000049f   printfloat
00000505   printfloata
00000529   myDegPut
00000579   main
00000647   Timer0IntHandler
00000781   GPIOPadConfigSet
000008b1   UARTinit
0000091f   USB_NL_Put
0000092f   USB_UART_StrPut
00000979   USB_UART_CharPut
0000098b   myNumPut
000009c9   SysCtlClockSet
00000acd   __aeabi_dmul
00000bc9   btuart_init
00000c01   BT_UART_CharsAvail
00000c0b   BT_UART_CharPut
00000c1d   BT_UART_CharGet
00000c29   BT_UART_StrPut
00000c5f   BT_UART_NLPut
00000c6f   BT_NL_Put
00000c77   BT_NumPut
00000ca9   SysCtlClockGet
00000d71   __aeabi_memcpy
00000d71   __aeabi_memcpy4
00000d71   __aeabi_memcpy8
00000d71   memcpy
00000e0d   __TI_auto_init
00000ea1   IntEnable
00000f61   TimerConfigure
00000fbd   ltoa
00001017   __aeabi_d2f
00001061   GPIOPinConfigure
000010a9   _c_int00
000010f1   copy_in
00001135   C$$EXIT
00001139   abort
00001141   exit
00001179   SSIConfigSetExpClk
000011bb   UARTConfigSetExpClk
000011fb   __aeabi_f2d
00001235   SysCtlPeripheralEnable
00001269   __aeabi_i2d
00001297   GPIODirModeSet
000012c1   UARTDisable
000012dd   GPIOPinTypeGPIOOutput
000012f5   _args_main
0000130d   UARTEnable
00001321   _register_unlock
00001327   _register_lock
0000132f   _nop
00001335   strlen
00001349   GPIOPinTypeSSI
0000135b   GPIOPinTypeUART
0000136d   TimerLoadSet
0000137f   __TI_zero_init
00001391   TimerEnable
0000139f   __TI_decompress_none
000013ad   CPUcpsie
000013b9   SSIDataGet
000013c5   UARTCharsAvail
000013d1   ResetISR
000013dd   IntMasterEnable
000013e7   SSIDataPut
000013f1   SSIEnable
000013fb   UARTCharGet
00001405   UARTCharPut
0000140f   TimerIntEnable
00001417   GPIOPinWrite
0000141d   SysCtlDelay
00001423   __TI_decompress_rle24
00001429   TimerIntClear
000015a8   __TI_Handler_Table_Base
000015b4   __TI_Handler_Table_Limit
000015c0   __TI_CINIT_Base
000015d0   __TI_CINIT_Limit
20000000   __stack
20000200   __STACK_END
20000200   __STACK_TOP
20000200   sout
20000300   sout1
2000030c   Convert
20000310   Data
20000314   TrueMeasure
20000318   n
2000031c   xgyromeasure
20000320   ygyromeasure
20000324   zgyromeasure
20000328   state0
2000032c   _lock
20000330   _unlock
20000334   __TI_cleanup_ptr
20000338   __TI_dtors_ptr
2000033c   main_func_sp
ffffffff   __binit__
ffffffff   __c_args__
ffffffff   binit
UNDEFED    SHT$$INIT_ARRAY$$Base
UNDEFED    SHT$$INIT_ARRAY$$Limit

[111 symbols]
