******************************************************************************
                  TI ARM Linker PC v5.0.4                      
******************************************************************************
>> Linked Sat May 31 17:05:55 2014

OUTPUT FILE NAME:   <uart_test.out>
ENTRY POINT SYMBOL: "_c_int00"  address: 00000c45


MEMORY CONFIGURATION

         name            origin    length      used     unused   attr    fill
----------------------  --------  ---------  --------  --------  ----  --------
  FLASH                 00000000   00040000  0000108e  0003ef72  R  X
  SRAM                  20000000   00008000  00000328  00007cd8  RW X


SEGMENT ALLOCATION MAP

run origin  load origin   length   init length attrs members
----------  ----------- ---------- ----------- ----- -------
00000000    00000000    00001090   00001090    r-x
  00000000    00000000    0000026c   0000026c    r-- .intvecs
  0000026c    0000026c    00000c7e   00000c7e    r-x .text
  00000eec    00000eec    0000016c   0000016c    r-- .const
  00001058    00001058    00000038   00000038    r-- .cinit
20000000    20000000    00000314   00000000    rw-
  20000000    20000000    00000200   00000000    rw- .stack
  20000200    20000200    00000114   00000000    rw- .bss
20000314    20000314    00000014   00000014    rw-
  20000314    20000314    00000014   00000014    rw- .data


SECTION ALLOCATION MAP

 output                                  attributes/
section   page    origin      length       input sections
--------  ----  ----------  ----------   ----------------
.intvecs   0    00000000    0000026c     
                  00000000    0000026c     startup_ccs.obj (.intvecs)

.init_array 
*          0    00000000    00000000     UNINITIALIZED

.text      0    0000026c    00000c7e     
                  0000026c    0000026c     USB.obj (.text)
                  000004d8    00000148     main.obj (.text)
                  00000620    00000130     driverlib.lib : gpio.obj (.text:GPIOPadConfigSet)
                  00000750    00000118                   : sysctl.obj (.text:SysCtlClockGet)
                  00000868    000000f0                   : sysctl.obj (.text:SysCtlClockSet)
                  00000958    0000009c     rtsv7M4_T_le_v4SPD16_eabi.lib : memcpy_t2.obj (.text)
                  000009f4    00000094                                   : auto_init.obj (.text)
                  00000a88    00000060     driverlib.lib : interrupt.obj (.text:IntEnable)
                  00000ae8    0000005e     rtsv7M4_T_le_v4SPD16_eabi.lib : copy_decompress_rle.obj (.text)
                  00000b46    00000002     --HOLE-- [fill = 0]
                  00000b48    0000005c     driverlib.lib : timer.obj (.text:TimerConfigure)
                  00000ba4    00000056     rtsv7M4_T_le_v4SPD16_eabi.lib : ltoa.obj (.text)
                  00000bfa    00000002     --HOLE-- [fill = 0]
                  00000bfc    00000048     driverlib.lib : gpio.obj (.text:GPIOPinConfigure)
                  00000c44    00000048     rtsv7M4_T_le_v4SPD16_eabi.lib : boot.obj (.text)
                  00000c8c    00000044                                   : cpy_tbl.obj (.text)
                  00000cd0    00000040     driverlib.lib : uart.obj (.text:UARTConfigSetExpClk)
                  00000d10    00000040     rtsv7M4_T_le_v4SPD16_eabi.lib : exit.obj (.text)
                  00000d50    00000034     driverlib.lib : sysctl.obj (.text:SysCtlPeripheralEnable)
                  00000d84    0000002a                   : gpio.obj (.text:GPIODirModeSet)
                  00000dae    00000002     --HOLE-- [fill = 0]
                  00000db0    0000001c                   : uart.obj (.text:UARTDisable)
                  00000dcc    00000018                   : gpio.obj (.text:GPIOPinTypeGPIOOutput)
                  00000de4    00000018     rtsv7M4_T_le_v4SPD16_eabi.lib : args_main.obj (.text)
                  00000dfc    00000014     driverlib.lib : uart.obj (.text:UARTEnable)
                  00000e10    00000014     rtsv7M4_T_le_v4SPD16_eabi.lib : _lock.obj (.text)
                  00000e24    00000014                                   : strlen.obj (.text)
                  00000e38    00000012     driverlib.lib : gpio.obj (.text:GPIOPinTypeUART)
                  00000e4a    00000012                   : timer.obj (.text:TimerLoadSet)
                  00000e5c    00000012     rtsv7M4_T_le_v4SPD16_eabi.lib : copy_zero_init.obj (.text:decompress:ZI)
                  00000e6e    0000000e     driverlib.lib : timer.obj (.text:TimerEnable)
                  00000e7c    0000000e     rtsv7M4_T_le_v4SPD16_eabi.lib : copy_decompress_none.obj (.text:decompress:none)
                  00000e8a    0000000c     driverlib.lib : cpu.obj (.text:CPUcpsie)
                  00000e96    0000000c                   : uart.obj (.text:UARTCharsAvail)
                  00000ea2    0000000c     startup_ccs.obj (.text)
                  00000eae    0000000a     driverlib.lib : interrupt.obj (.text:IntMasterEnable)
                  00000eb8    0000000a                   : uart.obj (.text:UARTCharGet)
                  00000ec2    0000000a                   : uart.obj (.text:UARTCharPut)
                  00000ecc    00000008                   : timer.obj (.text:TimerIntEnable)
                  00000ed4    00000006                   : gpio.obj (.text:GPIOPinWrite)
                  00000eda    00000006                   : sysctl.obj (.text:SysCtlDelay)
                  00000ee0    00000006     rtsv7M4_T_le_v4SPD16_eabi.lib : copy_decompress_rle.obj (.text:decompress:rle24)
                  00000ee6    00000004     driverlib.lib : timer.obj (.text:TimerIntClear)

.const     0    00000eec    0000016c     
                  00000eec    00000090     driverlib.lib : gpio.obj (.const:g_pui32GPIOBaseAddrs)
                  00000f7c    00000070                   : interrupt.obj (.const)
                  00000fec    0000006c                   : sysctl.obj (.const:g_pui32Xtals)

.cinit     0    00001058    00000038     
                  00001058    0000000f     (.cinit..data.load) [load image, compression = rle]
                  00001067    00000001     --HOLE-- [fill = 0]
                  00001068    0000000c     (__TI_handler_table)
                  00001074    00000004     --HOLE-- [fill = 0]
                  00001078    00000008     (.cinit..bss.load) [load image, compression = zero_init]
                  00001080    00000010     (__TI_cinit_table)

.stack     0    20000000    00000200     UNINITIALIZED
                  20000000    00000200     --HOLE--

.bss       0    20000200    00000114     UNINITIALIZED
                  20000200    00000100     USB.obj (.bss:sout)
                  20000300    00000014     main.obj (.bss)

.data      0    20000314    00000014     
                  20000314    00000008     rtsv7M4_T_le_v4SPD16_eabi.lib : _lock.obj (.data)
                  2000031c    00000008                                   : exit.obj (.data)
                  20000324    00000004                                   : stkdepth_vars.obj (.data)


LINKER GENERATED COPY TABLES

__TI_cinit_table @ 00001080 records: 2, size/record: 8, table size: 16
	.data: load addr=00001058, load size=0000000f bytes, run addr=20000314, run size=00000014 bytes, compression=rle
	.bss: load addr=00001078, load size=00000008 bytes, run addr=20000200, run size=00000114 bytes, compression=zero_init


LINKER GENERATED HANDLER TABLE

__TI_handler_table @ 00001068 records: 3, size/record: 4, table size: 12
	index: 0, handler: __TI_decompress_rle24
	index: 1, handler: __TI_decompress_none
	index: 2, handler: __TI_zero_init


GLOBAL SYMBOLS: SORTED ALPHABETICALLY BY Name 

address    name
--------   ----
00000499   BT_NL_Put
000004a1   BT_NumPut
00000447   BT_UART_CharGet
00000435   BT_UART_CharPut
0000042b   BT_UART_CharsAvail
00000489   BT_UART_NLPut
00000453   BT_UART_StrPut
00000d11   C$$EXIT
00000e8b   CPUcpsie
00000d85   GPIODirModeSet
00000621   GPIOPadConfigSet
00000bfd   GPIOPinConfigure
00000dcd   GPIOPinTypeGPIOOutput
00000e39   GPIOPinTypeUART
00000ed5   GPIOPinWrite
00000a89   IntEnable
00000eaf   IntMasterEnable
000005a9   Power
00000ea3   ResetISR
UNDEFED    SHT$$INIT_ARRAY$$Base
UNDEFED    SHT$$INIT_ARRAY$$Limit
00000751   SysCtlClockGet
00000869   SysCtlClockSet
00000edb   SysCtlDelay
00000d51   SysCtlPeripheralEnable
00000535   Timer0IntHandler
00000b49   TimerConfigure
00000e6f   TimerEnable
00000ee7   TimerIntClear
00000ecd   TimerIntEnable
00000e4b   TimerLoadSet
00000eb9   UARTCharGet
00000ec3   UARTCharPut
00000e97   UARTCharsAvail
00000cd1   UARTConfigSetExpClk
00000db1   UARTDisable
00000dfd   UARTEnable
0000026d   UARTinit
20000200   __STACK_END
00000200   __STACK_SIZE
20000200   __STACK_TOP
00001080   __TI_CINIT_Base
00001090   __TI_CINIT_Limit
00001068   __TI_Handler_Table_Base
00001074   __TI_Handler_Table_Limit
00000001   __TI_args_main
000009f5   __TI_auto_init
00000e7d   __TI_decompress_none
00000ee1   __TI_decompress_rle24
00000000   __TI_static_base__
00000e5d   __TI_zero_init
00000959   __aeabi_memcpy
00000959   __aeabi_memcpy4
00000959   __aeabi_memcpy8
ffffffff   __binit__
ffffffff   __c_args__
20000000   __stack
00000de5   _args_main
00000c45   _c_int00
2000031c   _cleanup_ptr
20000320   _dtors_ptr
20000314   _lock
00000e1f   _nop
00000e17   _register_lock
00000e11   _register_unlock
20000318   _unlock
00000d15   abort
20000300   arrayk
ffffffff   binit
00000c8d   copy_in
00000d1d   exit
000002db   ftoa
00000000   g_pfnVectors
20000310   led_state
00000ba5   ltoa
000004d9   main
20000324   main_func_sp
00000959   memcpy
20000200   sout
20000304   string
00000e25   strlen


GLOBAL SYMBOLS: SORTED BY Symbol Address 

address    name
--------   ----
00000000   __TI_static_base__
00000000   g_pfnVectors
00000001   __TI_args_main
00000200   __STACK_SIZE
0000026d   UARTinit
000002db   ftoa
0000042b   BT_UART_CharsAvail
00000435   BT_UART_CharPut
00000447   BT_UART_CharGet
00000453   BT_UART_StrPut
00000489   BT_UART_NLPut
00000499   BT_NL_Put
000004a1   BT_NumPut
000004d9   main
00000535   Timer0IntHandler
000005a9   Power
00000621   GPIOPadConfigSet
00000751   SysCtlClockGet
00000869   SysCtlClockSet
00000959   __aeabi_memcpy
00000959   __aeabi_memcpy4
00000959   __aeabi_memcpy8
00000959   memcpy
000009f5   __TI_auto_init
00000a89   IntEnable
00000b49   TimerConfigure
00000ba5   ltoa
00000bfd   GPIOPinConfigure
00000c45   _c_int00
00000c8d   copy_in
00000cd1   UARTConfigSetExpClk
00000d11   C$$EXIT
00000d15   abort
00000d1d   exit
00000d51   SysCtlPeripheralEnable
00000d85   GPIODirModeSet
00000db1   UARTDisable
00000dcd   GPIOPinTypeGPIOOutput
00000de5   _args_main
00000dfd   UARTEnable
00000e11   _register_unlock
00000e17   _register_lock
00000e1f   _nop
00000e25   strlen
00000e39   GPIOPinTypeUART
00000e4b   TimerLoadSet
00000e5d   __TI_zero_init
00000e6f   TimerEnable
00000e7d   __TI_decompress_none
00000e8b   CPUcpsie
00000e97   UARTCharsAvail
00000ea3   ResetISR
00000eaf   IntMasterEnable
00000eb9   UARTCharGet
00000ec3   UARTCharPut
00000ecd   TimerIntEnable
00000ed5   GPIOPinWrite
00000edb   SysCtlDelay
00000ee1   __TI_decompress_rle24
00000ee7   TimerIntClear
00001068   __TI_Handler_Table_Base
00001074   __TI_Handler_Table_Limit
00001080   __TI_CINIT_Base
00001090   __TI_CINIT_Limit
20000000   __stack
20000200   __STACK_END
20000200   __STACK_TOP
20000200   sout
20000300   arrayk
20000304   string
20000310   led_state
20000314   _lock
20000318   _unlock
2000031c   _cleanup_ptr
20000320   _dtors_ptr
20000324   main_func_sp
ffffffff   __binit__
ffffffff   __c_args__
ffffffff   binit
UNDEFED    SHT$$INIT_ARRAY$$Base
UNDEFED    SHT$$INIT_ARRAY$$Limit

[81 symbols]
