******************************************************************************
                  TI ARM Linker PC v5.0.4                      
******************************************************************************
>> Linked Thu Apr 03 19:15:16 2014

OUTPUT FILE NAME:   <ECE_4335_IMU_DRIVER0_working_primaryB.out>
ENTRY POINT SYMBOL: "_c_int00"  address: 00002dc5


MEMORY CONFIGURATION

         name            origin    length      used     unused   attr    fill
----------------------  --------  ---------  --------  --------  ----  --------
  FLASH                 00000000   00040000  00003528  0003cad8  R  X
  SRAM                  20000000   00008000  00000568  00007a98  RW X


SEGMENT ALLOCATION MAP

run origin  load origin   length   init length attrs members
----------  ----------- ---------- ----------- ----- -------
00000000    00000000    00003530   00003530    r-x
  00000000    00000000    0000026c   0000026c    r-- .intvecs
  0000026c    0000026c    00003068   00003068    r-x .text
  000032d8    000032d8    000001ec   000001ec    r-- .const
  000034c8    000034c8    00000068   00000068    r-- .cinit
20000000    20000000    00000418   00000000    rw-
  20000000    20000000    00000218   00000000    rw- .bss
  20000218    20000218    00000200   00000000    rw- .stack
20000418    20000418    00000150   00000150    rw-
  20000418    20000418    00000150   00000150    rw- .data


SECTION ALLOCATION MAP

 output                                  attributes/
section   page    origin      length       input sections
--------  ----  ----------  ----------   ----------------
.intvecs   0    00000000    0000026c     
                  00000000    0000026c     startup_ccs.obj (.intvecs)

.init_array 
*          0    00000000    00000000     UNINITIALIZED

.text      0    0000026c    00003068     
                  0000026c    0000141c     main.obj (.text)
                  00001688    00000314     IMU.obj (.text)
                  0000199c    000002b4     rtsv7M4_T_le_v4SPD16_eabi.lib : xsin.obj (.text)
                  00001c50    000001b6                                   : fd_add_t2.obj (.text)
                  00001e06    00000002     --HOLE-- [fill = 0]
                  00001e08    00000168                                   : fmod.obj (.text)
                  00001f70    00000154                                   : sqrt.obj (.text)
                  000020c4    00000136                                   : fd_div_t2.obj (.text)
                  000021fa    00000130     driverlib.lib : gpio.obj (.text:GPIOPadConfigSet)
                  0000232a    00000002     --HOLE-- [fill = 0]
                  0000232c    00000118     USB.obj (.text)
                  00002444    00000104     driverlib.lib : sysctl.obj (.text:SysCtlClockSet)
                  00002548    00000104     rtsv7M4_T_le_v4SPD16_eabi.lib : xdscale.obj (.text)
                  0000264c    000000fc                                   : fd_mul_t2.obj (.text)
                  00002748    000000dc     btuart.obj (.text)
                  00002824    000000c8     driverlib.lib : sysctl.obj (.text:SysCtlClockGet)
                  000028ec    000000be     rtsv7M4_T_le_v4SPD16_eabi.lib : xdnorm.obj (.text)
                  000029aa    0000009c                                   : memcpy_t2.obj (.text)
                  00002a46    00000002     --HOLE-- [fill = 0]
                  00002a48    00000094                                   : auto_init.obj (.text)
                  00002adc    0000007e                                   : fd_cmp_t2.obj (.text)
                  00002b5a    00000064                                   : xdunscal.obj (.text)
                  00002bbe    00000002     --HOLE-- [fill = 0]
                  00002bc0    00000060     driverlib.lib : interrupt.obj (.text:IntEnable)
                  00002c20    0000005e     rtsv7M4_T_le_v4SPD16_eabi.lib : copy_decompress_rle.obj (.text)
                  00002c7e    00000002     --HOLE-- [fill = 0]
                  00002c80    0000005c     driverlib.lib : timer.obj (.text:TimerConfigure)
                  00002cdc    00000056     rtsv7M4_T_le_v4SPD16_eabi.lib : ltoa.obj (.text)
                  00002d32    0000004a                                   : fd_tos_t2.obj (.text)
                  00002d7c    00000048     driverlib.lib : gpio.obj (.text:GPIOPinConfigure)
                  00002dc4    00000048     rtsv7M4_T_le_v4SPD16_eabi.lib : boot.obj (.text)
                  00002e0c    00000048                                   : fd_toi_t2.obj (.text)
                  00002e54    00000044                                   : cpy_tbl.obj (.text)
                  00002e98    00000044                                   : xdtest.obj (.text)
                  00002edc    00000042     driverlib.lib : ssi.obj (.text:SSIConfigSetExpClk)
                  00002f1e    00000040                   : uart.obj (.text:UARTConfigSetExpClk)
                  00002f5e    00000002     --HOLE-- [fill = 0]
                  00002f60    00000040     rtsv7M4_T_le_v4SPD16_eabi.lib : exit.obj (.text)
                  00002fa0    00000040                                   : signal.obj (.text)
                  00002fe0    00000038                                   : fs_tod_t2.obj (.text)
                  00003018    00000034     driverlib.lib : sysctl.obj (.text:SysCtlPeripheralEnable)
                  0000304c    00000030     rtsv7M4_T_le_v4SPD16_eabi.lib : feraiseexcept.obj (.text)
                  0000307c    00000030                                   : xferaise.obj (.text)
                  000030ac    0000002e                                   : i_tofd_t2.obj (.text)
                  000030da    0000002e                                   : raise.obj (.text)
                  00003108    0000002a     driverlib.lib : gpio.obj (.text:GPIODirModeSet)
                  00003132    00000002     --HOLE-- [fill = 0]
                  00003134    0000001c                   : uart.obj (.text:UARTDisable)
                  00003150    0000001a     rtsv7M4_T_le_v4SPD16_eabi.lib : cos.obj (.text)
                  0000316a    0000001a                                   : sin.obj (.text)
                  00003184    00000018     driverlib.lib : gpio.obj (.text:GPIOPinTypeGPIOOutput)
                  0000319c    00000018     rtsv7M4_T_le_v4SPD16_eabi.lib : args_main.obj (.text)
                  000031b4    00000014     driverlib.lib : uart.obj (.text:UARTEnable)
                  000031c8    00000014     rtsv7M4_T_le_v4SPD16_eabi.lib : _lock.obj (.text)
                  000031dc    00000014                                   : strlen.obj (.text)
                  000031f0    00000012     driverlib.lib : gpio.obj (.text:GPIOPinTypeSSI)
                  00003202    00000012                   : gpio.obj (.text:GPIOPinTypeUART)
                  00003214    00000012                   : timer.obj (.text:TimerLoadSet)
                  00003226    00000012     rtsv7M4_T_le_v4SPD16_eabi.lib : copy_zero_init.obj (.text:decompress:ZI)
                  00003238    0000000e     driverlib.lib : timer.obj (.text:TimerEnable)
                  00003246    0000000e     rtsv7M4_T_le_v4SPD16_eabi.lib : copy_decompress_none.obj (.text:decompress:none)
                  00003254    0000000c     driverlib.lib : cpu.obj (.text:CPUcpsie)
                  00003260    0000000c                   : ssi.obj (.text:SSIDataGet)
                  0000326c    0000000c                   : uart.obj (.text:UARTCharsAvail)
                  00003278    0000000c     startup_ccs.obj (.text)
                  00003284    0000000a     driverlib.lib : interrupt.obj (.text:IntMasterEnable)
                  0000328e    0000000a                   : ssi.obj (.text:SSIDataPut)
                  00003298    0000000a                   : ssi.obj (.text:SSIEnable)
                  000032a2    0000000a                   : uart.obj (.text:UARTCharGet)
                  000032ac    0000000a                   : uart.obj (.text:UARTCharPut)
                  000032b6    00000008                   : timer.obj (.text:TimerIntEnable)
                  000032be    00000006                   : gpio.obj (.text:GPIOPinWrite)
                  000032c4    00000006                   : sysctl.obj (.text:SysCtlDelay)
                  000032ca    00000006     rtsv7M4_T_le_v4SPD16_eabi.lib : copy_decompress_rle.obj (.text:decompress:rle24)
                  000032d0    00000004     driverlib.lib : timer.obj (.text:TimerIntClear)

.const     0    000032d8    000001ec     
                  000032d8    00000090     driverlib.lib : gpio.obj (.const:g_pui32GPIOBaseAddrs)
                  00003368    00000080     rtsv7M4_T_le_v4SPD16_eabi.lib : xsin.obj (.const)
                  000033e8    00000070     driverlib.lib : interrupt.obj (.const)
                  00003458    0000006c                   : sysctl.obj (.const:g_pui32Xtals)

.cinit     0    000034c8    00000068     
                  000034c8    00000041     (.cinit..data.load) [load image, compression = rle]
                  00003509    00000003     --HOLE-- [fill = 0]
                  0000350c    0000000c     (__TI_handler_table)
                  00003518    00000008     (.cinit..bss.load) [load image, compression = zero_init]
                  00003520    00000010     (__TI_cinit_table)

.bss       0    20000000    00000218     UNINITIALIZED
                  20000000    00000100     main.obj (.bss)
                  20000100    00000100     btuart.obj (.bss:sout)
                  20000200    0000000c     IMU.obj (.bss)
                  2000020c    0000000c     USB.obj (.bss)

.stack     0    20000218    00000200     UNINITIALIZED
                  20000218    00000200     --HOLE--

.data      0    20000418    00000150     
                  20000418    000000b0     rtsv7M4_T_le_v4SPD16_eabi.lib : signal.obj (.data:sigtable)
                  200004c8    00000080                                   : xvalues.obj (.data)
                  20000548    00000008                                   : _lock.obj (.data)
                  20000550    00000008                                   : exit.obj (.data)
                  20000558    00000008                                   : feraiseexcept.obj (.data)
                  20000560    00000004                                   : errno.obj (.data)
                  20000564    00000004                                   : stkdepth_vars.obj (.data)


LINKER GENERATED COPY TABLES

__TI_cinit_table @ 00003520 records: 2, size/record: 8, table size: 16
	.data: load addr=000034c8, load size=00000041 bytes, run addr=20000418, run size=00000150 bytes, compression=rle
	.bss: load addr=00003518, load size=00000008 bytes, run addr=20000000, run size=00000218 bytes, compression=zero_init


LINKER GENERATED HANDLER TABLE

__TI_handler_table @ 0000350c records: 3, size/record: 4, table size: 12
	index: 0, handler: __TI_decompress_rle24
	index: 1, handler: __TI_decompress_none
	index: 2, handler: __TI_zero_init


GLOBAL SYMBOLS: SORTED ALPHABETICALLY BY Name 

address    name
--------   ----
000027ef   BT_NL_Put
000027f7   BT_NumPut
0000279d   BT_UART_CharGet
0000278b   BT_UART_CharPut
00002781   BT_UART_CharsAvail
000027df   BT_UART_NLPut
000027a9   BT_UART_StrPut
00002f61   C$$EXIT
00003255   CPUcpsie
20000204   Convert
20000200   Data
00001707   DataConversion
00003109   GPIODirModeSet
000021fb   GPIOPadConfigSet
00002d7d   GPIOPinConfigure
00003185   GPIOPinTypeGPIOOutput
000031f1   GPIOPinTypeSSI
00003203   GPIOPinTypeUART
000032bf   GPIOPinWrite
00002bc1   IntEnable
00003285   IntMasterEnable
200000a0   Kx
200000b8   Ky
200000cc   Kz
000014c9   Power
200000a4   Px
200000a8   Pxminus
200000bc   Py
200000c0   Pyminus
200000d0   Pz
200000d4   Pzminus
200000ac   R
00003279   ResetISR
UNDEFED    SHT$$INIT_ARRAY$$Base
UNDEFED    SHT$$INIT_ARRAY$$Limit
00002edd   SSIConfigSetExpClk
00003261   SSIDataGet
0000328f   SSIDataPut
00003299   SSIEnable
00001689   SSIInit
00002825   SysCtlClockGet
00002445   SysCtlClockSet
000032c5   SysCtlDelay
00003019   SysCtlPeripheralEnable
00000449   Timer0IntHandler
00002c81   TimerConfigure
00003239   TimerEnable
000032d1   TimerIntClear
000032b7   TimerIntEnable
00003215   TimerLoadSet
20000208   TrueMeasure
000032a3   UARTCharGet
000032ad   UARTCharPut
0000326d   UARTCharsAvail
00002f1f   UARTConfigSetExpClk
00003135   UARTDisable
000031b5   UARTEnable
0000232d   UARTinit
0000239b   USB_NL_Put
000023f5   USB_UART_CharPut
000023ab   USB_UART_StrPut
200004c8   _Denorm
000028ed   _Dnorm
00002549   _Dscale
00002e99   _Dtest
00002b5b   _Dunscale
200004d8   _Eps
20000560   _Errno
20000558   _Fenv
0000307d   _Feraise
200004e8   _Hugeval
200004f8   _Inf
20000508   _Nan
20000528   _Rteps
0000199d   _Sin
20000518   _Snan
2000055c   _Tls_setup__Fenv
20000538   _Xbig
20000540   _Zero
20000418   __STACK_END
00000200   __STACK_SIZE
20000418   __STACK_TOP
00003520   __TI_CINIT_Base
00003530   __TI_CINIT_Limit
0000350c   __TI_Handler_Table_Base
00003518   __TI_Handler_Table_Limit
00000001   __TI_args_main
00002a49   __TI_auto_init
00003247   __TI_decompress_none
000032cb   __TI_decompress_rle24
00000000   __TI_static_base__
00003227   __TI_zero_init
00002add   __aeabi_cdcmpeq
00002add   __aeabi_cdcmple
00002d33   __aeabi_d2f
00002e0d   __aeabi_d2iz
00001c5b   __aeabi_dadd
000020c5   __aeabi_ddiv
0000264d   __aeabi_dmul
00001c51   __aeabi_dsub
00002fe1   __aeabi_f2d
000030ad   __aeabi_i2d
000029ab   __aeabi_memcpy
000029ab   __aeabi_memcpy4
000029ab   __aeabi_memcpy8
ffffffff   __binit__
ffffffff   __c_args__
20000218   __stack
0000319d   _args_main
00002dc5   _c_int00
20000550   _cleanup_ptr
20000554   _dtors_ptr
20000548   _lock
000031d7   _nop
000031cf   _register_lock
000031c9   _register_unlock
2000054c   _unlock
00002f65   abort
000016e3   avgconfig
ffffffff   binit
00002749   btuart_init
2000000c   c
00002e55   copy_in
00003151   cos
200000f8   displayflag
2000004c   dt
00002f6d   exit
0000304d   feraiseexcept
00001e09   fmod
00001519   ftoa
00000000   g_pfnVectors
20000074   ix
00002cdd   ltoa
0000026d   main
20000564   main_func_sp
000029ab   memcpy
00001955   myDegPut
00002407   myNumPut
20000078   n
200000fc   newstart
200000d9   out0
000018c1   printfloat
00001931   printfloata
000030db   raise
20000010   s
00002fa1   signal
0000316b   sin
20000100   sout
2000020c   sout1
00001f71   sqrt
200000d8   state0
20000000   string
000031dd   strlen
20000038   theta
20000048   wmag
200000f4   wtemp
2000002c   wx
2000003c   wx0
20000098   wxhat
2000009c   wxhatminus
20000030   wy
20000040   wy0
200000b0   wyhat
200000b4   wyhatminus
20000034   wz
20000044   wz0
200000c4   wzhat
200000c8   wzhatminus
200000dc   x
20000014   x0
20000020   x1
2000008c   xaccelmeasure
0000183d   xaccelread
200000e8   xang
2000007c   xavg
20000080   xgyromeasure
00001735   xgyroread
20000050   xx0
20000054   xy0
20000058   xz0
200000e0   y
20000018   y0
20000024   y1
20000090   yaccelmeasure
00001869   yaccelread
200000ec   yang
20000084   ygyromeasure
0000178d   ygyroread
2000005c   yx0
20000060   yy0
20000064   yz0
200000e4   z
2000001c   z0
20000028   z1
20000094   zaccelmeasure
00001895   zaccelread
200000f0   zang
20000088   zgyromeasure
000017e5   zgyroread
20000068   zx0
2000006c   zy0
20000070   zz0


GLOBAL SYMBOLS: SORTED BY Symbol Address 

address    name
--------   ----
00000000   __TI_static_base__
00000000   g_pfnVectors
00000001   __TI_args_main
00000200   __STACK_SIZE
0000026d   main
00000449   Timer0IntHandler
000014c9   Power
00001519   ftoa
00001689   SSIInit
000016e3   avgconfig
00001707   DataConversion
00001735   xgyroread
0000178d   ygyroread
000017e5   zgyroread
0000183d   xaccelread
00001869   yaccelread
00001895   zaccelread
000018c1   printfloat
00001931   printfloata
00001955   myDegPut
0000199d   _Sin
00001c51   __aeabi_dsub
00001c5b   __aeabi_dadd
00001e09   fmod
00001f71   sqrt
000020c5   __aeabi_ddiv
000021fb   GPIOPadConfigSet
0000232d   UARTinit
0000239b   USB_NL_Put
000023ab   USB_UART_StrPut
000023f5   USB_UART_CharPut
00002407   myNumPut
00002445   SysCtlClockSet
00002549   _Dscale
0000264d   __aeabi_dmul
00002749   btuart_init
00002781   BT_UART_CharsAvail
0000278b   BT_UART_CharPut
0000279d   BT_UART_CharGet
000027a9   BT_UART_StrPut
000027df   BT_UART_NLPut
000027ef   BT_NL_Put
000027f7   BT_NumPut
00002825   SysCtlClockGet
000028ed   _Dnorm
000029ab   __aeabi_memcpy
000029ab   __aeabi_memcpy4
000029ab   __aeabi_memcpy8
000029ab   memcpy
00002a49   __TI_auto_init
00002add   __aeabi_cdcmpeq
00002add   __aeabi_cdcmple
00002b5b   _Dunscale
00002bc1   IntEnable
00002c81   TimerConfigure
00002cdd   ltoa
00002d33   __aeabi_d2f
00002d7d   GPIOPinConfigure
00002dc5   _c_int00
00002e0d   __aeabi_d2iz
00002e55   copy_in
00002e99   _Dtest
00002edd   SSIConfigSetExpClk
00002f1f   UARTConfigSetExpClk
00002f61   C$$EXIT
00002f65   abort
00002f6d   exit
00002fa1   signal
00002fe1   __aeabi_f2d
00003019   SysCtlPeripheralEnable
0000304d   feraiseexcept
0000307d   _Feraise
000030ad   __aeabi_i2d
000030db   raise
00003109   GPIODirModeSet
00003135   UARTDisable
00003151   cos
0000316b   sin
00003185   GPIOPinTypeGPIOOutput
0000319d   _args_main
000031b5   UARTEnable
000031c9   _register_unlock
000031cf   _register_lock
000031d7   _nop
000031dd   strlen
000031f1   GPIOPinTypeSSI
00003203   GPIOPinTypeUART
00003215   TimerLoadSet
00003227   __TI_zero_init
00003239   TimerEnable
00003247   __TI_decompress_none
00003255   CPUcpsie
00003261   SSIDataGet
0000326d   UARTCharsAvail
00003279   ResetISR
00003285   IntMasterEnable
0000328f   SSIDataPut
00003299   SSIEnable
000032a3   UARTCharGet
000032ad   UARTCharPut
000032b7   TimerIntEnable
000032bf   GPIOPinWrite
000032c5   SysCtlDelay
000032cb   __TI_decompress_rle24
000032d1   TimerIntClear
0000350c   __TI_Handler_Table_Base
00003518   __TI_Handler_Table_Limit
00003520   __TI_CINIT_Base
00003530   __TI_CINIT_Limit
20000000   string
2000000c   c
20000010   s
20000014   x0
20000018   y0
2000001c   z0
20000020   x1
20000024   y1
20000028   z1
2000002c   wx
20000030   wy
20000034   wz
20000038   theta
2000003c   wx0
20000040   wy0
20000044   wz0
20000048   wmag
2000004c   dt
20000050   xx0
20000054   xy0
20000058   xz0
2000005c   yx0
20000060   yy0
20000064   yz0
20000068   zx0
2000006c   zy0
20000070   zz0
20000074   ix
20000078   n
2000007c   xavg
20000080   xgyromeasure
20000084   ygyromeasure
20000088   zgyromeasure
2000008c   xaccelmeasure
20000090   yaccelmeasure
20000094   zaccelmeasure
20000098   wxhat
2000009c   wxhatminus
200000a0   Kx
200000a4   Px
200000a8   Pxminus
200000ac   R
200000b0   wyhat
200000b4   wyhatminus
200000b8   Ky
200000bc   Py
200000c0   Pyminus
200000c4   wzhat
200000c8   wzhatminus
200000cc   Kz
200000d0   Pz
200000d4   Pzminus
200000d8   state0
200000d9   out0
200000dc   x
200000e0   y
200000e4   z
200000e8   xang
200000ec   yang
200000f0   zang
200000f4   wtemp
200000f8   displayflag
200000fc   newstart
20000100   sout
20000200   Data
20000204   Convert
20000208   TrueMeasure
2000020c   sout1
20000218   __stack
20000418   __STACK_END
20000418   __STACK_TOP
200004c8   _Denorm
200004d8   _Eps
200004e8   _Hugeval
200004f8   _Inf
20000508   _Nan
20000518   _Snan
20000528   _Rteps
20000538   _Xbig
20000540   _Zero
20000548   _lock
2000054c   _unlock
20000550   _cleanup_ptr
20000554   _dtors_ptr
20000558   _Fenv
2000055c   _Tls_setup__Fenv
20000560   _Errno
20000564   main_func_sp
ffffffff   __binit__
ffffffff   __c_args__
ffffffff   binit
UNDEFED    SHT$$INIT_ARRAY$$Base
UNDEFED    SHT$$INIT_ARRAY$$Limit

[202 symbols]
