<?xml version="1.0"?>
<link_info>
   <banner>TI ARM Linker PC v5.0.4</banner>
   <copyright>Copyright (c) 1996-2013 Texas Instruments Incorporated</copyright>
   <link_time>0x533b53f9</link_time>
   <output_file>ECE_4335_IMU_DRIVER0_working_primary.out</output_file>
   <entry_point>
      <name>_c_int00</name>
      <address>0x2e69</address>
   </entry_point>
   <input_file_list>
      <input_file id="fl-2">
         <path>.\</path>
         <kind>object</kind>
         <file>uartstdio.obj</file>
         <name>uartstdio.obj</name>
      </input_file>
      <input_file id="fl-3">
         <path>.\</path>
         <kind>object</kind>
         <file>startup_ccs.obj</file>
         <name>startup_ccs.obj</name>
      </input_file>
      <input_file id="fl-4">
         <path>.\</path>
         <kind>object</kind>
         <file>main.obj</file>
         <name>main.obj</name>
      </input_file>
      <input_file id="fl-5">
         <path>.\</path>
         <kind>object</kind>
         <file>btuart.obj</file>
         <name>btuart.obj</name>
      </input_file>
      <input_file id="fl-6">
         <path>.\</path>
         <kind>object</kind>
         <file>USB.obj</file>
         <name>USB.obj</name>
      </input_file>
      <input_file id="fl-7">
         <path>.\</path>
         <kind>object</kind>
         <file>IMU.obj</file>
         <name>IMU.obj</name>
      </input_file>
      <input_file id="fl-c">
         <path>C:\ti\TivaWare_C_Series-2.0.1.11577\driverlib\ccs\Debug\</path>
         <kind>archive</kind>
         <file>driverlib.lib</file>
         <name>uart.obj</name>
      </input_file>
      <input_file id="fl-d">
         <path>C:\ti\TivaWare_C_Series-2.0.1.11577\driverlib\ccs\Debug\</path>
         <kind>archive</kind>
         <file>driverlib.lib</file>
         <name>timer.obj</name>
      </input_file>
      <input_file id="fl-e">
         <path>C:\ti\TivaWare_C_Series-2.0.1.11577\driverlib\ccs\Debug\</path>
         <kind>archive</kind>
         <file>driverlib.lib</file>
         <name>sysctl.obj</name>
      </input_file>
      <input_file id="fl-f">
         <path>C:\ti\TivaWare_C_Series-2.0.1.11577\driverlib\ccs\Debug\</path>
         <kind>archive</kind>
         <file>driverlib.lib</file>
         <name>ssi.obj</name>
      </input_file>
      <input_file id="fl-10">
         <path>C:\ti\TivaWare_C_Series-2.0.1.11577\driverlib\ccs\Debug\</path>
         <kind>archive</kind>
         <file>driverlib.lib</file>
         <name>interrupt.obj</name>
      </input_file>
      <input_file id="fl-11">
         <path>C:\ti\TivaWare_C_Series-2.0.1.11577\driverlib\ccs\Debug\</path>
         <kind>archive</kind>
         <file>driverlib.lib</file>
         <name>gpio.obj</name>
      </input_file>
      <input_file id="fl-12">
         <path>C:\ti\TivaWare_C_Series-2.0.1.11577\driverlib\ccs\Debug\</path>
         <kind>archive</kind>
         <file>driverlib.lib</file>
         <name>cpu.obj</name>
      </input_file>
      <input_file id="fl-13c">
         <path>C:\ti\ccsv5\tools\compiler\arm_5.0.4\lib\</path>
         <kind>archive</kind>
         <file>rtsv7M4_T_le_v4SPD16_eabi.lib</file>
         <name>boot.obj</name>
      </input_file>
      <input_file id="fl-13d">
         <path>C:\ti\ccsv5\tools\compiler\arm_5.0.4\lib\</path>
         <kind>archive</kind>
         <file>rtsv7M4_T_le_v4SPD16_eabi.lib</file>
         <name>copy_decompress_none.obj</name>
      </input_file>
      <input_file id="fl-13e">
         <path>C:\ti\ccsv5\tools\compiler\arm_5.0.4\lib\</path>
         <kind>archive</kind>
         <file>rtsv7M4_T_le_v4SPD16_eabi.lib</file>
         <name>copy_decompress_rle.obj</name>
      </input_file>
      <input_file id="fl-13f">
         <path>C:\ti\ccsv5\tools\compiler\arm_5.0.4\lib\</path>
         <kind>archive</kind>
         <file>rtsv7M4_T_le_v4SPD16_eabi.lib</file>
         <name>copy_zero_init.obj</name>
      </input_file>
      <input_file id="fl-140">
         <path>C:\ti\ccsv5\tools\compiler\arm_5.0.4\lib\</path>
         <kind>archive</kind>
         <file>rtsv7M4_T_le_v4SPD16_eabi.lib</file>
         <name>cos.obj</name>
      </input_file>
      <input_file id="fl-141">
         <path>C:\ti\ccsv5\tools\compiler\arm_5.0.4\lib\</path>
         <kind>archive</kind>
         <file>rtsv7M4_T_le_v4SPD16_eabi.lib</file>
         <name>exit.obj</name>
      </input_file>
      <input_file id="fl-142">
         <path>C:\ti\ccsv5\tools\compiler\arm_5.0.4\lib\</path>
         <kind>archive</kind>
         <file>rtsv7M4_T_le_v4SPD16_eabi.lib</file>
         <name>fd_add_t2.obj</name>
      </input_file>
      <input_file id="fl-143">
         <path>C:\ti\ccsv5\tools\compiler\arm_5.0.4\lib\</path>
         <kind>archive</kind>
         <file>rtsv7M4_T_le_v4SPD16_eabi.lib</file>
         <name>fd_div_t2.obj</name>
      </input_file>
      <input_file id="fl-144">
         <path>C:\ti\ccsv5\tools\compiler\arm_5.0.4\lib\</path>
         <kind>archive</kind>
         <file>rtsv7M4_T_le_v4SPD16_eabi.lib</file>
         <name>fd_mul_t2.obj</name>
      </input_file>
      <input_file id="fl-145">
         <path>C:\ti\ccsv5\tools\compiler\arm_5.0.4\lib\</path>
         <kind>archive</kind>
         <file>rtsv7M4_T_le_v4SPD16_eabi.lib</file>
         <name>fd_tos_t2.obj</name>
      </input_file>
      <input_file id="fl-146">
         <path>C:\ti\ccsv5\tools\compiler\arm_5.0.4\lib\</path>
         <kind>archive</kind>
         <file>rtsv7M4_T_le_v4SPD16_eabi.lib</file>
         <name>fs_tod_t2.obj</name>
      </input_file>
      <input_file id="fl-147">
         <path>C:\ti\ccsv5\tools\compiler\arm_5.0.4\lib\</path>
         <kind>archive</kind>
         <file>rtsv7M4_T_le_v4SPD16_eabi.lib</file>
         <name>i_tofd_t2.obj</name>
      </input_file>
      <input_file id="fl-148">
         <path>C:\ti\ccsv5\tools\compiler\arm_5.0.4\lib\</path>
         <kind>archive</kind>
         <file>rtsv7M4_T_le_v4SPD16_eabi.lib</file>
         <name>ltoa.obj</name>
      </input_file>
      <input_file id="fl-149">
         <path>C:\ti\ccsv5\tools\compiler\arm_5.0.4\lib\</path>
         <kind>archive</kind>
         <file>rtsv7M4_T_le_v4SPD16_eabi.lib</file>
         <name>memcpy_t2.obj</name>
      </input_file>
      <input_file id="fl-14a">
         <path>C:\ti\ccsv5\tools\compiler\arm_5.0.4\lib\</path>
         <kind>archive</kind>
         <file>rtsv7M4_T_le_v4SPD16_eabi.lib</file>
         <name>sin.obj</name>
      </input_file>
      <input_file id="fl-14b">
         <path>C:\ti\ccsv5\tools\compiler\arm_5.0.4\lib\</path>
         <kind>archive</kind>
         <file>rtsv7M4_T_le_v4SPD16_eabi.lib</file>
         <name>sqrt.obj</name>
      </input_file>
      <input_file id="fl-14c">
         <path>C:\ti\ccsv5\tools\compiler\arm_5.0.4\lib\</path>
         <kind>archive</kind>
         <file>rtsv7M4_T_le_v4SPD16_eabi.lib</file>
         <name>stkdepth_vars.obj</name>
      </input_file>
      <input_file id="fl-14d">
         <path>C:\ti\ccsv5\tools\compiler\arm_5.0.4\lib\</path>
         <kind>archive</kind>
         <file>rtsv7M4_T_le_v4SPD16_eabi.lib</file>
         <name>strlen.obj</name>
      </input_file>
      <input_file id="fl-14e">
         <path>C:\ti\ccsv5\tools\compiler\arm_5.0.4\lib\</path>
         <kind>archive</kind>
         <file>rtsv7M4_T_le_v4SPD16_eabi.lib</file>
         <name>u_divt2.obj</name>
      </input_file>
      <input_file id="fl-14f">
         <path>C:\ti\ccsv5\tools\compiler\arm_5.0.4\lib\</path>
         <kind>archive</kind>
         <file>rtsv7M4_T_le_v4SPD16_eabi.lib</file>
         <name>xdscale.obj</name>
      </input_file>
      <input_file id="fl-150">
         <path>C:\ti\ccsv5\tools\compiler\arm_5.0.4\lib\</path>
         <kind>archive</kind>
         <file>rtsv7M4_T_le_v4SPD16_eabi.lib</file>
         <name>xdunscal.obj</name>
      </input_file>
      <input_file id="fl-151">
         <path>C:\ti\ccsv5\tools\compiler\arm_5.0.4\lib\</path>
         <kind>archive</kind>
         <file>rtsv7M4_T_le_v4SPD16_eabi.lib</file>
         <name>xferaise.obj</name>
      </input_file>
      <input_file id="fl-152">
         <path>C:\ti\ccsv5\tools\compiler\arm_5.0.4\lib\</path>
         <kind>archive</kind>
         <file>rtsv7M4_T_le_v4SPD16_eabi.lib</file>
         <name>xsin.obj</name>
      </input_file>
      <input_file id="fl-153">
         <path>C:\ti\ccsv5\tools\compiler\arm_5.0.4\lib\</path>
         <kind>archive</kind>
         <file>rtsv7M4_T_le_v4SPD16_eabi.lib</file>
         <name>xvalues.obj</name>
      </input_file>
      <input_file id="fl-154">
         <path>C:\ti\ccsv5\tools\compiler\arm_5.0.4\lib\</path>
         <kind>archive</kind>
         <file>rtsv7M4_T_le_v4SPD16_eabi.lib</file>
         <name>_lock.obj</name>
      </input_file>
      <input_file id="fl-155">
         <path>C:\ti\ccsv5\tools\compiler\arm_5.0.4\lib\</path>
         <kind>archive</kind>
         <file>rtsv7M4_T_le_v4SPD16_eabi.lib</file>
         <name>args_main.obj</name>
      </input_file>
      <input_file id="fl-156">
         <path>C:\ti\ccsv5\tools\compiler\arm_5.0.4\lib\</path>
         <kind>archive</kind>
         <file>rtsv7M4_T_le_v4SPD16_eabi.lib</file>
         <name>auto_init.obj</name>
      </input_file>
      <input_file id="fl-157">
         <path>C:\ti\ccsv5\tools\compiler\arm_5.0.4\lib\</path>
         <kind>archive</kind>
         <file>rtsv7M4_T_le_v4SPD16_eabi.lib</file>
         <name>cpy_tbl.obj</name>
      </input_file>
      <input_file id="fl-158">
         <path>C:\ti\ccsv5\tools\compiler\arm_5.0.4\lib\</path>
         <kind>archive</kind>
         <file>rtsv7M4_T_le_v4SPD16_eabi.lib</file>
         <name>errno.obj</name>
      </input_file>
      <input_file id="fl-159">
         <path>C:\ti\ccsv5\tools\compiler\arm_5.0.4\lib\</path>
         <kind>archive</kind>
         <file>rtsv7M4_T_le_v4SPD16_eabi.lib</file>
         <name>fd_cmp_t2.obj</name>
      </input_file>
      <input_file id="fl-15a">
         <path>C:\ti\ccsv5\tools\compiler\arm_5.0.4\lib\</path>
         <kind>archive</kind>
         <file>rtsv7M4_T_le_v4SPD16_eabi.lib</file>
         <name>fd_toi_t2.obj</name>
      </input_file>
      <input_file id="fl-15b">
         <path>C:\ti\ccsv5\tools\compiler\arm_5.0.4\lib\</path>
         <kind>archive</kind>
         <file>rtsv7M4_T_le_v4SPD16_eabi.lib</file>
         <name>feraiseexcept.obj</name>
      </input_file>
      <input_file id="fl-15c">
         <path>C:\ti\ccsv5\tools\compiler\arm_5.0.4\lib\</path>
         <kind>archive</kind>
         <file>rtsv7M4_T_le_v4SPD16_eabi.lib</file>
         <name>fmod.obj</name>
      </input_file>
      <input_file id="fl-15d">
         <path>C:\ti\ccsv5\tools\compiler\arm_5.0.4\lib\</path>
         <kind>archive</kind>
         <file>rtsv7M4_T_le_v4SPD16_eabi.lib</file>
         <name>raise.obj</name>
      </input_file>
      <input_file id="fl-15e">
         <path>C:\ti\ccsv5\tools\compiler\arm_5.0.4\lib\</path>
         <kind>archive</kind>
         <file>rtsv7M4_T_le_v4SPD16_eabi.lib</file>
         <name>signal.obj</name>
      </input_file>
      <input_file id="fl-15f">
         <path>C:\ti\ccsv5\tools\compiler\arm_5.0.4\lib\</path>
         <kind>archive</kind>
         <file>rtsv7M4_T_le_v4SPD16_eabi.lib</file>
         <name>xdnorm.obj</name>
      </input_file>
      <input_file id="fl-160">
         <path>C:\ti\ccsv5\tools\compiler\arm_5.0.4\lib\</path>
         <kind>archive</kind>
         <file>rtsv7M4_T_le_v4SPD16_eabi.lib</file>
         <name>xdtest.obj</name>
      </input_file>
   </input_file_list>
   <object_component_list>
      <object_component id="oc-e">
         <name>.intvecs</name>
         <load_address>0x0</load_address>
         <run_address>0x0</run_address>
         <size>0x26c</size>
         <input_file_ref idref="fl-3"/>
      </object_component>
      <object_component id="oc-26">
         <name>.text</name>
         <load_address>0x26c</load_address>
         <run_address>0x26c</run_address>
         <size>0x14c0</size>
         <input_file_ref idref="fl-4"/>
      </object_component>
      <object_component id="oc-5e">
         <name>.text</name>
         <load_address>0x172c</load_address>
         <run_address>0x172c</run_address>
         <size>0x314</size>
         <input_file_ref idref="fl-7"/>
      </object_component>
      <object_component id="oc-18d">
         <name>.text</name>
         <load_address>0x1a40</load_address>
         <run_address>0x1a40</run_address>
         <size>0x2b4</size>
         <input_file_ref idref="fl-152"/>
      </object_component>
      <object_component id="oc-b4">
         <name>.text</name>
         <load_address>0x1cf4</load_address>
         <run_address>0x1cf4</run_address>
         <size>0x1b6</size>
         <input_file_ref idref="fl-142"/>
      </object_component>
      <object_component id="oc-20a">
         <name>.text</name>
         <load_address>0x1eac</load_address>
         <run_address>0x1eac</run_address>
         <size>0x168</size>
         <input_file_ref idref="fl-15c"/>
      </object_component>
      <object_component id="oc-c0">
         <name>.text</name>
         <load_address>0x2014</load_address>
         <run_address>0x2014</run_address>
         <size>0x154</size>
         <input_file_ref idref="fl-14b"/>
      </object_component>
      <object_component id="oc-c4">
         <name>.text</name>
         <load_address>0x2168</load_address>
         <run_address>0x2168</run_address>
         <size>0x136</size>
         <input_file_ref idref="fl-143"/>
      </object_component>
      <object_component id="oc-154">
         <name>.text:GPIOPadConfigSet</name>
         <load_address>0x229e</load_address>
         <run_address>0x229e</run_address>
         <size>0x130</size>
         <input_file_ref idref="fl-11"/>
      </object_component>
      <object_component id="oc-63">
         <name>.text</name>
         <load_address>0x23d0</load_address>
         <run_address>0x23d0</run_address>
         <size>0x118</size>
         <input_file_ref idref="fl-6"/>
      </object_component>
      <object_component id="oc-59">
         <name>.text:SysCtlClockSet</name>
         <load_address>0x24e8</load_address>
         <run_address>0x24e8</run_address>
         <size>0x104</size>
         <input_file_ref idref="fl-e"/>
      </object_component>
      <object_component id="oc-181">
         <name>.text</name>
         <load_address>0x25ec</load_address>
         <run_address>0x25ec</run_address>
         <size>0x104</size>
         <input_file_ref idref="fl-14f"/>
      </object_component>
      <object_component id="oc-b0">
         <name>.text</name>
         <load_address>0x26f0</load_address>
         <run_address>0x26f0</run_address>
         <size>0xfc</size>
         <input_file_ref idref="fl-144"/>
      </object_component>
      <object_component id="oc-d0">
         <name>.text</name>
         <load_address>0x27ec</load_address>
         <run_address>0x27ec</run_address>
         <size>0xdc</size>
         <input_file_ref idref="fl-5"/>
      </object_component>
      <object_component id="oc-72">
         <name>.text:SysCtlClockGet</name>
         <load_address>0x28c8</load_address>
         <run_address>0x28c8</run_address>
         <size>0xc8</size>
         <input_file_ref idref="fl-e"/>
      </object_component>
      <object_component id="oc-1ec">
         <name>.text</name>
         <load_address>0x2990</load_address>
         <run_address>0x2990</run_address>
         <size>0xbe</size>
         <input_file_ref idref="fl-15f"/>
      </object_component>
      <object_component id="oc-3d">
         <name>.text</name>
         <load_address>0x2a4e</load_address>
         <run_address>0x2a4e</run_address>
         <size>0x9c</size>
         <input_file_ref idref="fl-149"/>
      </object_component>
      <object_component id="oc-2e">
         <name>.text</name>
         <load_address>0x2aec</load_address>
         <run_address>0x2aec</run_address>
         <size>0x94</size>
         <input_file_ref idref="fl-156"/>
      </object_component>
      <object_component id="oc-206">
         <name>.text</name>
         <load_address>0x2b80</load_address>
         <run_address>0x2b80</run_address>
         <size>0x7e</size>
         <input_file_ref idref="fl-159"/>
      </object_component>
      <object_component id="oc-17d">
         <name>.text</name>
         <load_address>0x2bfe</load_address>
         <run_address>0x2bfe</run_address>
         <size>0x64</size>
         <input_file_ref idref="fl-150"/>
      </object_component>
      <object_component id="oc-8c">
         <name>.text:IntEnable</name>
         <load_address>0x2c64</load_address>
         <run_address>0x2c64</run_address>
         <size>0x60</size>
         <input_file_ref idref="fl-10"/>
      </object_component>
      <object_component id="oc-4d">
         <name>.text</name>
         <load_address>0x2cc4</load_address>
         <run_address>0x2cc4</run_address>
         <size>0x5e</size>
         <input_file_ref idref="fl-13e"/>
      </object_component>
      <object_component id="oc-82">
         <name>.text:TimerConfigure</name>
         <load_address>0x2d24</load_address>
         <run_address>0x2d24</run_address>
         <size>0x5c</size>
         <input_file_ref idref="fl-d"/>
      </object_component>
      <object_component id="oc-145">
         <name>.text</name>
         <load_address>0x2d80</load_address>
         <run_address>0x2d80</run_address>
         <size>0x56</size>
         <input_file_ref idref="fl-148"/>
      </object_component>
      <object_component id="oc-b8">
         <name>.text</name>
         <load_address>0x2dd6</load_address>
         <run_address>0x2dd6</run_address>
         <size>0x4a</size>
         <input_file_ref idref="fl-145"/>
      </object_component>
      <object_component id="oc-11b">
         <name>.text:GPIOPinConfigure</name>
         <load_address>0x2e20</load_address>
         <run_address>0x2e20</run_address>
         <size>0x48</size>
         <input_file_ref idref="fl-11"/>
      </object_component>
      <object_component id="oc-10">
         <name>.text</name>
         <load_address>0x2e68</load_address>
         <run_address>0x2e68</run_address>
         <size>0x48</size>
         <input_file_ref idref="fl-13c"/>
      </object_component>
      <object_component id="oc-20e">
         <name>.text</name>
         <load_address>0x2eb0</load_address>
         <run_address>0x2eb0</run_address>
         <size>0x48</size>
         <input_file_ref idref="fl-15a"/>
      </object_component>
      <object_component id="oc-e3">
         <name>.text</name>
         <load_address>0x2ef8</load_address>
         <run_address>0x2ef8</run_address>
         <size>0x44</size>
         <input_file_ref idref="fl-157"/>
      </object_component>
      <object_component id="oc-202">
         <name>.text</name>
         <load_address>0x2f3c</load_address>
         <run_address>0x2f3c</run_address>
         <size>0x44</size>
         <input_file_ref idref="fl-160"/>
      </object_component>
      <object_component id="oc-125">
         <name>.text:SSIConfigSetExpClk</name>
         <load_address>0x2f80</load_address>
         <run_address>0x2f80</run_address>
         <size>0x42</size>
         <input_file_ref idref="fl-f"/>
      </object_component>
      <object_component id="oc-137">
         <name>.text:UARTConfigSetExpClk</name>
         <load_address>0x2fc2</load_address>
         <run_address>0x2fc2</run_address>
         <size>0x40</size>
         <input_file_ref idref="fl-c"/>
      </object_component>
      <object_component id="oc-36">
         <name>.text</name>
         <load_address>0x3004</load_address>
         <run_address>0x3004</run_address>
         <size>0x40</size>
         <input_file_ref idref="fl-141"/>
      </object_component>
      <object_component id="oc-25a">
         <name>.text</name>
         <load_address>0x3044</load_address>
         <run_address>0x3044</run_address>
         <size>0x40</size>
         <input_file_ref idref="fl-15e"/>
      </object_component>
      <object_component id="oc-bc">
         <name>.text</name>
         <load_address>0x3084</load_address>
         <run_address>0x3084</run_address>
         <size>0x38</size>
         <input_file_ref idref="fl-146"/>
      </object_component>
      <object_component id="oc-78">
         <name>.text:SysCtlPeripheralEnable</name>
         <load_address>0x30bc</load_address>
         <run_address>0x30bc</run_address>
         <size>0x34</size>
         <input_file_ref idref="fl-e"/>
      </object_component>
      <object_component id="oc-1f4">
         <name>.text</name>
         <load_address>0x30f0</load_address>
         <run_address>0x30f0</run_address>
         <size>0x30</size>
         <input_file_ref idref="fl-15b"/>
      </object_component>
      <object_component id="oc-185">
         <name>.text</name>
         <load_address>0x3120</load_address>
         <run_address>0x3120</run_address>
         <size>0x30</size>
         <input_file_ref idref="fl-151"/>
      </object_component>
      <object_component id="oc-ac">
         <name>.text</name>
         <load_address>0x3150</load_address>
         <run_address>0x3150</run_address>
         <size>0x2e</size>
         <input_file_ref idref="fl-147"/>
      </object_component>
      <object_component id="oc-246">
         <name>.text</name>
         <load_address>0x317e</load_address>
         <run_address>0x317e</run_address>
         <size>0x2e</size>
         <input_file_ref idref="fl-15d"/>
      </object_component>
      <object_component id="oc-159">
         <name>.text:GPIODirModeSet</name>
         <load_address>0x31ac</load_address>
         <run_address>0x31ac</run_address>
         <size>0x2a</size>
         <input_file_ref idref="fl-11"/>
      </object_component>
      <object_component id="oc-1c8">
         <name>.text:UARTDisable</name>
         <load_address>0x31d8</load_address>
         <run_address>0x31d8</run_address>
         <size>0x1c</size>
         <input_file_ref idref="fl-c"/>
      </object_component>
      <object_component id="oc-c8">
         <name>.text</name>
         <load_address>0x31f4</load_address>
         <run_address>0x31f4</run_address>
         <size>0x1a</size>
         <input_file_ref idref="fl-140"/>
      </object_component>
      <object_component id="oc-cc">
         <name>.text</name>
         <load_address>0x320e</load_address>
         <run_address>0x320e</run_address>
         <size>0x1a</size>
         <input_file_ref idref="fl-14a"/>
      </object_component>
      <object_component id="oc-7d">
         <name>.text:GPIOPinTypeGPIOOutput</name>
         <load_address>0x3228</load_address>
         <run_address>0x3228</run_address>
         <size>0x18</size>
         <input_file_ref idref="fl-11"/>
      </object_component>
      <object_component id="oc-32">
         <name>.text</name>
         <load_address>0x3240</load_address>
         <run_address>0x3240</run_address>
         <size>0x18</size>
         <input_file_ref idref="fl-155"/>
      </object_component>
      <object_component id="oc-1cd">
         <name>.text:UARTEnable</name>
         <load_address>0x3258</load_address>
         <run_address>0x3258</run_address>
         <size>0x14</size>
         <input_file_ref idref="fl-c"/>
      </object_component>
      <object_component id="oc-1aa">
         <name>.text</name>
         <load_address>0x326c</load_address>
         <run_address>0x326c</run_address>
         <size>0x14</size>
         <input_file_ref idref="fl-154"/>
      </object_component>
      <object_component id="oc-13c">
         <name>.text</name>
         <load_address>0x3280</load_address>
         <run_address>0x3280</run_address>
         <size>0x14</size>
         <input_file_ref idref="fl-14d"/>
      </object_component>
      <object_component id="oc-120">
         <name>.text:GPIOPinTypeSSI</name>
         <load_address>0x3294</load_address>
         <run_address>0x3294</run_address>
         <size>0x12</size>
         <input_file_ref idref="fl-11"/>
      </object_component>
      <object_component id="oc-132">
         <name>.text:GPIOPinTypeUART</name>
         <load_address>0x32a6</load_address>
         <run_address>0x32a6</run_address>
         <size>0x12</size>
         <input_file_ref idref="fl-11"/>
      </object_component>
      <object_component id="oc-87">
         <name>.text:TimerLoadSet</name>
         <load_address>0x32b8</load_address>
         <run_address>0x32b8</run_address>
         <size>0x12</size>
         <input_file_ref idref="fl-d"/>
      </object_component>
      <object_component id="oc-18">
         <name>.text:decompress:ZI</name>
         <load_address>0x32ca</load_address>
         <run_address>0x32ca</run_address>
         <size>0x12</size>
         <input_file_ref idref="fl-13f"/>
      </object_component>
      <object_component id="oc-9b">
         <name>.text:TimerEnable</name>
         <load_address>0x32dc</load_address>
         <run_address>0x32dc</run_address>
         <size>0xe</size>
         <input_file_ref idref="fl-d"/>
      </object_component>
      <object_component id="oc-14">
         <name>.text:decompress:none</name>
         <load_address>0x32ea</load_address>
         <run_address>0x32ea</run_address>
         <size>0xe</size>
         <input_file_ref idref="fl-13d"/>
      </object_component>
      <object_component id="oc-167">
         <name>.text:CPUcpsie</name>
         <load_address>0x32f8</load_address>
         <run_address>0x32f8</run_address>
         <size>0xc</size>
         <input_file_ref idref="fl-12"/>
      </object_component>
      <object_component id="oc-6d">
         <name>.text:SSIDataGet</name>
         <load_address>0x3304</load_address>
         <run_address>0x3304</run_address>
         <size>0xc</size>
         <input_file_ref idref="fl-f"/>
      </object_component>
      <object_component id="oc-193">
         <name>.text:UARTCharsAvail</name>
         <load_address>0x3310</load_address>
         <run_address>0x3310</run_address>
         <size>0xc</size>
         <input_file_ref idref="fl-c"/>
      </object_component>
      <object_component id="oc-21">
         <name>.text</name>
         <load_address>0x331c</load_address>
         <run_address>0x331c</run_address>
         <size>0xc</size>
         <input_file_ref idref="fl-3"/>
      </object_component>
      <object_component id="oc-96">
         <name>.text:IntMasterEnable</name>
         <load_address>0x3328</load_address>
         <run_address>0x3328</run_address>
         <size>0xa</size>
         <input_file_ref idref="fl-10"/>
      </object_component>
      <object_component id="oc-68">
         <name>.text:SSIDataPut</name>
         <load_address>0x3332</load_address>
         <run_address>0x3332</run_address>
         <size>0xa</size>
         <input_file_ref idref="fl-f"/>
      </object_component>
      <object_component id="oc-12a">
         <name>.text:SSIEnable</name>
         <load_address>0x333c</load_address>
         <run_address>0x333c</run_address>
         <size>0xa</size>
         <input_file_ref idref="fl-f"/>
      </object_component>
      <object_component id="oc-198">
         <name>.text:UARTCharGet</name>
         <load_address>0x3346</load_address>
         <run_address>0x3346</run_address>
         <size>0xa</size>
         <input_file_ref idref="fl-c"/>
      </object_component>
      <object_component id="oc-140">
         <name>.text:UARTCharPut</name>
         <load_address>0x3350</load_address>
         <run_address>0x3350</run_address>
         <size>0xa</size>
         <input_file_ref idref="fl-c"/>
      </object_component>
      <object_component id="oc-91">
         <name>.text:TimerIntEnable</name>
         <load_address>0x335a</load_address>
         <run_address>0x335a</run_address>
         <size>0x8</size>
         <input_file_ref idref="fl-d"/>
      </object_component>
      <object_component id="oc-a7">
         <name>.text:GPIOPinWrite</name>
         <load_address>0x3362</load_address>
         <run_address>0x3362</run_address>
         <size>0x6</size>
         <input_file_ref idref="fl-11"/>
      </object_component>
      <object_component id="oc-77">
         <name>.text:SysCtlDelay</name>
         <load_address>0x3368</load_address>
         <run_address>0x3368</run_address>
         <size>0x6</size>
         <input_file_ref idref="fl-e"/>
      </object_component>
      <object_component id="oc-1c">
         <name>.text:decompress:rle24</name>
         <load_address>0x336e</load_address>
         <run_address>0x336e</run_address>
         <size>0x6</size>
         <input_file_ref idref="fl-13e"/>
      </object_component>
      <object_component id="oc-a2">
         <name>.text:TimerIntClear</name>
         <load_address>0x3374</load_address>
         <run_address>0x3374</run_address>
         <size>0x4</size>
         <input_file_ref idref="fl-d"/>
      </object_component>
      <object_component id="oc-1bf">
         <name>.const:g_pui32GPIOBaseAddrs</name>
         <load_address>0x3378</load_address>
         <run_address>0x3378</run_address>
         <size>0x90</size>
         <input_file_ref idref="fl-11"/>
      </object_component>
      <object_component id="oc-212">
         <name>.const</name>
         <load_address>0x3408</load_address>
         <run_address>0x3408</run_address>
         <size>0x80</size>
         <input_file_ref idref="fl-152"/>
      </object_component>
      <object_component id="oc-162">
         <name>.const</name>
         <load_address>0x3488</load_address>
         <run_address>0x3488</run_address>
         <size>0x70</size>
         <input_file_ref idref="fl-10"/>
      </object_component>
      <object_component id="oc-150">
         <name>.const:g_pui32Xtals</name>
         <load_address>0x34f8</load_address>
         <run_address>0x34f8</run_address>
         <size>0x6c</size>
         <input_file_ref idref="fl-e"/>
      </object_component>
      <object_component id="oc-2a0">
         <name>.cinit..data.load</name>
         <load_address>0x3568</load_address>
         <run_address>0x3568</run_address>
         <size>0x41</size>
      </object_component>
      <object_component id="oc-29e">
         <name>__TI_handler_table</name>
         <load_address>0x35ac</load_address>
         <run_address>0x35ac</run_address>
         <size>0xc</size>
      </object_component>
      <object_component id="oc-2a1">
         <name>.cinit..bss.load</name>
         <load_address>0x35b8</load_address>
         <run_address>0x35b8</run_address>
         <size>0x8</size>
      </object_component>
      <object_component id="oc-29f">
         <name>__TI_cinit_table</name>
         <load_address>0x35c0</load_address>
         <run_address>0x35c0</run_address>
         <size>0x10</size>
      </object_component>
      <object_component id="oc-3a">
         <name>.data</name>
         <load_address>0x20000564</load_address>
         <run_address>0x20000564</run_address>
         <size>0x4</size>
         <input_file_ref idref="fl-14c"/>
      </object_component>
      <object_component id="oc-ee">
         <name>.data</name>
         <load_address>0x20000548</load_address>
         <run_address>0x20000548</run_address>
         <size>0x8</size>
         <input_file_ref idref="fl-154"/>
      </object_component>
      <object_component id="oc-f0">
         <name>.data</name>
         <load_address>0x20000550</load_address>
         <run_address>0x20000550</run_address>
         <size>0x8</size>
         <input_file_ref idref="fl-141"/>
      </object_component>
      <object_component id="oc-189">
         <name>.data</name>
         <load_address>0x200004c8</load_address>
         <run_address>0x200004c8</run_address>
         <size>0x80</size>
         <input_file_ref idref="fl-153"/>
      </object_component>
      <object_component id="oc-1f8">
         <name>.data</name>
         <load_address>0x20000560</load_address>
         <run_address>0x20000560</run_address>
         <size>0x4</size>
         <input_file_ref idref="fl-158"/>
      </object_component>
      <object_component id="oc-24a">
         <name>.data</name>
         <load_address>0x20000558</load_address>
         <run_address>0x20000558</run_address>
         <size>0x8</size>
         <input_file_ref idref="fl-15b"/>
      </object_component>
      <object_component id="oc-272">
         <name>.data:sigtable</name>
         <load_address>0x20000418</load_address>
         <run_address>0x20000418</run_address>
         <size>0xb0</size>
         <input_file_ref idref="fl-15e"/>
      </object_component>
      <object_component id="oc-a0">
         <name>.bss</name>
         <uninitialized>true</uninitialized>
         <run_address>0x20000000</run_address>
         <size>0x100</size>
         <input_file_ref idref="fl-4"/>
      </object_component>
      <object_component id="oc-12f">
         <name>.bss</name>
         <uninitialized>true</uninitialized>
         <run_address>0x20000200</run_address>
         <size>0xc</size>
         <input_file_ref idref="fl-7"/>
      </object_component>
      <object_component id="oc-149">
         <name>.bss</name>
         <uninitialized>true</uninitialized>
         <run_address>0x2000020c</run_address>
         <size>0xc</size>
         <input_file_ref idref="fl-6"/>
      </object_component>
      <object_component id="oc-19d">
         <name>.bss:sout</name>
         <uninitialized>true</uninitialized>
         <run_address>0x20000100</run_address>
         <size>0x100</size>
         <input_file_ref idref="fl-5"/>
      </object_component>
      <object_component id="oc-20">
         <name>.stack</name>
         <uninitialized>true</uninitialized>
         <run_address>0x20000218</run_address>
         <size>0x0</size>
         <input_file_ref idref="fl-13c"/>
      </object_component>
      <object_component id="oc-2a2">
         <name>.stack</name>
         <uninitialized>true</uninitialized>
         <run_address>0x20000218</run_address>
         <size>0x0</size>
      </object_component>
      <object_component id="oc-f">
         <name>.debug_info</name>
         <load_address>0x0</load_address>
         <run_address>0x0</run_address>
         <size>0xd8</size>
         <input_file_ref idref="fl-3"/>
      </object_component>
      <object_component id="oc-11">
         <name>.debug_info</name>
         <load_address>0xd8</load_address>
         <run_address>0xd8</run_address>
         <size>0xf4</size>
         <input_file_ref idref="fl-13c"/>
      </object_component>
      <object_component id="oc-15">
         <name>.debug_info</name>
         <load_address>0x1cc</load_address>
         <run_address>0x1cc</run_address>
         <size>0x159</size>
         <input_file_ref idref="fl-13d"/>
      </object_component>
      <object_component id="oc-19">
         <name>.debug_info</name>
         <load_address>0x325</load_address>
         <run_address>0x325</run_address>
         <size>0x193</size>
         <input_file_ref idref="fl-13f"/>
      </object_component>
      <object_component id="oc-1d">
         <name>.debug_info</name>
         <load_address>0x4b8</load_address>
         <run_address>0x4b8</run_address>
         <size>0x16a</size>
         <input_file_ref idref="fl-13e"/>
      </object_component>
      <object_component id="oc-22">
         <name>.debug_info</name>
         <load_address>0x622</load_address>
         <run_address>0x622</run_address>
         <size>0x32b</size>
         <input_file_ref idref="fl-3"/>
      </object_component>
      <object_component id="oc-27">
         <name>.debug_info</name>
         <load_address>0x94d</load_address>
         <run_address>0x94d</run_address>
         <size>0xfb2</size>
         <input_file_ref idref="fl-4"/>
      </object_component>
      <object_component id="oc-2d">
         <name>.debug_info</name>
         <load_address>0x18ff</load_address>
         <run_address>0x18ff</run_address>
         <size>0x115</size>
         <input_file_ref idref="fl-3"/>
      </object_component>
      <object_component id="oc-2f">
         <name>.debug_info</name>
         <load_address>0x1a14</load_address>
         <run_address>0x1a14</run_address>
         <size>0x13f</size>
         <input_file_ref idref="fl-156"/>
      </object_component>
      <object_component id="oc-33">
         <name>.debug_info</name>
         <load_address>0x1b53</load_address>
         <run_address>0x1b53</run_address>
         <size>0xfe</size>
         <input_file_ref idref="fl-155"/>
      </object_component>
      <object_component id="oc-37">
         <name>.debug_info</name>
         <load_address>0x1c51</load_address>
         <run_address>0x1c51</run_address>
         <size>0x205</size>
         <input_file_ref idref="fl-141"/>
      </object_component>
      <object_component id="oc-3b">
         <name>.debug_info</name>
         <load_address>0x1e56</load_address>
         <run_address>0x1e56</run_address>
         <size>0xbe</size>
         <input_file_ref idref="fl-14c"/>
      </object_component>
      <object_component id="oc-3e">
         <name>.debug_info</name>
         <load_address>0x1f14</load_address>
         <run_address>0x1f14</run_address>
         <size>0xcd</size>
         <input_file_ref idref="fl-149"/>
      </object_component>
      <object_component id="oc-42">
         <name>.debug_info</name>
         <load_address>0x1fe1</load_address>
         <run_address>0x1fe1</run_address>
         <size>0x46</size>
         <input_file_ref idref="fl-13d"/>
      </object_component>
      <object_component id="oc-48">
         <name>.debug_info</name>
         <load_address>0x2027</load_address>
         <run_address>0x2027</run_address>
         <size>0x46</size>
         <input_file_ref idref="fl-13f"/>
      </object_component>
      <object_component id="oc-4e">
         <name>.debug_info</name>
         <load_address>0x206d</load_address>
         <run_address>0x206d</run_address>
         <size>0x318</size>
         <input_file_ref idref="fl-13e"/>
      </object_component>
      <object_component id="oc-52">
         <name>.debug_info</name>
         <load_address>0x2385</load_address>
         <run_address>0x2385</run_address>
         <size>0xb2</size>
         <input_file_ref idref="fl-13e"/>
      </object_component>
      <object_component id="oc-53">
         <name>.debug_info</name>
         <load_address>0x2437</load_address>
         <run_address>0x2437</run_address>
         <size>0x39</size>
         <input_file_ref idref="fl-13e"/>
      </object_component>
      <object_component id="oc-5a">
         <name>.debug_info</name>
         <load_address>0x2470</load_address>
         <run_address>0x2470</run_address>
         <size>0x2d4</size>
         <input_file_ref idref="fl-e"/>
      </object_component>
      <object_component id="oc-5f">
         <name>.debug_info</name>
         <load_address>0x2744</load_address>
         <run_address>0x2744</run_address>
         <size>0x968</size>
         <input_file_ref idref="fl-7"/>
      </object_component>
      <object_component id="oc-64">
         <name>.debug_info</name>
         <load_address>0x30ac</load_address>
         <run_address>0x30ac</run_address>
         <size>0x557</size>
         <input_file_ref idref="fl-6"/>
      </object_component>
      <object_component id="oc-69">
         <name>.debug_info</name>
         <load_address>0x3603</load_address>
         <run_address>0x3603</run_address>
         <size>0x25f</size>
         <input_file_ref idref="fl-f"/>
      </object_component>
      <object_component id="oc-6e">
         <name>.debug_info</name>
         <load_address>0x3862</load_address>
         <run_address>0x3862</run_address>
         <size>0x263</size>
         <input_file_ref idref="fl-f"/>
      </object_component>
      <object_component id="oc-73">
         <name>.debug_info</name>
         <load_address>0x3ac5</load_address>
         <run_address>0x3ac5</run_address>
         <size>0x202</size>
         <input_file_ref idref="fl-e"/>
      </object_component>
      <object_component id="oc-79">
         <name>.debug_info</name>
         <load_address>0x3cc7</load_address>
         <run_address>0x3cc7</run_address>
         <size>0x1e1</size>
         <input_file_ref idref="fl-e"/>
      </object_component>
      <object_component id="oc-7e">
         <name>.debug_info</name>
         <load_address>0x3ea8</load_address>
         <run_address>0x3ea8</run_address>
         <size>0x1eb</size>
         <input_file_ref idref="fl-11"/>
      </object_component>
      <object_component id="oc-83">
         <name>.debug_info</name>
         <load_address>0x4093</load_address>
         <run_address>0x4093</run_address>
         <size>0x1f0</size>
         <input_file_ref idref="fl-d"/>
      </object_component>
      <object_component id="oc-88">
         <name>.debug_info</name>
         <load_address>0x4283</load_address>
         <run_address>0x4283</run_address>
         <size>0x21e</size>
         <input_file_ref idref="fl-d"/>
      </object_component>
      <object_component id="oc-8d">
         <name>.debug_info</name>
         <load_address>0x44a1</load_address>
         <run_address>0x44a1</run_address>
         <size>0x1cc</size>
         <input_file_ref idref="fl-10"/>
      </object_component>
      <object_component id="oc-92">
         <name>.debug_info</name>
         <load_address>0x466d</load_address>
         <run_address>0x466d</run_address>
         <size>0x1f8</size>
         <input_file_ref idref="fl-d"/>
      </object_component>
      <object_component id="oc-97">
         <name>.debug_info</name>
         <load_address>0x4865</load_address>
         <run_address>0x4865</run_address>
         <size>0x1a2</size>
         <input_file_ref idref="fl-10"/>
      </object_component>
      <object_component id="oc-9c">
         <name>.debug_info</name>
         <load_address>0x4a07</load_address>
         <run_address>0x4a07</run_address>
         <size>0x1e3</size>
         <input_file_ref idref="fl-d"/>
      </object_component>
      <object_component id="oc-a1">
         <name>.debug_info</name>
         <load_address>0x4bea</load_address>
         <run_address>0x4bea</run_address>
         <size>0x70d</size>
         <input_file_ref idref="fl-4"/>
      </object_component>
      <object_component id="oc-a3">
         <name>.debug_info</name>
         <load_address>0x52f7</load_address>
         <run_address>0x52f7</run_address>
         <size>0x1f6</size>
         <input_file_ref idref="fl-d"/>
      </object_component>
      <object_component id="oc-a8">
         <name>.debug_info</name>
         <load_address>0x54ed</load_address>
         <run_address>0x54ed</run_address>
         <size>0x207</size>
         <input_file_ref idref="fl-11"/>
      </object_component>
      <object_component id="oc-ad">
         <name>.debug_info</name>
         <load_address>0x56f4</load_address>
         <run_address>0x56f4</run_address>
         <size>0xe0</size>
         <input_file_ref idref="fl-147"/>
      </object_component>
      <object_component id="oc-b1">
         <name>.debug_info</name>
         <load_address>0x57d4</load_address>
         <run_address>0x57d4</run_address>
         <size>0xee</size>
         <input_file_ref idref="fl-144"/>
      </object_component>
      <object_component id="oc-b5">
         <name>.debug_info</name>
         <load_address>0x58c2</load_address>
         <run_address>0x58c2</run_address>
         <size>0x100</size>
         <input_file_ref idref="fl-142"/>
      </object_component>
      <object_component id="oc-b9">
         <name>.debug_info</name>
         <load_address>0x59c2</load_address>
         <run_address>0x59c2</run_address>
         <size>0xe9</size>
         <input_file_ref idref="fl-145"/>
      </object_component>
      <object_component id="oc-bd">
         <name>.debug_info</name>
         <load_address>0x5aab</load_address>
         <run_address>0x5aab</run_address>
         <size>0xe0</size>
         <input_file_ref idref="fl-146"/>
      </object_component>
      <object_component id="oc-c1">
         <name>.debug_info</name>
         <load_address>0x5b8b</load_address>
         <run_address>0x5b8b</run_address>
         <size>0x211</size>
         <input_file_ref idref="fl-14b"/>
      </object_component>
      <object_component id="oc-c5">
         <name>.debug_info</name>
         <load_address>0x5d9c</load_address>
         <run_address>0x5d9c</run_address>
         <size>0xee</size>
         <input_file_ref idref="fl-143"/>
      </object_component>
      <object_component id="oc-c9">
         <name>.debug_info</name>
         <load_address>0x5e8a</load_address>
         <run_address>0x5e8a</run_address>
         <size>0xf3</size>
         <input_file_ref idref="fl-140"/>
      </object_component>
      <object_component id="oc-cd">
         <name>.debug_info</name>
         <load_address>0x5f7d</load_address>
         <run_address>0x5f7d</run_address>
         <size>0xf3</size>
         <input_file_ref idref="fl-14a"/>
      </object_component>
      <object_component id="oc-d1">
         <name>.debug_info</name>
         <load_address>0x6070</load_address>
         <run_address>0x6070</run_address>
         <size>0x57d</size>
         <input_file_ref idref="fl-5"/>
      </object_component>
      <object_component id="oc-d6">
         <name>.debug_info</name>
         <load_address>0x65ed</load_address>
         <run_address>0x65ed</run_address>
         <size>0x90</size>
         <input_file_ref idref="fl-2"/>
      </object_component>
      <object_component id="oc-db">
         <name>.debug_info</name>
         <load_address>0x667d</load_address>
         <run_address>0x667d</run_address>
         <size>0x18b</size>
         <input_file_ref idref="fl-2"/>
      </object_component>
      <object_component id="oc-e0">
         <name>.debug_info</name>
         <load_address>0x6808</load_address>
         <run_address>0x6808</run_address>
         <size>0x4db</size>
         <input_file_ref idref="fl-4"/>
      </object_component>
      <object_component id="oc-e4">
         <name>.debug_info</name>
         <load_address>0x6ce3</load_address>
         <run_address>0x6ce3</run_address>
         <size>0x191</size>
         <input_file_ref idref="fl-157"/>
      </object_component>
      <object_component id="oc-e9">
         <name>.debug_info</name>
         <load_address>0x6e74</load_address>
         <run_address>0x6e74</run_address>
         <size>0x90</size>
         <input_file_ref idref="fl-140"/>
      </object_component>
      <object_component id="oc-ef">
         <name>.debug_info</name>
         <load_address>0x6f04</load_address>
         <run_address>0x6f04</run_address>
         <size>0xc8</size>
         <input_file_ref idref="fl-154"/>
      </object_component>
      <object_component id="oc-f1">
         <name>.debug_info</name>
         <load_address>0x6fcc</load_address>
         <run_address>0x6fcc</run_address>
         <size>0xdb</size>
         <input_file_ref idref="fl-141"/>
      </object_component>
      <object_component id="oc-f3">
         <name>.debug_info</name>
         <load_address>0x70a7</load_address>
         <run_address>0x70a7</run_address>
         <size>0x89</size>
         <input_file_ref idref="fl-13d"/>
      </object_component>
      <object_component id="oc-fa">
         <name>.debug_info</name>
         <load_address>0x7130</load_address>
         <run_address>0x7130</run_address>
         <size>0x83</size>
         <input_file_ref idref="fl-14c"/>
      </object_component>
      <object_component id="oc-100">
         <name>.debug_info</name>
         <load_address>0x71b3</load_address>
         <run_address>0x71b3</run_address>
         <size>0x46</size>
         <input_file_ref idref="fl-13d"/>
      </object_component>
      <object_component id="oc-105">
         <name>.debug_info</name>
         <load_address>0x71f9</load_address>
         <run_address>0x71f9</run_address>
         <size>0xe8</size>
         <input_file_ref idref="fl-13d"/>
      </object_component>
      <object_component id="oc-106">
         <name>.debug_info</name>
         <load_address>0x72e1</load_address>
         <run_address>0x72e1</run_address>
         <size>0x2c</size>
         <input_file_ref idref="fl-13e"/>
      </object_component>
      <object_component id="oc-10b">
         <name>.debug_info</name>
         <load_address>0x730d</load_address>
         <run_address>0x730d</run_address>
         <size>0xa8</size>
         <input_file_ref idref="fl-13f"/>
      </object_component>
      <object_component id="oc-10d">
         <name>.debug_info</name>
         <load_address>0x73b5</load_address>
         <run_address>0x73b5</run_address>
         <size>0x84</size>
         <input_file_ref idref="fl-13e"/>
      </object_component>
      <object_component id="oc-115">
         <name>.debug_info</name>
         <load_address>0x7439</load_address>
         <run_address>0x7439</run_address>
         <size>0x18b</size>
         <input_file_ref idref="fl-c"/>
      </object_component>
      <object_component id="oc-11a">
         <name>.debug_info</name>
         <load_address>0x75c4</load_address>
         <run_address>0x75c4</run_address>
         <size>0x226</size>
         <input_file_ref idref="fl-e"/>
      </object_component>
      <object_component id="oc-11c">
         <name>.debug_info</name>
         <load_address>0x77ea</load_address>
         <run_address>0x77ea</run_address>
         <size>0x1e4</size>
         <input_file_ref idref="fl-11"/>
      </object_component>
      <object_component id="oc-121">
         <name>.debug_info</name>
         <load_address>0x79ce</load_address>
         <run_address>0x79ce</run_address>
         <size>0x1dd</size>
         <input_file_ref idref="fl-11"/>
      </object_component>
      <object_component id="oc-126">
         <name>.debug_info</name>
         <load_address>0x7bab</load_address>
         <run_address>0x7bab</run_address>
         <size>0x3c2</size>
         <input_file_ref idref="fl-f"/>
      </object_component>
      <object_component id="oc-12b">
         <name>.debug_info</name>
         <load_address>0x7f6d</load_address>
         <run_address>0x7f6d</run_address>
         <size>0x1a6</size>
         <input_file_ref idref="fl-f"/>
      </object_component>
      <object_component id="oc-130">
         <name>.debug_info</name>
         <load_address>0x8113</load_address>
         <run_address>0x8113</run_address>
         <size>0x106</size>
         <input_file_ref idref="fl-7"/>
      </object_component>
      <object_component id="oc-133">
         <name>.debug_info</name>
         <load_address>0x8219</load_address>
         <run_address>0x8219</run_address>
         <size>0x1df</size>
         <input_file_ref idref="fl-11"/>
      </object_component>
      <object_component id="oc-138">
         <name>.debug_info</name>
         <load_address>0x83f8</load_address>
         <run_address>0x83f8</run_address>
         <size>0x28a</size>
         <input_file_ref idref="fl-c"/>
      </object_component>
      <object_component id="oc-13d">
         <name>.debug_info</name>
         <load_address>0x8682</load_address>
         <run_address>0x8682</run_address>
         <size>0x194</size>
         <input_file_ref idref="fl-14d"/>
      </object_component>
      <object_component id="oc-141">
         <name>.debug_info</name>
         <load_address>0x8816</load_address>
         <run_address>0x8816</run_address>
         <size>0x25d</size>
         <input_file_ref idref="fl-c"/>
      </object_component>
      <object_component id="oc-146">
         <name>.debug_info</name>
         <load_address>0x8a73</load_address>
         <run_address>0x8a73</run_address>
         <size>0x15a</size>
         <input_file_ref idref="fl-148"/>
      </object_component>
      <object_component id="oc-14a">
         <name>.debug_info</name>
         <load_address>0x8bcd</load_address>
         <run_address>0x8bcd</run_address>
         <size>0xc2</size>
         <input_file_ref idref="fl-6"/>
      </object_component>
      <object_component id="oc-14c">
         <name>.debug_info</name>
         <load_address>0x8c8f</load_address>
         <run_address>0x8c8f</run_address>
         <size>0x291</size>
         <input_file_ref idref="fl-6"/>
      </object_component>
      <object_component id="oc-14e">
         <name>.debug_info</name>
         <load_address>0x8f20</load_address>
         <run_address>0x8f20</run_address>
         <size>0x1c3</size>
         <input_file_ref idref="fl-f"/>
      </object_component>
      <object_component id="oc-151">
         <name>.debug_info</name>
         <load_address>0x90e3</load_address>
         <run_address>0x90e3</run_address>
         <size>0xff</size>
         <input_file_ref idref="fl-e"/>
      </object_component>
      <object_component id="oc-155">
         <name>.debug_info</name>
         <load_address>0x91e2</load_address>
         <run_address>0x91e2</run_address>
         <size>0x312</size>
         <input_file_ref idref="fl-11"/>
      </object_component>
      <object_component id="oc-15a">
         <name>.debug_info</name>
         <load_address>0x94f4</load_address>
         <run_address>0x94f4</run_address>
         <size>0x217</size>
         <input_file_ref idref="fl-11"/>
      </object_component>
      <object_component id="oc-160">
         <name>.debug_info</name>
         <load_address>0x970b</load_address>
         <run_address>0x970b</run_address>
         <size>0x1cf</size>
         <input_file_ref idref="fl-d"/>
      </object_component>
      <object_component id="oc-163">
         <name>.debug_info</name>
         <load_address>0x98da</load_address>
         <run_address>0x98da</run_address>
         <size>0x1c2</size>
         <input_file_ref idref="fl-10"/>
      </object_component>
      <object_component id="oc-165">
         <name>.debug_info</name>
         <load_address>0x9a9c</load_address>
         <run_address>0x9a9c</run_address>
         <size>0x1ba</size>
         <input_file_ref idref="fl-10"/>
      </object_component>
      <object_component id="oc-168">
         <name>.debug_info</name>
         <load_address>0x9c56</load_address>
         <run_address>0x9c56</run_address>
         <size>0x176</size>
         <input_file_ref idref="fl-12"/>
      </object_component>
      <object_component id="oc-16d">
         <name>.debug_info</name>
         <load_address>0x9dcc</load_address>
         <run_address>0x9dcc</run_address>
         <size>0x90</size>
         <input_file_ref idref="fl-c"/>
      </object_component>
      <object_component id="oc-177">
         <name>.debug_info</name>
         <load_address>0x9e5c</load_address>
         <run_address>0x9e5c</run_address>
         <size>0x1d7</size>
         <input_file_ref idref="fl-11"/>
      </object_component>
      <object_component id="oc-17e">
         <name>.debug_info</name>
         <load_address>0xa033</load_address>
         <run_address>0xa033</run_address>
         <size>0x11c</size>
         <input_file_ref idref="fl-150"/>
      </object_component>
      <object_component id="oc-182">
         <name>.debug_info</name>
         <load_address>0xa14f</load_address>
         <run_address>0xa14f</run_address>
         <size>0x175</size>
         <input_file_ref idref="fl-14f"/>
      </object_component>
      <object_component id="oc-186">
         <name>.debug_info</name>
         <load_address>0xa2c4</load_address>
         <run_address>0xa2c4</run_address>
         <size>0x116</size>
         <input_file_ref idref="fl-151"/>
      </object_component>
      <object_component id="oc-18a">
         <name>.debug_info</name>
         <load_address>0xa3da</load_address>
         <run_address>0xa3da</run_address>
         <size>0x189</size>
         <input_file_ref idref="fl-153"/>
      </object_component>
      <object_component id="oc-18e">
         <name>.debug_info</name>
         <load_address>0xa563</load_address>
         <run_address>0xa563</run_address>
         <size>0x418</size>
         <input_file_ref idref="fl-152"/>
      </object_component>
      <object_component id="oc-194">
         <name>.debug_info</name>
         <load_address>0xa97b</load_address>
         <run_address>0xa97b</run_address>
         <size>0x1b7</size>
         <input_file_ref idref="fl-c"/>
      </object_component>
      <object_component id="oc-199">
         <name>.debug_info</name>
         <load_address>0xab32</load_address>
         <run_address>0xab32</run_address>
         <size>0x237</size>
         <input_file_ref idref="fl-c"/>
      </object_component>
      <object_component id="oc-19e">
         <name>.debug_info</name>
         <load_address>0xad69</load_address>
         <run_address>0xad69</run_address>
         <size>0xc3</size>
         <input_file_ref idref="fl-5"/>
      </object_component>
      <object_component id="oc-1a0">
         <name>.debug_info</name>
         <load_address>0xae2c</load_address>
         <run_address>0xae2c</run_address>
         <size>0x2c</size>
         <input_file_ref idref="fl-2"/>
      </object_component>
      <object_component id="oc-1a5">
         <name>.debug_info</name>
         <load_address>0xae58</load_address>
         <run_address>0xae58</run_address>
         <size>0x2b5</size>
         <input_file_ref idref="fl-5"/>
      </object_component>
      <object_component id="oc-1a9">
         <name>.debug_info</name>
         <load_address>0xb10d</load_address>
         <run_address>0xb10d</run_address>
         <size>0x143</size>
         <input_file_ref idref="fl-157"/>
      </object_component>
      <object_component id="oc-1ab">
         <name>.debug_info</name>
         <load_address>0xb250</load_address>
         <run_address>0xb250</run_address>
         <size>0x1ba</size>
         <input_file_ref idref="fl-154"/>
      </object_component>
      <object_component id="oc-1b0">
         <name>.debug_info</name>
         <load_address>0xb40a</load_address>
         <run_address>0xb40a</run_address>
         <size>0xd4</size>
         <input_file_ref idref="fl-154"/>
      </object_component>
      <object_component id="oc-1b3">
         <name>.debug_info</name>
         <load_address>0xb4de</load_address>
         <run_address>0xb4de</run_address>
         <size>0x131</size>
         <input_file_ref idref="fl-141"/>
      </object_component>
      <object_component id="oc-1ba">
         <name>.debug_info</name>
         <load_address>0xb60f</load_address>
         <run_address>0xb60f</run_address>
         <size>0x5f</size>
         <input_file_ref idref="fl-e"/>
      </object_component>
      <object_component id="oc-1c0">
         <name>.debug_info</name>
         <load_address>0xb66e</load_address>
         <run_address>0xb66e</run_address>
         <size>0x10d</size>
         <input_file_ref idref="fl-11"/>
      </object_component>
      <object_component id="oc-1c9">
         <name>.debug_info</name>
         <load_address>0xb77b</load_address>
         <run_address>0xb77b</run_address>
         <size>0x233</size>
         <input_file_ref idref="fl-c"/>
      </object_component>
      <object_component id="oc-1ce">
         <name>.debug_info</name>
         <load_address>0xb9ae</load_address>
         <run_address>0xb9ae</run_address>
         <size>0x1ab</size>
         <input_file_ref idref="fl-c"/>
      </object_component>
      <object_component id="oc-1d3">
         <name>.debug_info</name>
         <load_address>0xbb59</load_address>
         <run_address>0xbb59</run_address>
         <size>0x1ce</size>
         <input_file_ref idref="fl-c"/>
      </object_component>
      <object_component id="oc-1d5">
         <name>.debug_info</name>
         <load_address>0xbd27</load_address>
         <run_address>0xbd27</run_address>
         <size>0x9a</size>
         <input_file_ref idref="fl-14d"/>
      </object_component>
      <object_component id="oc-1d8">
         <name>.debug_info</name>
         <load_address>0xbdc1</load_address>
         <run_address>0xbdc1</run_address>
         <size>0xe9</size>
         <input_file_ref idref="fl-148"/>
      </object_component>
      <object_component id="oc-1ed">
         <name>.debug_info</name>
         <load_address>0xbeaa</load_address>
         <run_address>0xbeaa</run_address>
         <size>0x1ed</size>
         <input_file_ref idref="fl-15f"/>
      </object_component>
      <object_component id="oc-1f1">
         <name>.debug_info</name>
         <load_address>0xc097</load_address>
         <run_address>0xc097</run_address>
         <size>0xd9</size>
         <input_file_ref idref="fl-150"/>
      </object_component>
      <object_component id="oc-1f3">
         <name>.debug_info</name>
         <load_address>0xc170</load_address>
         <run_address>0xc170</run_address>
         <size>0xe6</size>
         <input_file_ref idref="fl-14f"/>
      </object_component>
      <object_component id="oc-1f5">
         <name>.debug_info</name>
         <load_address>0xc256</load_address>
         <run_address>0xc256</run_address>
         <size>0x132</size>
         <input_file_ref idref="fl-15b"/>
      </object_component>
      <object_component id="oc-1f9">
         <name>.debug_info</name>
         <load_address>0xc388</load_address>
         <run_address>0xc388</run_address>
         <size>0xab</size>
         <input_file_ref idref="fl-158"/>
      </object_component>
      <object_component id="oc-1fd">
         <name>.debug_info</name>
         <load_address>0xc433</load_address>
         <run_address>0xc433</run_address>
         <size>0x86</size>
         <input_file_ref idref="fl-140"/>
      </object_component>
      <object_component id="oc-203">
         <name>.debug_info</name>
         <load_address>0xc4b9</load_address>
         <run_address>0xc4b9</run_address>
         <size>0x106</size>
         <input_file_ref idref="fl-160"/>
      </object_component>
      <object_component id="oc-207">
         <name>.debug_info</name>
         <load_address>0xc5bf</load_address>
         <run_address>0xc5bf</run_address>
         <size>0xdc</size>
         <input_file_ref idref="fl-159"/>
      </object_component>
      <object_component id="oc-20b">
         <name>.debug_info</name>
         <load_address>0xc69b</load_address>
         <run_address>0xc69b</run_address>
         <size>0x27b</size>
         <input_file_ref idref="fl-15c"/>
      </object_component>
      <object_component id="oc-20f">
         <name>.debug_info</name>
         <load_address>0xc916</load_address>
         <run_address>0xc916</run_address>
         <size>0xe2</size>
         <input_file_ref idref="fl-15a"/>
      </object_component>
      <object_component id="oc-213">
         <name>.debug_info</name>
         <load_address>0xc9f8</load_address>
         <run_address>0xc9f8</run_address>
         <size>0x111</size>
         <input_file_ref idref="fl-152"/>
      </object_component>
      <object_component id="oc-21b">
         <name>.debug_info</name>
         <load_address>0xcb09</load_address>
         <run_address>0xcb09</run_address>
         <size>0x2c</size>
         <input_file_ref idref="fl-4"/>
      </object_component>
      <object_component id="oc-222">
         <name>.debug_info</name>
         <load_address>0xcb35</load_address>
         <run_address>0xcb35</run_address>
         <size>0xcd</size>
         <input_file_ref idref="fl-157"/>
      </object_component>
      <object_component id="oc-234">
         <name>.debug_info</name>
         <load_address>0xcc02</load_address>
         <run_address>0xcc02</run_address>
         <size>0x8b</size>
         <input_file_ref idref="fl-14d"/>
      </object_component>
      <object_component id="oc-23c">
         <name>.debug_info</name>
         <load_address>0xcc8d</load_address>
         <run_address>0xcc8d</run_address>
         <size>0xa9</size>
         <input_file_ref idref="fl-15f"/>
      </object_component>
      <object_component id="oc-241">
         <name>.debug_info</name>
         <load_address>0xcd36</load_address>
         <run_address>0xcd36</run_address>
         <size>0x86</size>
         <input_file_ref idref="fl-14f"/>
      </object_component>
      <object_component id="oc-247">
         <name>.debug_info</name>
         <load_address>0xcdbc</load_address>
         <run_address>0xcdbc</run_address>
         <size>0x112</size>
         <input_file_ref idref="fl-15d"/>
      </object_component>
      <object_component id="oc-24b">
         <name>.debug_info</name>
         <load_address>0xcece</load_address>
         <run_address>0xcece</run_address>
         <size>0xe2</size>
         <input_file_ref idref="fl-15b"/>
      </object_component>
      <object_component id="oc-24f">
         <name>.debug_info</name>
         <load_address>0xcfb0</load_address>
         <run_address>0xcfb0</run_address>
         <size>0xc3</size>
         <input_file_ref idref="fl-140"/>
      </object_component>
      <object_component id="oc-251">
         <name>.debug_info</name>
         <load_address>0xd073</load_address>
         <run_address>0xd073</run_address>
         <size>0xa9</size>
         <input_file_ref idref="fl-160"/>
      </object_component>
      <object_component id="oc-257">
         <name>.debug_info</name>
         <load_address>0xd11c</load_address>
         <run_address>0xd11c</run_address>
         <size>0x178</size>
         <input_file_ref idref="fl-152"/>
      </object_component>
      <object_component id="oc-25b">
         <name>.debug_info</name>
         <load_address>0xd294</load_address>
         <run_address>0xd294</run_address>
         <size>0x119</size>
         <input_file_ref idref="fl-15e"/>
      </object_component>
      <object_component id="oc-261">
         <name>.debug_info</name>
         <load_address>0xd3ad</load_address>
         <run_address>0xd3ad</run_address>
         <size>0x6f</size>
         <input_file_ref idref="fl-151"/>
      </object_component>
      <object_component id="oc-266">
         <name>.debug_info</name>
         <load_address>0xd41c</load_address>
         <run_address>0xd41c</run_address>
         <size>0x144</size>
         <input_file_ref idref="fl-15b"/>
      </object_component>
      <object_component id="oc-26d">
         <name>.debug_info</name>
         <load_address>0xd560</load_address>
         <run_address>0xd560</run_address>
         <size>0x86</size>
         <input_file_ref idref="fl-152"/>
      </object_component>
      <object_component id="oc-273">
         <name>.debug_info</name>
         <load_address>0xd5e6</load_address>
         <run_address>0xd5e6</run_address>
         <size>0xaf</size>
         <input_file_ref idref="fl-15e"/>
      </object_component>
      <object_component id="oc-275">
         <name>.debug_info</name>
         <load_address>0xd695</load_address>
         <run_address>0xd695</run_address>
         <size>0xed</size>
         <input_file_ref idref="fl-15e"/>
      </object_component>
      <object_component id="oc-27c">
         <name>.debug_info</name>
         <load_address>0xd782</load_address>
         <run_address>0xd782</run_address>
         <size>0x39</size>
         <input_file_ref idref="fl-15d"/>
      </object_component>
      <object_component id="oc-281">
         <name>.debug_info</name>
         <load_address>0xd7bb</load_address>
         <run_address>0xd7bb</run_address>
         <size>0xd3</size>
         <input_file_ref idref="fl-15d"/>
      </object_component>
      <object_component id="oc-2a3">
         <name>.debug_info</name>
         <load_address>0xd88e</load_address>
         <run_address>0xd88e</run_address>
         <size>0x9f</size>
      </object_component>
      <object_component id="oc-12">
         <name>.debug_line</name>
         <load_address>0x0</load_address>
         <run_address>0x0</run_address>
         <size>0x4f</size>
         <input_file_ref idref="fl-13c"/>
      </object_component>
      <object_component id="oc-16">
         <name>.debug_line</name>
         <load_address>0x4f</load_address>
         <run_address>0x4f</run_address>
         <size>0x4d</size>
         <input_file_ref idref="fl-13d"/>
      </object_component>
      <object_component id="oc-1a">
         <name>.debug_line</name>
         <load_address>0x9c</load_address>
         <run_address>0x9c</run_address>
         <size>0x4c</size>
         <input_file_ref idref="fl-13f"/>
      </object_component>
      <object_component id="oc-1e">
         <name>.debug_line</name>
         <load_address>0xe8</load_address>
         <run_address>0xe8</run_address>
         <size>0x4c</size>
         <input_file_ref idref="fl-13e"/>
      </object_component>
      <object_component id="oc-23">
         <name>.debug_line</name>
         <load_address>0x134</load_address>
         <run_address>0x134</run_address>
         <size>0x94</size>
         <input_file_ref idref="fl-3"/>
      </object_component>
      <object_component id="oc-28">
         <name>.debug_line</name>
         <load_address>0x1c8</load_address>
         <run_address>0x1c8</run_address>
         <size>0x217</size>
         <input_file_ref idref="fl-4"/>
      </object_component>
      <object_component id="oc-2c">
         <name>.debug_line</name>
         <load_address>0x3df</load_address>
         <run_address>0x3df</run_address>
         <size>0x34</size>
         <input_file_ref idref="fl-3"/>
      </object_component>
      <object_component id="oc-30">
         <name>.debug_line</name>
         <load_address>0x413</load_address>
         <run_address>0x413</run_address>
         <size>0x87</size>
         <input_file_ref idref="fl-156"/>
      </object_component>
      <object_component id="oc-34">
         <name>.debug_line</name>
         <load_address>0x49a</load_address>
         <run_address>0x49a</run_address>
         <size>0x42</size>
         <input_file_ref idref="fl-155"/>
      </object_component>
      <object_component id="oc-38">
         <name>.debug_line</name>
         <load_address>0x4dc</load_address>
         <run_address>0x4dc</run_address>
         <size>0x71</size>
         <input_file_ref idref="fl-141"/>
      </object_component>
      <object_component id="oc-3f">
         <name>.debug_line</name>
         <load_address>0x54d</load_address>
         <run_address>0x54d</run_address>
         <size>0x88</size>
         <input_file_ref idref="fl-149"/>
      </object_component>
      <object_component id="oc-44">
         <name>.debug_line</name>
         <load_address>0x5d5</load_address>
         <run_address>0x5d5</run_address>
         <size>0x3a</size>
         <input_file_ref idref="fl-13d"/>
      </object_component>
      <object_component id="oc-4a">
         <name>.debug_line</name>
         <load_address>0x60f</load_address>
         <run_address>0x60f</run_address>
         <size>0x34</size>
         <input_file_ref idref="fl-13f"/>
      </object_component>
      <object_component id="oc-4f">
         <name>.debug_line</name>
         <load_address>0x643</load_address>
         <run_address>0x643</run_address>
         <size>0x58</size>
         <input_file_ref idref="fl-13e"/>
      </object_component>
      <object_component id="oc-55">
         <name>.debug_line</name>
         <load_address>0x69b</load_address>
         <run_address>0x69b</run_address>
         <size>0x39</size>
         <input_file_ref idref="fl-13e"/>
      </object_component>
      <object_component id="oc-5b">
         <name>.debug_line</name>
         <load_address>0x6d4</load_address>
         <run_address>0x6d4</run_address>
         <size>0xd2</size>
         <input_file_ref idref="fl-e"/>
      </object_component>
      <object_component id="oc-60">
         <name>.debug_line</name>
         <load_address>0x7a6</load_address>
         <run_address>0x7a6</run_address>
         <size>0x1c0</size>
         <input_file_ref idref="fl-7"/>
      </object_component>
      <object_component id="oc-65">
         <name>.debug_line</name>
         <load_address>0x966</load_address>
         <run_address>0x966</run_address>
         <size>0xd7</size>
         <input_file_ref idref="fl-6"/>
      </object_component>
      <object_component id="oc-6a">
         <name>.debug_line</name>
         <load_address>0xa3d</load_address>
         <run_address>0xa3d</run_address>
         <size>0x6d</size>
         <input_file_ref idref="fl-f"/>
      </object_component>
      <object_component id="oc-6f">
         <name>.debug_line</name>
         <load_address>0xaaa</load_address>
         <run_address>0xaaa</run_address>
         <size>0x6d</size>
         <input_file_ref idref="fl-f"/>
      </object_component>
      <object_component id="oc-74">
         <name>.debug_line</name>
         <load_address>0xb17</load_address>
         <run_address>0xb17</run_address>
         <size>0xc8</size>
         <input_file_ref idref="fl-e"/>
      </object_component>
      <object_component id="oc-7a">
         <name>.debug_line</name>
         <load_address>0xbdf</load_address>
         <run_address>0xbdf</run_address>
         <size>0x6d</size>
         <input_file_ref idref="fl-e"/>
      </object_component>
      <object_component id="oc-7f">
         <name>.debug_line</name>
         <load_address>0xc4c</load_address>
         <run_address>0xc4c</run_address>
         <size>0x72</size>
         <input_file_ref idref="fl-11"/>
      </object_component>
      <object_component id="oc-84">
         <name>.debug_line</name>
         <load_address>0xcbe</load_address>
         <run_address>0xcbe</run_address>
         <size>0x80</size>
         <input_file_ref idref="fl-d"/>
      </object_component>
      <object_component id="oc-89">
         <name>.debug_line</name>
         <load_address>0xd3e</load_address>
         <run_address>0xd3e</run_address>
         <size>0x75</size>
         <input_file_ref idref="fl-d"/>
      </object_component>
      <object_component id="oc-8e">
         <name>.debug_line</name>
         <load_address>0xdb3</load_address>
         <run_address>0xdb3</run_address>
         <size>0x99</size>
         <input_file_ref idref="fl-10"/>
      </object_component>
      <object_component id="oc-93">
         <name>.debug_line</name>
         <load_address>0xe4c</load_address>
         <run_address>0xe4c</run_address>
         <size>0x6c</size>
         <input_file_ref idref="fl-d"/>
      </object_component>
      <object_component id="oc-98">
         <name>.debug_line</name>
         <load_address>0xeb8</load_address>
         <run_address>0xeb8</run_address>
         <size>0x70</size>
         <input_file_ref idref="fl-10"/>
      </object_component>
      <object_component id="oc-9d">
         <name>.debug_line</name>
         <load_address>0xf28</load_address>
         <run_address>0xf28</run_address>
         <size>0x6c</size>
         <input_file_ref idref="fl-d"/>
      </object_component>
      <object_component id="oc-a4">
         <name>.debug_line</name>
         <load_address>0xf94</load_address>
         <run_address>0xf94</run_address>
         <size>0x6c</size>
         <input_file_ref idref="fl-d"/>
      </object_component>
      <object_component id="oc-a9">
         <name>.debug_line</name>
         <load_address>0x1000</load_address>
         <run_address>0x1000</run_address>
         <size>0x6b</size>
         <input_file_ref idref="fl-11"/>
      </object_component>
      <object_component id="oc-ae">
         <name>.debug_line</name>
         <load_address>0x106b</load_address>
         <run_address>0x106b</run_address>
         <size>0x50</size>
         <input_file_ref idref="fl-147"/>
      </object_component>
      <object_component id="oc-b2">
         <name>.debug_line</name>
         <load_address>0x10bb</load_address>
         <run_address>0x10bb</run_address>
         <size>0x8e</size>
         <input_file_ref idref="fl-144"/>
      </object_component>
      <object_component id="oc-b6">
         <name>.debug_line</name>
         <load_address>0x1149</load_address>
         <run_address>0x1149</run_address>
         <size>0xd2</size>
         <input_file_ref idref="fl-142"/>
      </object_component>
      <object_component id="oc-ba">
         <name>.debug_line</name>
         <load_address>0x121b</load_address>
         <run_address>0x121b</run_address>
         <size>0x58</size>
         <input_file_ref idref="fl-145"/>
      </object_component>
      <object_component id="oc-be">
         <name>.debug_line</name>
         <load_address>0x1273</load_address>
         <run_address>0x1273</run_address>
         <size>0x56</size>
         <input_file_ref idref="fl-146"/>
      </object_component>
      <object_component id="oc-c2">
         <name>.debug_line</name>
         <load_address>0x12c9</load_address>
         <run_address>0x12c9</run_address>
         <size>0x43</size>
         <input_file_ref idref="fl-14b"/>
      </object_component>
      <object_component id="oc-c6">
         <name>.debug_line</name>
         <load_address>0x130c</load_address>
         <run_address>0x130c</run_address>
         <size>0xa8</size>
         <input_file_ref idref="fl-143"/>
      </object_component>
      <object_component id="oc-ca">
         <name>.debug_line</name>
         <load_address>0x13b4</load_address>
         <run_address>0x13b4</run_address>
         <size>0x3b</size>
         <input_file_ref idref="fl-140"/>
      </object_component>
      <object_component id="oc-ce">
         <name>.debug_line</name>
         <load_address>0x13ef</load_address>
         <run_address>0x13ef</run_address>
         <size>0x3b</size>
         <input_file_ref idref="fl-14a"/>
      </object_component>
      <object_component id="oc-d2">
         <name>.debug_line</name>
         <load_address>0x142a</load_address>
         <run_address>0x142a</run_address>
         <size>0x118</size>
         <input_file_ref idref="fl-5"/>
      </object_component>
      <object_component id="oc-d8">
         <name>.debug_line</name>
         <load_address>0x1542</load_address>
         <run_address>0x1542</run_address>
         <size>0x20</size>
         <input_file_ref idref="fl-2"/>
      </object_component>
      <object_component id="oc-dd">
         <name>.debug_line</name>
         <load_address>0x1562</load_address>
         <run_address>0x1562</run_address>
         <size>0x59</size>
         <input_file_ref idref="fl-2"/>
      </object_component>
      <object_component id="oc-e2">
         <name>.debug_line</name>
         <load_address>0x15bb</load_address>
         <run_address>0x15bb</run_address>
         <size>0x34</size>
         <input_file_ref idref="fl-3"/>
      </object_component>
      <object_component id="oc-e5">
         <name>.debug_line</name>
         <load_address>0x15ef</load_address>
         <run_address>0x15ef</run_address>
         <size>0x43</size>
         <input_file_ref idref="fl-157"/>
      </object_component>
      <object_component id="oc-eb">
         <name>.debug_line</name>
         <load_address>0x1632</load_address>
         <run_address>0x1632</run_address>
         <size>0x20</size>
         <input_file_ref idref="fl-140"/>
      </object_component>
      <object_component id="oc-f5">
         <name>.debug_line</name>
         <load_address>0x1652</load_address>
         <run_address>0x1652</run_address>
         <size>0x20</size>
         <input_file_ref idref="fl-13d"/>
      </object_component>
      <object_component id="oc-f9">
         <name>.debug_line</name>
[...]
         <object_component_ref idref="oc-a0"/>
      </symbol>
      <symbol id="sm-182">
         <name>zx0</name>
         <value>0x20000068</value>
         <object_component_ref idref="oc-a0"/>
      </symbol>
      <symbol id="sm-183">
         <name>dt</name>
         <value>0x2000004c</value>
         <object_component_ref idref="oc-a0"/>
      </symbol>
      <symbol id="sm-184">
         <name>string</name>
         <value>0x20000000</value>
         <object_component_ref idref="oc-a0"/>
      </symbol>
      <symbol id="sm-185">
         <name>displayflag</name>
         <value>0x200000f8</value>
         <object_component_ref idref="oc-a0"/>
      </symbol>
      <symbol id="sm-186">
         <name>Timer0IntHandler</name>
         <value>0x449</value>
         <object_component_ref idref="oc-26"/>
      </symbol>
      <symbol id="sm-187">
         <name>yz0</name>
         <value>0x20000064</value>
         <object_component_ref idref="oc-a0"/>
      </symbol>
      <symbol id="sm-1af">
         <name>BT_UART_StrPut</name>
         <value>0x284d</value>
         <object_component_ref idref="oc-d0"/>
      </symbol>
      <symbol id="sm-1b0">
         <name>sout</name>
         <value>0x20000100</value>
         <object_component_ref idref="oc-19d"/>
      </symbol>
      <symbol id="sm-1b1">
         <name>BT_UART_CharGet</name>
         <value>0x2841</value>
         <object_component_ref idref="oc-d0"/>
      </symbol>
      <symbol id="sm-1b2">
         <name>BT_NL_Put</name>
         <value>0x2893</value>
         <object_component_ref idref="oc-d0"/>
      </symbol>
      <symbol id="sm-1b3">
         <name>BT_UART_CharsAvail</name>
         <value>0x2825</value>
         <object_component_ref idref="oc-d0"/>
      </symbol>
      <symbol id="sm-1b4">
         <name>BT_NumPut</name>
         <value>0x289b</value>
         <object_component_ref idref="oc-d0"/>
      </symbol>
      <symbol id="sm-1b5">
         <name>BT_UART_NLPut</name>
         <value>0x2883</value>
         <object_component_ref idref="oc-d0"/>
      </symbol>
      <symbol id="sm-1b6">
         <name>btuart_init</name>
         <value>0x27ed</value>
         <object_component_ref idref="oc-d0"/>
      </symbol>
      <symbol id="sm-1b7">
         <name>BT_UART_CharPut</name>
         <value>0x282f</value>
         <object_component_ref idref="oc-d0"/>
      </symbol>
      <symbol id="sm-1e2">
         <name>USB_UART_StrPut</name>
         <value>0x244f</value>
         <object_component_ref idref="oc-63"/>
      </symbol>
      <symbol id="sm-1e3">
         <name>USB_NL_Put</name>
         <value>0x243f</value>
         <object_component_ref idref="oc-63"/>
      </symbol>
      <symbol id="sm-1e4">
         <name>USB_UART_CharPut</name>
         <value>0x2499</value>
         <object_component_ref idref="oc-63"/>
      </symbol>
      <symbol id="sm-1e5">
         <name>sout1</name>
         <value>0x2000020c</value>
         <object_component_ref idref="oc-149"/>
      </symbol>
      <symbol id="sm-1e6">
         <name>UARTinit</name>
         <value>0x23d1</value>
         <object_component_ref idref="oc-63"/>
      </symbol>
      <symbol id="sm-1e7">
         <name>myNumPut</name>
         <value>0x24ab</value>
         <object_component_ref idref="oc-63"/>
      </symbol>
      <symbol id="sm-211">
         <name>zaccelread</name>
         <value>0x1939</value>
         <object_component_ref idref="oc-5e"/>
      </symbol>
      <symbol id="sm-212">
         <name>xaccelread</name>
         <value>0x18e1</value>
         <object_component_ref idref="oc-5e"/>
      </symbol>
      <symbol id="sm-213">
         <name>Convert</name>
         <value>0x20000204</value>
         <object_component_ref idref="oc-12f"/>
      </symbol>
      <symbol id="sm-214">
         <name>yaccelread</name>
         <value>0x190d</value>
         <object_component_ref idref="oc-5e"/>
      </symbol>
      <symbol id="sm-215">
         <name>TrueMeasure</name>
         <value>0x20000208</value>
         <object_component_ref idref="oc-12f"/>
      </symbol>
      <symbol id="sm-216">
         <name>ygyroread</name>
         <value>0x1831</value>
         <object_component_ref idref="oc-5e"/>
      </symbol>
      <symbol id="sm-217">
         <name>Data</name>
         <value>0x20000200</value>
         <object_component_ref idref="oc-12f"/>
      </symbol>
      <symbol id="sm-218">
         <name>avgconfig</name>
         <value>0x1787</value>
         <object_component_ref idref="oc-5e"/>
      </symbol>
      <symbol id="sm-219">
         <name>printfloata</name>
         <value>0x19d5</value>
         <object_component_ref idref="oc-5e"/>
      </symbol>
      <symbol id="sm-21a">
         <name>DataConversion</name>
         <value>0x17ab</value>
         <object_component_ref idref="oc-5e"/>
      </symbol>
      <symbol id="sm-21b">
         <name>myDegPut</name>
         <value>0x19f9</value>
         <object_component_ref idref="oc-5e"/>
      </symbol>
      <symbol id="sm-21c">
         <name>zgyroread</name>
         <value>0x1889</value>
         <object_component_ref idref="oc-5e"/>
      </symbol>
      <symbol id="sm-21d">
         <name>SSIInit</name>
         <value>0x172d</value>
         <object_component_ref idref="oc-5e"/>
      </symbol>
      <symbol id="sm-21e">
         <name>xgyroread</name>
         <value>0x17d9</value>
         <object_component_ref idref="oc-5e"/>
      </symbol>
      <symbol id="sm-21f">
         <name>printfloat</name>
         <value>0x1965</value>
         <object_component_ref idref="oc-5e"/>
      </symbol>
      <symbol id="sm-264">
         <name>UARTConfigSetExpClk</name>
         <value>0x2fc3</value>
         <object_component_ref idref="oc-137"/>
      </symbol>
      <symbol id="sm-265">
         <name>UARTDisable</name>
         <value>0x31d9</value>
         <object_component_ref idref="oc-1c8"/>
      </symbol>
      <symbol id="sm-266">
         <name>UARTCharsAvail</name>
         <value>0x3311</value>
         <object_component_ref idref="oc-193"/>
      </symbol>
      <symbol id="sm-267">
         <name>UARTCharPut</name>
         <value>0x3351</value>
         <object_component_ref idref="oc-140"/>
      </symbol>
      <symbol id="sm-268">
         <name>UARTEnable</name>
         <value>0x3259</value>
         <object_component_ref idref="oc-1cd"/>
      </symbol>
      <symbol id="sm-269">
         <name>UARTCharGet</name>
         <value>0x3347</value>
         <object_component_ref idref="oc-198"/>
      </symbol>
      <symbol id="sm-297">
         <name>TimerLoadSet</name>
         <value>0x32b9</value>
         <object_component_ref idref="oc-87"/>
      </symbol>
      <symbol id="sm-298">
         <name>TimerEnable</name>
         <value>0x32dd</value>
         <object_component_ref idref="oc-9b"/>
      </symbol>
      <symbol id="sm-299">
         <name>TimerIntEnable</name>
         <value>0x335b</value>
         <object_component_ref idref="oc-91"/>
      </symbol>
      <symbol id="sm-29a">
         <name>TimerConfigure</name>
         <value>0x2d25</value>
         <object_component_ref idref="oc-82"/>
      </symbol>
      <symbol id="sm-29b">
         <name>TimerIntClear</name>
         <value>0x3375</value>
         <object_component_ref idref="oc-a2"/>
      </symbol>
      <symbol id="sm-2e7">
         <name>SysCtlClockSet</name>
         <value>0x24e9</value>
         <object_component_ref idref="oc-59"/>
      </symbol>
      <symbol id="sm-2e8">
         <name>SysCtlDelay</name>
         <value>0x3369</value>
         <object_component_ref idref="oc-77"/>
      </symbol>
      <symbol id="sm-2e9">
         <name>SysCtlPeripheralEnable</name>
         <value>0x30bd</value>
         <object_component_ref idref="oc-78"/>
      </symbol>
      <symbol id="sm-2ea">
         <name>SysCtlClockGet</name>
         <value>0x28c9</value>
         <object_component_ref idref="oc-72"/>
      </symbol>
      <symbol id="sm-315">
         <name>SSIDataPut</name>
         <value>0x3333</value>
         <object_component_ref idref="oc-68"/>
      </symbol>
      <symbol id="sm-316">
         <name>SSIDataGet</name>
         <value>0x3305</value>
         <object_component_ref idref="oc-6d"/>
      </symbol>
      <symbol id="sm-317">
         <name>SSIConfigSetExpClk</name>
         <value>0x2f81</value>
         <object_component_ref idref="oc-125"/>
      </symbol>
      <symbol id="sm-318">
         <name>SSIEnable</name>
         <value>0x333d</value>
         <object_component_ref idref="oc-12a"/>
      </symbol>
      <symbol id="sm-343">
         <name>IntEnable</name>
         <value>0x2c65</value>
         <object_component_ref idref="oc-8c"/>
      </symbol>
      <symbol id="sm-344">
         <name>IntMasterEnable</name>
         <value>0x3329</value>
         <object_component_ref idref="oc-96"/>
      </symbol>
      <symbol id="sm-38c">
         <name>GPIOPinConfigure</name>
         <value>0x2e21</value>
         <object_component_ref idref="oc-11b"/>
      </symbol>
      <symbol id="sm-38d">
         <name>GPIOPinTypeUART</name>
         <value>0x32a7</value>
         <object_component_ref idref="oc-132"/>
      </symbol>
      <symbol id="sm-38e">
         <name>GPIOPinTypeGPIOOutput</name>
         <value>0x3229</value>
         <object_component_ref idref="oc-7d"/>
      </symbol>
      <symbol id="sm-38f">
         <name>GPIODirModeSet</name>
         <value>0x31ad</value>
         <object_component_ref idref="oc-159"/>
      </symbol>
      <symbol id="sm-390">
         <name>GPIOPinWrite</name>
         <value>0x3363</value>
         <object_component_ref idref="oc-a7"/>
      </symbol>
      <symbol id="sm-391">
         <name>GPIOPadConfigSet</name>
         <value>0x229f</value>
         <object_component_ref idref="oc-154"/>
      </symbol>
      <symbol id="sm-392">
         <name>GPIOPinTypeSSI</name>
         <value>0x3295</value>
         <object_component_ref idref="oc-120"/>
      </symbol>
      <symbol id="sm-39b">
         <name>CPUcpsie</name>
         <value>0x32f9</value>
         <object_component_ref idref="oc-167"/>
      </symbol>
      <symbol id="sm-3aa">
         <name>_c_int00</name>
         <value>0x2e69</value>
         <object_component_ref idref="oc-10"/>
      </symbol>
      <symbol id="sm-3ab">
         <name>__stack</name>
         <value>0x20000218</value>
         <object_component_ref idref="oc-20"/>
      </symbol>
      <symbol id="sm-3c5">
         <name>__TI_decompress_none</name>
         <value>0x32eb</value>
         <object_component_ref idref="oc-14"/>
      </symbol>
      <symbol id="sm-3ef">
         <name>__TI_decompress_rle24</name>
         <value>0x336f</value>
         <object_component_ref idref="oc-1c"/>
      </symbol>
      <symbol id="sm-401">
         <name>__TI_zero_init</name>
         <value>0x32cb</value>
         <object_component_ref idref="oc-18"/>
      </symbol>
      <symbol id="sm-416">
         <name>cos</name>
         <value>0x31f5</value>
         <object_component_ref idref="oc-c8"/>
      </symbol>
      <symbol id="sm-431">
         <name>C$$EXIT</name>
         <value>0x3005</value>
         <object_component_ref idref="oc-36"/>
      </symbol>
      <symbol id="sm-432">
         <name>_dtors_ptr</name>
         <value>0x20000554</value>
         <object_component_ref idref="oc-f0"/>
      </symbol>
      <symbol id="sm-433">
         <name>abort</name>
         <value>0x3009</value>
         <object_component_ref idref="oc-36"/>
      </symbol>
      <symbol id="sm-434">
         <name>_cleanup_ptr</name>
         <value>0x20000550</value>
         <object_component_ref idref="oc-f0"/>
      </symbol>
      <symbol id="sm-435">
         <name>exit</name>
         <value>0x3011</value>
         <object_component_ref idref="oc-36"/>
      </symbol>
      <symbol id="sm-44b">
         <name>__aeabi_dsub</name>
         <value>0x1cf5</value>
         <object_component_ref idref="oc-b4"/>
      </symbol>
      <symbol id="sm-44c">
         <name>__aeabi_dadd</name>
         <value>0x1cff</value>
         <object_component_ref idref="oc-b4"/>
      </symbol>
      <symbol id="sm-45e">
         <name>__aeabi_ddiv</name>
         <value>0x2169</value>
         <object_component_ref idref="oc-c4"/>
      </symbol>
      <symbol id="sm-468">
         <name>__aeabi_dmul</name>
         <value>0x26f1</value>
         <object_component_ref idref="oc-b0"/>
      </symbol>
      <symbol id="sm-471">
         <name>__aeabi_d2f</name>
         <value>0x2dd7</value>
         <object_component_ref idref="oc-b8"/>
      </symbol>
      <symbol id="sm-47b">
         <name>__aeabi_f2d</name>
         <value>0x3085</value>
         <object_component_ref idref="oc-bc"/>
      </symbol>
      <symbol id="sm-484">
         <name>__aeabi_i2d</name>
         <value>0x3151</value>
         <object_component_ref idref="oc-ac"/>
      </symbol>
      <symbol id="sm-491">
         <name>ltoa</name>
         <value>0x2d81</value>
         <object_component_ref idref="oc-145"/>
      </symbol>
      <symbol id="sm-4a6">
         <name>memcpy</name>
         <value>0x2a4f</value>
         <object_component_ref idref="oc-3d"/>
      </symbol>
      <symbol id="sm-4a7">
         <name>__aeabi_memcpy</name>
         <value>0x2a4f</value>
         <object_component_ref idref="oc-3d"/>
      </symbol>
      <symbol id="sm-4a8">
         <name>__aeabi_memcpy8</name>
         <value>0x2a4f</value>
         <object_component_ref idref="oc-3d"/>
      </symbol>
      <symbol id="sm-4a9">
         <name>__aeabi_memcpy4</name>
         <value>0x2a4f</value>
         <object_component_ref idref="oc-3d"/>
      </symbol>
      <symbol id="sm-4b1">
         <name>sin</name>
         <value>0x320f</value>
         <object_component_ref idref="oc-cc"/>
      </symbol>
      <symbol id="sm-4c6">
         <name>sqrt</name>
         <value>0x2015</value>
         <object_component_ref idref="oc-c0"/>
      </symbol>
      <symbol id="sm-4d2">
         <name>main_func_sp</name>
         <value>0x20000564</value>
         <object_component_ref idref="oc-3a"/>
      </symbol>
      <symbol id="sm-4e3">
         <name>strlen</name>
         <value>0x3281</value>
         <object_component_ref idref="oc-13c"/>
      </symbol>
      <symbol id="sm-502">
         <name>_Dscale</name>
         <value>0x25ed</value>
         <object_component_ref idref="oc-181"/>
      </symbol>
      <symbol id="sm-514">
         <name>_Dunscale</name>
         <value>0x2bff</value>
         <object_component_ref idref="oc-17d"/>
      </symbol>
      <symbol id="sm-526">
         <name>_Feraise</name>
         <value>0x3121</value>
         <object_component_ref idref="oc-185"/>
      </symbol>
      <symbol id="sm-55c">
         <name>_Sin</name>
         <value>0x1a41</value>
         <object_component_ref idref="oc-18d"/>
      </symbol>
      <symbol id="sm-56b">
         <name>_Rteps</name>
         <value>0x20000528</value>
         <object_component_ref idref="oc-189"/>
      </symbol>
      <symbol id="sm-56c">
         <name>_Zero</name>
         <value>0x20000540</value>
         <object_component_ref idref="oc-189"/>
      </symbol>
      <symbol id="sm-56d">
         <name>_Hugeval</name>
         <value>0x200004e8</value>
         <object_component_ref idref="oc-189"/>
      </symbol>
      <symbol id="sm-56e">
         <name>_Snan</name>
         <value>0x20000518</value>
         <object_component_ref idref="oc-189"/>
      </symbol>
      <symbol id="sm-56f">
         <name>_Nan</name>
         <value>0x20000508</value>
         <object_component_ref idref="oc-189"/>
      </symbol>
      <symbol id="sm-570">
         <name>_Inf</name>
         <value>0x200004f8</value>
         <object_component_ref idref="oc-189"/>
      </symbol>
      <symbol id="sm-571">
         <name>_Xbig</name>
         <value>0x20000538</value>
         <object_component_ref idref="oc-189"/>
      </symbol>
      <symbol id="sm-572">
         <name>_Eps</name>
         <value>0x200004d8</value>
         <object_component_ref idref="oc-189"/>
      </symbol>
      <symbol id="sm-573">
         <name>_Denorm</name>
         <value>0x200004c8</value>
         <object_component_ref idref="oc-189"/>
      </symbol>
      <symbol id="sm-588">
         <name>_nop</name>
         <value>0x327b</value>
         <object_component_ref idref="oc-1aa"/>
      </symbol>
      <symbol id="sm-589">
         <name>_lock</name>
         <value>0x20000548</value>
         <object_component_ref idref="oc-ee"/>
      </symbol>
      <symbol id="sm-58a">
         <name>_unlock</name>
         <value>0x2000054c</value>
         <object_component_ref idref="oc-ee"/>
      </symbol>
      <symbol id="sm-58b">
         <name>_register_lock</name>
         <value>0x3273</value>
         <object_component_ref idref="oc-1aa"/>
      </symbol>
      <symbol id="sm-58c">
         <name>_register_unlock</name>
         <value>0x326d</value>
         <object_component_ref idref="oc-1aa"/>
      </symbol>
      <symbol id="sm-596">
         <name>_args_main</name>
         <value>0x3241</value>
         <object_component_ref idref="oc-32"/>
      </symbol>
      <symbol id="sm-5b0">
         <name>__TI_auto_init</name>
         <value>0x2aed</value>
         <object_component_ref idref="oc-2e"/>
      </symbol>
      <symbol id="sm-5c7">
         <name>copy_in</name>
         <value>0x2ef9</value>
         <object_component_ref idref="oc-e3"/>
      </symbol>
      <symbol id="sm-5ce">
         <name>_Errno</name>
         <value>0x20000560</value>
         <object_component_ref idref="oc-1f8"/>
      </symbol>
      <symbol id="sm-5de">
         <name>__aeabi_cdcmpeq</name>
         <value>0x2b81</value>
         <object_component_ref idref="oc-206"/>
      </symbol>
      <symbol id="sm-5df">
         <name>__aeabi_cdcmple</name>
         <value>0x2b81</value>
         <object_component_ref idref="oc-206"/>
      </symbol>
      <symbol id="sm-5e8">
         <name>__aeabi_d2iz</name>
         <value>0x2eb1</value>
         <object_component_ref idref="oc-20e"/>
      </symbol>
      <symbol id="sm-5fd">
         <name>feraiseexcept</name>
         <value>0x30f1</value>
         <object_component_ref idref="oc-1f4"/>
      </symbol>
      <symbol id="sm-5fe">
         <name>_Tls_setup__Fenv</name>
         <value>0x2000055c</value>
         <object_component_ref idref="oc-24a"/>
      </symbol>
      <symbol id="sm-5ff">
         <name>_Fenv</name>
         <value>0x20000558</value>
         <object_component_ref idref="oc-24a"/>
      </symbol>
      <symbol id="sm-61a">
         <name>fmod</name>
         <value>0x1ead</value>
         <object_component_ref idref="oc-20a"/>
      </symbol>
      <symbol id="sm-62c">
         <name>raise</name>
         <value>0x317f</value>
         <object_component_ref idref="oc-246"/>
      </symbol>
      <symbol id="sm-643">
         <name>signal</name>
         <value>0x3045</value>
         <object_component_ref idref="oc-25a"/>
      </symbol>
      <symbol id="sm-656">
         <name>_Dnorm</name>
         <value>0x2991</value>
         <object_component_ref idref="oc-1ec"/>
      </symbol>
      <symbol id="sm-666">
         <name>_Dtest</name>
         <value>0x2f3d</value>
         <object_component_ref idref="oc-202"/>
      </symbol>
      <symbol id="sm-667">
         <name>__TI_static_base__</name>
         <value>0x0</value>
      </symbol>
      <symbol id="sm-668">
         <name>__TI_args_main</name>
         <value>0x1</value>
      </symbol>
      <symbol id="sm-669">
         <name>SHT$$INIT_ARRAY$$Limit</name>
         <value>0x0</value>
      </symbol>
      <symbol id="sm-66a">
         <name>SHT$$INIT_ARRAY$$Base</name>
         <value>0x0</value>
      </symbol>
   </symbol_table>
</link_info>
