<?xml version="1.0"?>
<link_info>
   <banner>TI ARM Linker PC v5.0.4</banner>
   <copyright>Copyright (c) 1996-2013 Texas Instruments Incorporated</copyright>
   <link_time>0x533df994</link_time>
   <output_file>ECE_4335_IMU_DRIVER0_working_primaryB.out</output_file>
   <entry_point>
      <name>_c_int00</name>
      <address>0x2dc5</address>
   </entry_point>
   <input_file_list>
      <input_file id="fl-2">
         <path>.\</path>
         <kind>object</kind>
         <file>uartstdio.obj</file>
         <name>uartstdio.obj</name>
      </input_file>
      <input_file id="fl-3">
         <path>.\</path>
         <kind>object</kind>
         <file>startup_ccs.obj</file>
         <name>startup_ccs.obj</name>
      </input_file>
      <input_file id="fl-4">
         <path>.\</path>
         <kind>object</kind>
         <file>main.obj</file>
         <name>main.obj</name>
      </input_file>
      <input_file id="fl-5">
         <path>.\</path>
         <kind>object</kind>
         <file>btuart.obj</file>
         <name>btuart.obj</name>
      </input_file>
      <input_file id="fl-6">
         <path>.\</path>
         <kind>object</kind>
         <file>USB.obj</file>
         <name>USB.obj</name>
      </input_file>
      <input_file id="fl-7">
         <path>.\</path>
         <kind>object</kind>
         <file>IMU.obj</file>
         <name>IMU.obj</name>
      </input_file>
      <input_file id="fl-c">
         <path>C:\ti\TivaWare_C_Series-2.0.1.11577\driverlib\ccs\Debug\</path>
         <kind>archive</kind>
         <file>driverlib.lib</file>
         <name>uart.obj</name>
      </input_file>
      <input_file id="fl-d">
         <path>C:\ti\TivaWare_C_Series-2.0.1.11577\driverlib\ccs\Debug\</path>
         <kind>archive</kind>
         <file>driverlib.lib</file>
         <name>timer.obj</name>
      </input_file>
      <input_file id="fl-e">
         <path>C:\ti\TivaWare_C_Series-2.0.1.11577\driverlib\ccs\Debug\</path>
         <kind>archive</kind>
         <file>driverlib.lib</file>
         <name>sysctl.obj</name>
      </input_file>
      <input_file id="fl-f">
         <path>C:\ti\TivaWare_C_Series-2.0.1.11577\driverlib\ccs\Debug\</path>
         <kind>archive</kind>
         <file>driverlib.lib</file>
         <name>ssi.obj</name>
      </input_file>
      <input_file id="fl-10">
         <path>C:\ti\TivaWare_C_Series-2.0.1.11577\driverlib\ccs\Debug\</path>
         <kind>archive</kind>
         <file>driverlib.lib</file>
         <name>interrupt.obj</name>
      </input_file>
      <input_file id="fl-11">
         <path>C:\ti\TivaWare_C_Series-2.0.1.11577\driverlib\ccs\Debug\</path>
         <kind>archive</kind>
         <file>driverlib.lib</file>
         <name>gpio.obj</name>
      </input_file>
      <input_file id="fl-12">
         <path>C:\ti\TivaWare_C_Series-2.0.1.11577\driverlib\ccs\Debug\</path>
         <kind>archive</kind>
         <file>driverlib.lib</file>
         <name>cpu.obj</name>
      </input_file>
      <input_file id="fl-13c">
         <path>C:\ti\ccsv5\tools\compiler\arm_5.0.4\lib\</path>
         <kind>archive</kind>
         <file>rtsv7M4_T_le_v4SPD16_eabi.lib</file>
         <name>boot.obj</name>
      </input_file>
      <input_file id="fl-13d">
         <path>C:\ti\ccsv5\tools\compiler\arm_5.0.4\lib\</path>
         <kind>archive</kind>
         <file>rtsv7M4_T_le_v4SPD16_eabi.lib</file>
         <name>copy_decompress_none.obj</name>
      </input_file>
      <input_file id="fl-13e">
         <path>C:\ti\ccsv5\tools\compiler\arm_5.0.4\lib\</path>
         <kind>archive</kind>
         <file>rtsv7M4_T_le_v4SPD16_eabi.lib</file>
         <name>copy_decompress_rle.obj</name>
      </input_file>
      <input_file id="fl-13f">
         <path>C:\ti\ccsv5\tools\compiler\arm_5.0.4\lib\</path>
         <kind>archive</kind>
         <file>rtsv7M4_T_le_v4SPD16_eabi.lib</file>
         <name>copy_zero_init.obj</name>
      </input_file>
      <input_file id="fl-140">
         <path>C:\ti\ccsv5\tools\compiler\arm_5.0.4\lib\</path>
         <kind>archive</kind>
         <file>rtsv7M4_T_le_v4SPD16_eabi.lib</file>
         <name>cos.obj</name>
      </input_file>
      <input_file id="fl-141">
         <path>C:\ti\ccsv5\tools\compiler\arm_5.0.4\lib\</path>
         <kind>archive</kind>
         <file>rtsv7M4_T_le_v4SPD16_eabi.lib</file>
         <name>exit.obj</name>
      </input_file>
      <input_file id="fl-142">
         <path>C:\ti\ccsv5\tools\compiler\arm_5.0.4\lib\</path>
         <kind>archive</kind>
         <file>rtsv7M4_T_le_v4SPD16_eabi.lib</file>
         <name>fd_add_t2.obj</name>
      </input_file>
      <input_file id="fl-143">
         <path>C:\ti\ccsv5\tools\compiler\arm_5.0.4\lib\</path>
         <kind>archive</kind>
         <file>rtsv7M4_T_le_v4SPD16_eabi.lib</file>
         <name>fd_div_t2.obj</name>
      </input_file>
      <input_file id="fl-144">
         <path>C:\ti\ccsv5\tools\compiler\arm_5.0.4\lib\</path>
         <kind>archive</kind>
         <file>rtsv7M4_T_le_v4SPD16_eabi.lib</file>
         <name>fd_mul_t2.obj</name>
      </input_file>
      <input_file id="fl-145">
         <path>C:\ti\ccsv5\tools\compiler\arm_5.0.4\lib\</path>
         <kind>archive</kind>
         <file>rtsv7M4_T_le_v4SPD16_eabi.lib</file>
         <name>fd_tos_t2.obj</name>
      </input_file>
      <input_file id="fl-146">
         <path>C:\ti\ccsv5\tools\compiler\arm_5.0.4\lib\</path>
         <kind>archive</kind>
         <file>rtsv7M4_T_le_v4SPD16_eabi.lib</file>
         <name>fs_tod_t2.obj</name>
      </input_file>
      <input_file id="fl-147">
         <path>C:\ti\ccsv5\tools\compiler\arm_5.0.4\lib\</path>
         <kind>archive</kind>
         <file>rtsv7M4_T_le_v4SPD16_eabi.lib</file>
         <name>i_tofd_t2.obj</name>
      </input_file>
      <input_file id="fl-148">
         <path>C:\ti\ccsv5\tools\compiler\arm_5.0.4\lib\</path>
         <kind>archive</kind>
         <file>rtsv7M4_T_le_v4SPD16_eabi.lib</file>
         <name>ltoa.obj</name>
      </input_file>
      <input_file id="fl-149">
         <path>C:\ti\ccsv5\tools\compiler\arm_5.0.4\lib\</path>
         <kind>archive</kind>
         <file>rtsv7M4_T_le_v4SPD16_eabi.lib</file>
         <name>memcpy_t2.obj</name>
      </input_file>
      <input_file id="fl-14a">
         <path>C:\ti\ccsv5\tools\compiler\arm_5.0.4\lib\</path>
         <kind>archive</kind>
         <file>rtsv7M4_T_le_v4SPD16_eabi.lib</file>
         <name>sin.obj</name>
      </input_file>
      <input_file id="fl-14b">
         <path>C:\ti\ccsv5\tools\compiler\arm_5.0.4\lib\</path>
         <kind>archive</kind>
         <file>rtsv7M4_T_le_v4SPD16_eabi.lib</file>
         <name>sqrt.obj</name>
      </input_file>
      <input_file id="fl-14c">
         <path>C:\ti\ccsv5\tools\compiler\arm_5.0.4\lib\</path>
         <kind>archive</kind>
         <file>rtsv7M4_T_le_v4SPD16_eabi.lib</file>
         <name>stkdepth_vars.obj</name>
      </input_file>
      <input_file id="fl-14d">
         <path>C:\ti\ccsv5\tools\compiler\arm_5.0.4\lib\</path>
         <kind>archive</kind>
         <file>rtsv7M4_T_le_v4SPD16_eabi.lib</file>
         <name>strlen.obj</name>
      </input_file>
      <input_file id="fl-14e">
         <path>C:\ti\ccsv5\tools\compiler\arm_5.0.4\lib\</path>
         <kind>archive</kind>
         <file>rtsv7M4_T_le_v4SPD16_eabi.lib</file>
         <name>u_divt2.obj</name>
      </input_file>
      <input_file id="fl-14f">
         <path>C:\ti\ccsv5\tools\compiler\arm_5.0.4\lib\</path>
         <kind>archive</kind>
         <file>rtsv7M4_T_le_v4SPD16_eabi.lib</file>
         <name>xdscale.obj</name>
      </input_file>
      <input_file id="fl-150">
         <path>C:\ti\ccsv5\tools\compiler\arm_5.0.4\lib\</path>
         <kind>archive</kind>
         <file>rtsv7M4_T_le_v4SPD16_eabi.lib</file>
         <name>xdunscal.obj</name>
      </input_file>
      <input_file id="fl-151">
         <path>C:\ti\ccsv5\tools\compiler\arm_5.0.4\lib\</path>
         <kind>archive</kind>
         <file>rtsv7M4_T_le_v4SPD16_eabi.lib</file>
         <name>xferaise.obj</name>
      </input_file>
      <input_file id="fl-152">
         <path>C:\ti\ccsv5\tools\compiler\arm_5.0.4\lib\</path>
         <kind>archive</kind>
         <file>rtsv7M4_T_le_v4SPD16_eabi.lib</file>
         <name>xsin.obj</name>
      </input_file>
      <input_file id="fl-153">
         <path>C:\ti\ccsv5\tools\compiler\arm_5.0.4\lib\</path>
         <kind>archive</kind>
         <file>rtsv7M4_T_le_v4SPD16_eabi.lib</file>
         <name>xvalues.obj</name>
      </input_file>
      <input_file id="fl-154">
         <path>C:\ti\ccsv5\tools\compiler\arm_5.0.4\lib\</path>
         <kind>archive</kind>
         <file>rtsv7M4_T_le_v4SPD16_eabi.lib</file>
         <name>_lock.obj</name>
      </input_file>
      <input_file id="fl-155">
         <path>C:\ti\ccsv5\tools\compiler\arm_5.0.4\lib\</path>
         <kind>archive</kind>
         <file>rtsv7M4_T_le_v4SPD16_eabi.lib</file>
         <name>args_main.obj</name>
      </input_file>
      <input_file id="fl-156">
         <path>C:\ti\ccsv5\tools\compiler\arm_5.0.4\lib\</path>
         <kind>archive</kind>
         <file>rtsv7M4_T_le_v4SPD16_eabi.lib</file>
         <name>auto_init.obj</name>
      </input_file>
      <input_file id="fl-157">
         <path>C:\ti\ccsv5\tools\compiler\arm_5.0.4\lib\</path>
         <kind>archive</kind>
         <file>rtsv7M4_T_le_v4SPD16_eabi.lib</file>
         <name>cpy_tbl.obj</name>
      </input_file>
      <input_file id="fl-158">
         <path>C:\ti\ccsv5\tools\compiler\arm_5.0.4\lib\</path>
         <kind>archive</kind>
         <file>rtsv7M4_T_le_v4SPD16_eabi.lib</file>
         <name>errno.obj</name>
      </input_file>
      <input_file id="fl-159">
         <path>C:\ti\ccsv5\tools\compiler\arm_5.0.4\lib\</path>
         <kind>archive</kind>
         <file>rtsv7M4_T_le_v4SPD16_eabi.lib</file>
         <name>fd_cmp_t2.obj</name>
      </input_file>
      <input_file id="fl-15a">
         <path>C:\ti\ccsv5\tools\compiler\arm_5.0.4\lib\</path>
         <kind>archive</kind>
         <file>rtsv7M4_T_le_v4SPD16_eabi.lib</file>
         <name>fd_toi_t2.obj</name>
      </input_file>
      <input_file id="fl-15b">
         <path>C:\ti\ccsv5\tools\compiler\arm_5.0.4\lib\</path>
         <kind>archive</kind>
         <file>rtsv7M4_T_le_v4SPD16_eabi.lib</file>
         <name>feraiseexcept.obj</name>
      </input_file>
      <input_file id="fl-15c">
         <path>C:\ti\ccsv5\tools\compiler\arm_5.0.4\lib\</path>
         <kind>archive</kind>
         <file>rtsv7M4_T_le_v4SPD16_eabi.lib</file>
         <name>fmod.obj</name>
      </input_file>
      <input_file id="fl-15d">
         <path>C:\ti\ccsv5\tools\compiler\arm_5.0.4\lib\</path>
         <kind>archive</kind>
         <file>rtsv7M4_T_le_v4SPD16_eabi.lib</file>
         <name>raise.obj</name>
      </input_file>
      <input_file id="fl-15e">
         <path>C:\ti\ccsv5\tools\compiler\arm_5.0.4\lib\</path>
         <kind>archive</kind>
         <file>rtsv7M4_T_le_v4SPD16_eabi.lib</file>
         <name>signal.obj</name>
      </input_file>
      <input_file id="fl-15f">
         <path>C:\ti\ccsv5\tools\compiler\arm_5.0.4\lib\</path>
         <kind>archive</kind>
         <file>rtsv7M4_T_le_v4SPD16_eabi.lib</file>
         <name>xdnorm.obj</name>
      </input_file>
      <input_file id="fl-160">
         <path>C:\ti\ccsv5\tools\compiler\arm_5.0.4\lib\</path>
         <kind>archive</kind>
         <file>rtsv7M4_T_le_v4SPD16_eabi.lib</file>
         <name>xdtest.obj</name>
      </input_file>
   </input_file_list>
   <object_component_list>
      <object_component id="oc-e">
         <name>.intvecs</name>
         <load_address>0x0</load_address>
         <run_address>0x0</run_address>
         <size>0x26c</size>
         <input_file_ref idref="fl-3"/>
      </object_component>
      <object_component id="oc-26">
         <name>.text</name>
         <load_address>0x26c</load_address>
         <run_address>0x26c</run_address>
         <size>0x141c</size>
         <input_file_ref idref="fl-4"/>
      </object_component>
      <object_component id="oc-5e">
         <name>.text</name>
         <load_address>0x1688</load_address>
         <run_address>0x1688</run_address>
         <size>0x314</size>
         <input_file_ref idref="fl-7"/>
      </object_component>
      <object_component id="oc-197">
         <name>.text</name>
         <load_address>0x199c</load_address>
         <run_address>0x199c</run_address>
         <size>0x2b4</size>
         <input_file_ref idref="fl-152"/>
      </object_component>
      <object_component id="oc-b4">
         <name>.text</name>
         <load_address>0x1c50</load_address>
         <run_address>0x1c50</run_address>
         <size>0x1b6</size>
         <input_file_ref idref="fl-142"/>
      </object_component>
      <object_component id="oc-219">
         <name>.text</name>
         <load_address>0x1e08</load_address>
         <run_address>0x1e08</run_address>
         <size>0x168</size>
         <input_file_ref idref="fl-15c"/>
      </object_component>
      <object_component id="oc-c0">
         <name>.text</name>
         <load_address>0x1f70</load_address>
         <run_address>0x1f70</run_address>
         <size>0x154</size>
         <input_file_ref idref="fl-14b"/>
      </object_component>
      <object_component id="oc-c4">
         <name>.text</name>
         <load_address>0x20c4</load_address>
         <run_address>0x20c4</run_address>
         <size>0x136</size>
         <input_file_ref idref="fl-143"/>
      </object_component>
      <object_component id="oc-15e">
         <name>.text:GPIOPadConfigSet</name>
         <load_address>0x21fa</load_address>
         <run_address>0x21fa</run_address>
         <size>0x130</size>
         <input_file_ref idref="fl-11"/>
      </object_component>
      <object_component id="oc-63">
         <name>.text</name>
         <load_address>0x232c</load_address>
         <run_address>0x232c</run_address>
         <size>0x118</size>
         <input_file_ref idref="fl-6"/>
      </object_component>
      <object_component id="oc-59">
         <name>.text:SysCtlClockSet</name>
         <load_address>0x2444</load_address>
         <run_address>0x2444</run_address>
         <size>0x104</size>
         <input_file_ref idref="fl-e"/>
      </object_component>
      <object_component id="oc-18b">
         <name>.text</name>
         <load_address>0x2548</load_address>
         <run_address>0x2548</run_address>
         <size>0x104</size>
         <input_file_ref idref="fl-14f"/>
      </object_component>
      <object_component id="oc-b0">
         <name>.text</name>
         <load_address>0x264c</load_address>
         <run_address>0x264c</run_address>
         <size>0xfc</size>
         <input_file_ref idref="fl-144"/>
      </object_component>
      <object_component id="oc-d0">
         <name>.text</name>
         <load_address>0x2748</load_address>
         <run_address>0x2748</run_address>
         <size>0xdc</size>
         <input_file_ref idref="fl-5"/>
      </object_component>
      <object_component id="oc-72">
         <name>.text:SysCtlClockGet</name>
         <load_address>0x2824</load_address>
         <run_address>0x2824</run_address>
         <size>0xc8</size>
         <input_file_ref idref="fl-e"/>
      </object_component>
      <object_component id="oc-1fb">
         <name>.text</name>
         <load_address>0x28ec</load_address>
         <run_address>0x28ec</run_address>
         <size>0xbe</size>
         <input_file_ref idref="fl-15f"/>
      </object_component>
      <object_component id="oc-3d">
         <name>.text</name>
         <load_address>0x29aa</load_address>
         <run_address>0x29aa</run_address>
         <size>0x9c</size>
         <input_file_ref idref="fl-149"/>
      </object_component>
      <object_component id="oc-2e">
         <name>.text</name>
         <load_address>0x2a48</load_address>
         <run_address>0x2a48</run_address>
         <size>0x94</size>
         <input_file_ref idref="fl-156"/>
      </object_component>
      <object_component id="oc-215">
         <name>.text</name>
         <load_address>0x2adc</load_address>
         <run_address>0x2adc</run_address>
         <size>0x7e</size>
         <input_file_ref idref="fl-159"/>
      </object_component>
      <object_component id="oc-187">
         <name>.text</name>
         <load_address>0x2b5a</load_address>
         <run_address>0x2b5a</run_address>
         <size>0x64</size>
         <input_file_ref idref="fl-150"/>
      </object_component>
      <object_component id="oc-8c">
         <name>.text:IntEnable</name>
         <load_address>0x2bc0</load_address>
         <run_address>0x2bc0</run_address>
         <size>0x60</size>
         <input_file_ref idref="fl-10"/>
      </object_component>
      <object_component id="oc-4d">
         <name>.text</name>
         <load_address>0x2c20</load_address>
         <run_address>0x2c20</run_address>
         <size>0x5e</size>
         <input_file_ref idref="fl-13e"/>
      </object_component>
      <object_component id="oc-82">
         <name>.text:TimerConfigure</name>
         <load_address>0x2c80</load_address>
         <run_address>0x2c80</run_address>
         <size>0x5c</size>
         <input_file_ref idref="fl-d"/>
      </object_component>
      <object_component id="oc-14f">
         <name>.text</name>
         <load_address>0x2cdc</load_address>
         <run_address>0x2cdc</run_address>
         <size>0x56</size>
         <input_file_ref idref="fl-148"/>
      </object_component>
      <object_component id="oc-b8">
         <name>.text</name>
         <load_address>0x2d32</load_address>
         <run_address>0x2d32</run_address>
         <size>0x4a</size>
         <input_file_ref idref="fl-145"/>
      </object_component>
      <object_component id="oc-120">
         <name>.text:GPIOPinConfigure</name>
         <load_address>0x2d7c</load_address>
         <run_address>0x2d7c</run_address>
         <size>0x48</size>
         <input_file_ref idref="fl-11"/>
      </object_component>
      <object_component id="oc-10">
         <name>.text</name>
         <load_address>0x2dc4</load_address>
         <run_address>0x2dc4</run_address>
         <size>0x48</size>
         <input_file_ref idref="fl-13c"/>
      </object_component>
      <object_component id="oc-21d">
         <name>.text</name>
         <load_address>0x2e0c</load_address>
         <run_address>0x2e0c</run_address>
         <size>0x48</size>
         <input_file_ref idref="fl-15a"/>
      </object_component>
      <object_component id="oc-e8">
         <name>.text</name>
         <load_address>0x2e54</load_address>
         <run_address>0x2e54</run_address>
         <size>0x44</size>
         <input_file_ref idref="fl-157"/>
      </object_component>
      <object_component id="oc-211">
         <name>.text</name>
         <load_address>0x2e98</load_address>
         <run_address>0x2e98</run_address>
         <size>0x44</size>
         <input_file_ref idref="fl-160"/>
      </object_component>
      <object_component id="oc-12a">
         <name>.text:SSIConfigSetExpClk</name>
         <load_address>0x2edc</load_address>
         <run_address>0x2edc</run_address>
         <size>0x42</size>
         <input_file_ref idref="fl-f"/>
      </object_component>
      <object_component id="oc-141">
         <name>.text:UARTConfigSetExpClk</name>
         <load_address>0x2f1e</load_address>
         <run_address>0x2f1e</run_address>
         <size>0x40</size>
         <input_file_ref idref="fl-c"/>
      </object_component>
      <object_component id="oc-36">
         <name>.text</name>
         <load_address>0x2f60</load_address>
         <run_address>0x2f60</run_address>
         <size>0x40</size>
         <input_file_ref idref="fl-141"/>
      </object_component>
      <object_component id="oc-269">
         <name>.text</name>
         <load_address>0x2fa0</load_address>
         <run_address>0x2fa0</run_address>
         <size>0x40</size>
         <input_file_ref idref="fl-15e"/>
      </object_component>
      <object_component id="oc-bc">
         <name>.text</name>
         <load_address>0x2fe0</load_address>
         <run_address>0x2fe0</run_address>
         <size>0x38</size>
         <input_file_ref idref="fl-146"/>
      </object_component>
      <object_component id="oc-78">
         <name>.text:SysCtlPeripheralEnable</name>
         <load_address>0x3018</load_address>
         <run_address>0x3018</run_address>
         <size>0x34</size>
         <input_file_ref idref="fl-e"/>
      </object_component>
      <object_component id="oc-203">
         <name>.text</name>
         <load_address>0x304c</load_address>
         <run_address>0x304c</run_address>
         <size>0x30</size>
         <input_file_ref idref="fl-15b"/>
      </object_component>
      <object_component id="oc-18f">
         <name>.text</name>
         <load_address>0x307c</load_address>
         <run_address>0x307c</run_address>
         <size>0x30</size>
         <input_file_ref idref="fl-151"/>
      </object_component>
      <object_component id="oc-ac">
         <name>.text</name>
         <load_address>0x30ac</load_address>
         <run_address>0x30ac</run_address>
         <size>0x2e</size>
         <input_file_ref idref="fl-147"/>
      </object_component>
      <object_component id="oc-255">
         <name>.text</name>
         <load_address>0x30da</load_address>
         <run_address>0x30da</run_address>
         <size>0x2e</size>
         <input_file_ref idref="fl-15d"/>
      </object_component>
      <object_component id="oc-163">
         <name>.text:GPIODirModeSet</name>
         <load_address>0x3108</load_address>
         <run_address>0x3108</run_address>
         <size>0x2a</size>
         <input_file_ref idref="fl-11"/>
      </object_component>
      <object_component id="oc-1d7">
         <name>.text:UARTDisable</name>
         <load_address>0x3134</load_address>
         <run_address>0x3134</run_address>
         <size>0x1c</size>
         <input_file_ref idref="fl-c"/>
      </object_component>
      <object_component id="oc-c8">
         <name>.text</name>
         <load_address>0x3150</load_address>
         <run_address>0x3150</run_address>
         <size>0x1a</size>
         <input_file_ref idref="fl-140"/>
      </object_component>
      <object_component id="oc-cc">
         <name>.text</name>
         <load_address>0x316a</load_address>
         <run_address>0x316a</run_address>
         <size>0x1a</size>
         <input_file_ref idref="fl-14a"/>
      </object_component>
      <object_component id="oc-7d">
         <name>.text:GPIOPinTypeGPIOOutput</name>
         <load_address>0x3184</load_address>
         <run_address>0x3184</run_address>
         <size>0x18</size>
         <input_file_ref idref="fl-11"/>
      </object_component>
      <object_component id="oc-32">
         <name>.text</name>
         <load_address>0x319c</load_address>
         <run_address>0x319c</run_address>
         <size>0x18</size>
         <input_file_ref idref="fl-155"/>
      </object_component>
      <object_component id="oc-1dc">
         <name>.text:UARTEnable</name>
         <load_address>0x31b4</load_address>
         <run_address>0x31b4</run_address>
         <size>0x14</size>
         <input_file_ref idref="fl-c"/>
      </object_component>
      <object_component id="oc-1b9">
         <name>.text</name>
         <load_address>0x31c8</load_address>
         <run_address>0x31c8</run_address>
         <size>0x14</size>
         <input_file_ref idref="fl-154"/>
      </object_component>
      <object_component id="oc-146">
         <name>.text</name>
         <load_address>0x31dc</load_address>
         <run_address>0x31dc</run_address>
         <size>0x14</size>
         <input_file_ref idref="fl-14d"/>
      </object_component>
      <object_component id="oc-125">
         <name>.text:GPIOPinTypeSSI</name>
         <load_address>0x31f0</load_address>
         <run_address>0x31f0</run_address>
         <size>0x12</size>
         <input_file_ref idref="fl-11"/>
      </object_component>
      <object_component id="oc-13c">
         <name>.text:GPIOPinTypeUART</name>
         <load_address>0x3202</load_address>
         <run_address>0x3202</run_address>
         <size>0x12</size>
         <input_file_ref idref="fl-11"/>
      </object_component>
      <object_component id="oc-87">
         <name>.text:TimerLoadSet</name>
         <load_address>0x3214</load_address>
         <run_address>0x3214</run_address>
         <size>0x12</size>
         <input_file_ref idref="fl-d"/>
      </object_component>
      <object_component id="oc-18">
         <name>.text:decompress:ZI</name>
         <load_address>0x3226</load_address>
         <run_address>0x3226</run_address>
         <size>0x12</size>
         <input_file_ref idref="fl-13f"/>
      </object_component>
      <object_component id="oc-9b">
         <name>.text:TimerEnable</name>
         <load_address>0x3238</load_address>
         <run_address>0x3238</run_address>
         <size>0xe</size>
         <input_file_ref idref="fl-d"/>
      </object_component>
      <object_component id="oc-14">
         <name>.text:decompress:none</name>
         <load_address>0x3246</load_address>
         <run_address>0x3246</run_address>
         <size>0xe</size>
         <input_file_ref idref="fl-13d"/>
      </object_component>
      <object_component id="oc-171">
         <name>.text:CPUcpsie</name>
         <load_address>0x3254</load_address>
         <run_address>0x3254</run_address>
         <size>0xc</size>
         <input_file_ref idref="fl-12"/>
      </object_component>
      <object_component id="oc-6d">
         <name>.text:SSIDataGet</name>
         <load_address>0x3260</load_address>
         <run_address>0x3260</run_address>
         <size>0xc</size>
         <input_file_ref idref="fl-f"/>
      </object_component>
      <object_component id="oc-19d">
         <name>.text:UARTCharsAvail</name>
         <load_address>0x326c</load_address>
         <run_address>0x326c</run_address>
         <size>0xc</size>
         <input_file_ref idref="fl-c"/>
      </object_component>
      <object_component id="oc-21">
         <name>.text</name>
         <load_address>0x3278</load_address>
         <run_address>0x3278</run_address>
         <size>0xc</size>
         <input_file_ref idref="fl-3"/>
      </object_component>
      <object_component id="oc-96">
         <name>.text:IntMasterEnable</name>
         <load_address>0x3284</load_address>
         <run_address>0x3284</run_address>
         <size>0xa</size>
         <input_file_ref idref="fl-10"/>
      </object_component>
      <object_component id="oc-68">
         <name>.text:SSIDataPut</name>
         <load_address>0x328e</load_address>
         <run_address>0x328e</run_address>
         <size>0xa</size>
         <input_file_ref idref="fl-f"/>
      </object_component>
      <object_component id="oc-12f">
         <name>.text:SSIEnable</name>
         <load_address>0x3298</load_address>
         <run_address>0x3298</run_address>
         <size>0xa</size>
         <input_file_ref idref="fl-f"/>
      </object_component>
      <object_component id="oc-1a2">
         <name>.text:UARTCharGet</name>
         <load_address>0x32a2</load_address>
         <run_address>0x32a2</run_address>
         <size>0xa</size>
         <input_file_ref idref="fl-c"/>
      </object_component>
      <object_component id="oc-14a">
         <name>.text:UARTCharPut</name>
         <load_address>0x32ac</load_address>
         <run_address>0x32ac</run_address>
         <size>0xa</size>
         <input_file_ref idref="fl-c"/>
      </object_component>
      <object_component id="oc-91">
         <name>.text:TimerIntEnable</name>
         <load_address>0x32b6</load_address>
         <run_address>0x32b6</run_address>
         <size>0x8</size>
         <input_file_ref idref="fl-d"/>
      </object_component>
      <object_component id="oc-a7">
         <name>.text:GPIOPinWrite</name>
         <load_address>0x32be</load_address>
         <run_address>0x32be</run_address>
         <size>0x6</size>
         <input_file_ref idref="fl-11"/>
      </object_component>
      <object_component id="oc-77">
         <name>.text:SysCtlDelay</name>
         <load_address>0x32c4</load_address>
         <run_address>0x32c4</run_address>
         <size>0x6</size>
         <input_file_ref idref="fl-e"/>
      </object_component>
      <object_component id="oc-1c">
         <name>.text:decompress:rle24</name>
         <load_address>0x32ca</load_address>
         <run_address>0x32ca</run_address>
         <size>0x6</size>
         <input_file_ref idref="fl-13e"/>
      </object_component>
      <object_component id="oc-a2">
         <name>.text:TimerIntClear</name>
         <load_address>0x32d0</load_address>
         <run_address>0x32d0</run_address>
         <size>0x4</size>
         <input_file_ref idref="fl-d"/>
      </object_component>
      <object_component id="oc-1ce">
         <name>.const:g_pui32GPIOBaseAddrs</name>
         <load_address>0x32d8</load_address>
         <run_address>0x32d8</run_address>
         <size>0x90</size>
         <input_file_ref idref="fl-11"/>
      </object_component>
      <object_component id="oc-221">
         <name>.const</name>
         <load_address>0x3368</load_address>
         <run_address>0x3368</run_address>
         <size>0x80</size>
         <input_file_ref idref="fl-152"/>
      </object_component>
      <object_component id="oc-16c">
         <name>.const</name>
         <load_address>0x33e8</load_address>
         <run_address>0x33e8</run_address>
         <size>0x70</size>
         <input_file_ref idref="fl-10"/>
      </object_component>
      <object_component id="oc-15a">
         <name>.const:g_pui32Xtals</name>
         <load_address>0x3458</load_address>
         <run_address>0x3458</run_address>
         <size>0x6c</size>
         <input_file_ref idref="fl-e"/>
      </object_component>
      <object_component id="oc-2af">
         <name>.cinit..data.load</name>
         <load_address>0x34c8</load_address>
         <run_address>0x34c8</run_address>
         <size>0x41</size>
      </object_component>
      <object_component id="oc-2ad">
         <name>__TI_handler_table</name>
         <load_address>0x350c</load_address>
         <run_address>0x350c</run_address>
         <size>0xc</size>
      </object_component>
      <object_component id="oc-2b0">
         <name>.cinit..bss.load</name>
         <load_address>0x3518</load_address>
         <run_address>0x3518</run_address>
         <size>0x8</size>
      </object_component>
      <object_component id="oc-2ae">
         <name>__TI_cinit_table</name>
         <load_address>0x3520</load_address>
         <run_address>0x3520</run_address>
         <size>0x10</size>
      </object_component>
      <object_component id="oc-3a">
         <name>.data</name>
         <load_address>0x20000564</load_address>
         <run_address>0x20000564</run_address>
         <size>0x4</size>
         <input_file_ref idref="fl-14c"/>
      </object_component>
      <object_component id="oc-f3">
         <name>.data</name>
         <load_address>0x20000548</load_address>
         <run_address>0x20000548</run_address>
         <size>0x8</size>
         <input_file_ref idref="fl-154"/>
      </object_component>
      <object_component id="oc-f5">
         <name>.data</name>
         <load_address>0x20000550</load_address>
         <run_address>0x20000550</run_address>
         <size>0x8</size>
         <input_file_ref idref="fl-141"/>
      </object_component>
      <object_component id="oc-193">
         <name>.data</name>
         <load_address>0x200004c8</load_address>
         <run_address>0x200004c8</run_address>
         <size>0x80</size>
         <input_file_ref idref="fl-153"/>
      </object_component>
      <object_component id="oc-207">
         <name>.data</name>
         <load_address>0x20000560</load_address>
         <run_address>0x20000560</run_address>
         <size>0x4</size>
         <input_file_ref idref="fl-158"/>
      </object_component>
      <object_component id="oc-259">
         <name>.data</name>
         <load_address>0x20000558</load_address>
         <run_address>0x20000558</run_address>
         <size>0x8</size>
         <input_file_ref idref="fl-15b"/>
      </object_component>
      <object_component id="oc-281">
         <name>.data:sigtable</name>
         <load_address>0x20000418</load_address>
         <run_address>0x20000418</run_address>
         <size>0xb0</size>
         <input_file_ref idref="fl-15e"/>
      </object_component>
      <object_component id="oc-a0">
         <name>.bss</name>
         <uninitialized>true</uninitialized>
         <run_address>0x20000000</run_address>
         <size>0x100</size>
         <input_file_ref idref="fl-4"/>
      </object_component>
      <object_component id="oc-134">
         <name>.bss</name>
         <uninitialized>true</uninitialized>
         <run_address>0x20000200</run_address>
         <size>0xc</size>
         <input_file_ref idref="fl-7"/>
      </object_component>
      <object_component id="oc-153">
         <name>.bss</name>
         <uninitialized>true</uninitialized>
         <run_address>0x2000020c</run_address>
         <size>0xc</size>
         <input_file_ref idref="fl-6"/>
      </object_component>
      <object_component id="oc-1a7">
         <name>.bss:sout</name>
         <uninitialized>true</uninitialized>
         <run_address>0x20000100</run_address>
         <size>0x100</size>
         <input_file_ref idref="fl-5"/>
      </object_component>
      <object_component id="oc-20">
         <name>.stack</name>
         <uninitialized>true</uninitialized>
         <run_address>0x20000218</run_address>
         <size>0x0</size>
         <input_file_ref idref="fl-13c"/>
      </object_component>
      <object_component id="oc-2b1">
         <name>.stack</name>
         <uninitialized>true</uninitialized>
         <run_address>0x20000218</run_address>
         <size>0x0</size>
      </object_component>
      <object_component id="oc-f">
         <name>.debug_info</name>
         <load_address>0x0</load_address>
         <run_address>0x0</run_address>
         <size>0xd8</size>
         <input_file_ref idref="fl-3"/>
      </object_component>
      <object_component id="oc-11">
         <name>.debug_info</name>
         <load_address>0xd8</load_address>
         <run_address>0xd8</run_address>
         <size>0xf4</size>
         <input_file_ref idref="fl-13c"/>
      </object_component>
      <object_component id="oc-15">
         <name>.debug_info</name>
         <load_address>0x1cc</load_address>
         <run_address>0x1cc</run_address>
         <size>0x159</size>
         <input_file_ref idref="fl-13d"/>
      </object_component>
      <object_component id="oc-19">
         <name>.debug_info</name>
         <load_address>0x325</load_address>
         <run_address>0x325</run_address>
         <size>0x193</size>
         <input_file_ref idref="fl-13f"/>
      </object_component>
      <object_component id="oc-1d">
         <name>.debug_info</name>
         <load_address>0x4b8</load_address>
         <run_address>0x4b8</run_address>
         <size>0x16a</size>
         <input_file_ref idref="fl-13e"/>
      </object_component>
      <object_component id="oc-22">
         <name>.debug_info</name>
         <load_address>0x622</load_address>
         <run_address>0x622</run_address>
         <size>0x32b</size>
         <input_file_ref idref="fl-3"/>
      </object_component>
      <object_component id="oc-27">
         <name>.debug_info</name>
         <load_address>0x94d</load_address>
         <run_address>0x94d</run_address>
         <size>0xe75</size>
         <input_file_ref idref="fl-4"/>
      </object_component>
      <object_component id="oc-2d">
         <name>.debug_info</name>
         <load_address>0x17c2</load_address>
         <run_address>0x17c2</run_address>
         <size>0x115</size>
         <input_file_ref idref="fl-3"/>
      </object_component>
      <object_component id="oc-2f">
         <name>.debug_info</name>
         <load_address>0x18d7</load_address>
         <run_address>0x18d7</run_address>
         <size>0x13f</size>
         <input_file_ref idref="fl-156"/>
      </object_component>
      <object_component id="oc-33">
         <name>.debug_info</name>
         <load_address>0x1a16</load_address>
         <run_address>0x1a16</run_address>
         <size>0xfe</size>
         <input_file_ref idref="fl-155"/>
      </object_component>
      <object_component id="oc-37">
         <name>.debug_info</name>
         <load_address>0x1b14</load_address>
         <run_address>0x1b14</run_address>
         <size>0x205</size>
         <input_file_ref idref="fl-141"/>
      </object_component>
      <object_component id="oc-3b">
         <name>.debug_info</name>
         <load_address>0x1d19</load_address>
         <run_address>0x1d19</run_address>
         <size>0xbe</size>
         <input_file_ref idref="fl-14c"/>
      </object_component>
      <object_component id="oc-3e">
         <name>.debug_info</name>
         <load_address>0x1dd7</load_address>
         <run_address>0x1dd7</run_address>
         <size>0xcd</size>
         <input_file_ref idref="fl-149"/>
      </object_component>
      <object_component id="oc-42">
         <name>.debug_info</name>
         <load_address>0x1ea4</load_address>
         <run_address>0x1ea4</run_address>
         <size>0x46</size>
         <input_file_ref idref="fl-13d"/>
      </object_component>
      <object_component id="oc-48">
         <name>.debug_info</name>
         <load_address>0x1eea</load_address>
         <run_address>0x1eea</run_address>
         <size>0x46</size>
         <input_file_ref idref="fl-13f"/>
      </object_component>
      <object_component id="oc-4e">
         <name>.debug_info</name>
         <load_address>0x1f30</load_address>
         <run_address>0x1f30</run_address>
         <size>0x318</size>
         <input_file_ref idref="fl-13e"/>
      </object_component>
      <object_component id="oc-52">
         <name>.debug_info</name>
         <load_address>0x2248</load_address>
         <run_address>0x2248</run_address>
         <size>0xb2</size>
         <input_file_ref idref="fl-13e"/>
      </object_component>
      <object_component id="oc-53">
         <name>.debug_info</name>
         <load_address>0x22fa</load_address>
         <run_address>0x22fa</run_address>
         <size>0x39</size>
         <input_file_ref idref="fl-13e"/>
      </object_component>
      <object_component id="oc-5a">
         <name>.debug_info</name>
         <load_address>0x2333</load_address>
         <run_address>0x2333</run_address>
         <size>0x2d4</size>
         <input_file_ref idref="fl-e"/>
      </object_component>
      <object_component id="oc-5f">
         <name>.debug_info</name>
         <load_address>0x2607</load_address>
         <run_address>0x2607</run_address>
         <size>0x968</size>
         <input_file_ref idref="fl-7"/>
      </object_component>
      <object_component id="oc-64">
         <name>.debug_info</name>
         <load_address>0x2f6f</load_address>
         <run_address>0x2f6f</run_address>
         <size>0x557</size>
         <input_file_ref idref="fl-6"/>
      </object_component>
      <object_component id="oc-69">
         <name>.debug_info</name>
         <load_address>0x34c6</load_address>
         <run_address>0x34c6</run_address>
         <size>0x25f</size>
         <input_file_ref idref="fl-f"/>
      </object_component>
      <object_component id="oc-6e">
         <name>.debug_info</name>
         <load_address>0x3725</load_address>
         <run_address>0x3725</run_address>
         <size>0x263</size>
         <input_file_ref idref="fl-f"/>
      </object_component>
      <object_component id="oc-73">
         <name>.debug_info</name>
         <load_address>0x3988</load_address>
         <run_address>0x3988</run_address>
         <size>0x202</size>
         <input_file_ref idref="fl-e"/>
      </object_component>
      <object_component id="oc-79">
         <name>.debug_info</name>
         <load_address>0x3b8a</load_address>
         <run_address>0x3b8a</run_address>
         <size>0x1e1</size>
         <input_file_ref idref="fl-e"/>
      </object_component>
      <object_component id="oc-7e">
         <name>.debug_info</name>
         <load_address>0x3d6b</load_address>
         <run_address>0x3d6b</run_address>
         <size>0x1eb</size>
         <input_file_ref idref="fl-11"/>
      </object_component>
      <object_component id="oc-83">
         <name>.debug_info</name>
         <load_address>0x3f56</load_address>
         <run_address>0x3f56</run_address>
         <size>0x1f0</size>
         <input_file_ref idref="fl-d"/>
      </object_component>
      <object_component id="oc-88">
         <name>.debug_info</name>
         <load_address>0x4146</load_address>
         <run_address>0x4146</run_address>
         <size>0x21e</size>
         <input_file_ref idref="fl-d"/>
      </object_component>
      <object_component id="oc-8d">
         <name>.debug_info</name>
         <load_address>0x4364</load_address>
         <run_address>0x4364</run_address>
         <size>0x1cc</size>
         <input_file_ref idref="fl-10"/>
      </object_component>
      <object_component id="oc-92">
         <name>.debug_info</name>
         <load_address>0x4530</load_address>
         <run_address>0x4530</run_address>
         <size>0x1f8</size>
         <input_file_ref idref="fl-d"/>
      </object_component>
      <object_component id="oc-97">
         <name>.debug_info</name>
         <load_address>0x4728</load_address>
         <run_address>0x4728</run_address>
         <size>0x1a2</size>
         <input_file_ref idref="fl-10"/>
      </object_component>
      <object_component id="oc-9c">
         <name>.debug_info</name>
         <load_address>0x48ca</load_address>
         <run_address>0x48ca</run_address>
         <size>0x1e3</size>
         <input_file_ref idref="fl-d"/>
      </object_component>
      <object_component id="oc-a1">
         <name>.debug_info</name>
         <load_address>0x4aad</load_address>
         <run_address>0x4aad</run_address>
         <size>0x70e</size>
         <input_file_ref idref="fl-4"/>
      </object_component>
      <object_component id="oc-a3">
         <name>.debug_info</name>
         <load_address>0x51bb</load_address>
         <run_address>0x51bb</run_address>
         <size>0x1f6</size>
         <input_file_ref idref="fl-d"/>
      </object_component>
      <object_component id="oc-a8">
         <name>.debug_info</name>
         <load_address>0x53b1</load_address>
         <run_address>0x53b1</run_address>
         <size>0x207</size>
         <input_file_ref idref="fl-11"/>
      </object_component>
      <object_component id="oc-ad">
         <name>.debug_info</name>
         <load_address>0x55b8</load_address>
         <run_address>0x55b8</run_address>
         <size>0xe0</size>
         <input_file_ref idref="fl-147"/>
      </object_component>
      <object_component id="oc-b1">
         <name>.debug_info</name>
         <load_address>0x5698</load_address>
         <run_address>0x5698</run_address>
         <size>0xee</size>
         <input_file_ref idref="fl-144"/>
      </object_component>
      <object_component id="oc-b5">
         <name>.debug_info</name>
         <load_address>0x5786</load_address>
         <run_address>0x5786</run_address>
         <size>0x100</size>
         <input_file_ref idref="fl-142"/>
      </object_component>
      <object_component id="oc-b9">
         <name>.debug_info</name>
         <load_address>0x5886</load_address>
         <run_address>0x5886</run_address>
         <size>0xe9</size>
         <input_file_ref idref="fl-145"/>
      </object_component>
      <object_component id="oc-bd">
         <name>.debug_info</name>
         <load_address>0x596f</load_address>
         <run_address>0x596f</run_address>
         <size>0xe0</size>
         <input_file_ref idref="fl-146"/>
      </object_component>
      <object_component id="oc-c1">
         <name>.debug_info</name>
         <load_address>0x5a4f</load_address>
         <run_address>0x5a4f</run_address>
         <size>0x211</size>
         <input_file_ref idref="fl-14b"/>
      </object_component>
      <object_component id="oc-c5">
         <name>.debug_info</name>
         <load_address>0x5c60</load_address>
         <run_address>0x5c60</run_address>
         <size>0xee</size>
         <input_file_ref idref="fl-143"/>
      </object_component>
      <object_component id="oc-c9">
         <name>.debug_info</name>
         <load_address>0x5d4e</load_address>
         <run_address>0x5d4e</run_address>
         <size>0xf3</size>
         <input_file_ref idref="fl-140"/>
      </object_component>
      <object_component id="oc-cd">
         <name>.debug_info</name>
         <load_address>0x5e41</load_address>
         <run_address>0x5e41</run_address>
         <size>0xf3</size>
         <input_file_ref idref="fl-14a"/>
      </object_component>
      <object_component id="oc-d1">
         <name>.debug_info</name>
         <load_address>0x5f34</load_address>
         <run_address>0x5f34</run_address>
         <size>0x57d</size>
         <input_file_ref idref="fl-5"/>
      </object_component>
      <object_component id="oc-d6">
         <name>.debug_info</name>
         <load_address>0x64b1</load_address>
         <run_address>0x64b1</run_address>
         <size>0x90</size>
         <input_file_ref idref="fl-4"/>
      </object_component>
      <object_component id="oc-db">
         <name>.debug_info</name>
         <load_address>0x6541</load_address>
         <run_address>0x6541</run_address>
         <size>0x18b</size>
         <input_file_ref idref="fl-4"/>
      </object_component>
      <object_component id="oc-e0">
         <name>.debug_info</name>
         <load_address>0x66cc</load_address>
         <run_address>0x66cc</run_address>
         <size>0x4dc</size>
         <input_file_ref idref="fl-4"/>
      </object_component>
      <object_component id="oc-e3">
         <name>.debug_info</name>
         <load_address>0x6ba8</load_address>
         <run_address>0x6ba8</run_address>
         <size>0x18b</size>
         <input_file_ref idref="fl-2"/>
      </object_component>
      <object_component id="oc-e9">
         <name>.debug_info</name>
         <load_address>0x6d33</load_address>
         <run_address>0x6d33</run_address>
         <size>0x191</size>
         <input_file_ref idref="fl-157"/>
      </object_component>
      <object_component id="oc-ee">
         <name>.debug_info</name>
         <load_address>0x6ec4</load_address>
         <run_address>0x6ec4</run_address>
         <size>0x90</size>
         <input_file_ref idref="fl-140"/>
      </object_component>
      <object_component id="oc-f4">
         <name>.debug_info</name>
         <load_address>0x6f54</load_address>
         <run_address>0x6f54</run_address>
         <size>0xc8</size>
         <input_file_ref idref="fl-154"/>
      </object_component>
      <object_component id="oc-f6">
         <name>.debug_info</name>
         <load_address>0x701c</load_address>
         <run_address>0x701c</run_address>
         <size>0xdb</size>
         <input_file_ref idref="fl-141"/>
      </object_component>
      <object_component id="oc-f8">
         <name>.debug_info</name>
         <load_address>0x70f7</load_address>
         <run_address>0x70f7</run_address>
         <size>0x89</size>
         <input_file_ref idref="fl-13d"/>
      </object_component>
      <object_component id="oc-ff">
         <name>.debug_info</name>
         <load_address>0x7180</load_address>
         <run_address>0x7180</run_address>
         <size>0x83</size>
         <input_file_ref idref="fl-14c"/>
      </object_component>
      <object_component id="oc-105">
         <name>.debug_info</name>
         <load_address>0x7203</load_address>
         <run_address>0x7203</run_address>
         <size>0x46</size>
         <input_file_ref idref="fl-13d"/>
      </object_component>
      <object_component id="oc-10a">
         <name>.debug_info</name>
         <load_address>0x7249</load_address>
         <run_address>0x7249</run_address>
         <size>0xe8</size>
         <input_file_ref idref="fl-13d"/>
      </object_component>
      <object_component id="oc-10b">
         <name>.debug_info</name>
         <load_address>0x7331</load_address>
         <run_address>0x7331</run_address>
         <size>0x2c</size>
         <input_file_ref idref="fl-13e"/>
      </object_component>
      <object_component id="oc-110">
         <name>.debug_info</name>
         <load_address>0x735d</load_address>
         <run_address>0x735d</run_address>
         <size>0xa8</size>
         <input_file_ref idref="fl-13f"/>
      </object_component>
      <object_component id="oc-112">
         <name>.debug_info</name>
         <load_address>0x7405</load_address>
         <run_address>0x7405</run_address>
         <size>0x84</size>
         <input_file_ref idref="fl-13e"/>
      </object_component>
      <object_component id="oc-11a">
         <name>.debug_info</name>
         <load_address>0x7489</load_address>
         <run_address>0x7489</run_address>
         <size>0x18b</size>
         <input_file_ref idref="fl-c"/>
      </object_component>
      <object_component id="oc-11f">
         <name>.debug_info</name>
         <load_address>0x7614</load_address>
         <run_address>0x7614</run_address>
         <size>0x226</size>
         <input_file_ref idref="fl-e"/>
      </object_component>
      <object_component id="oc-121">
         <name>.debug_info</name>
         <load_address>0x783a</load_address>
         <run_address>0x783a</run_address>
         <size>0x1e4</size>
         <input_file_ref idref="fl-11"/>
      </object_component>
      <object_component id="oc-126">
         <name>.debug_info</name>
         <load_address>0x7a1e</load_address>
         <run_address>0x7a1e</run_address>
         <size>0x1dd</size>
         <input_file_ref idref="fl-11"/>
      </object_component>
      <object_component id="oc-12b">
         <name>.debug_info</name>
         <load_address>0x7bfb</load_address>
         <run_address>0x7bfb</run_address>
         <size>0x3c2</size>
         <input_file_ref idref="fl-f"/>
      </object_component>
      <object_component id="oc-130">
         <name>.debug_info</name>
         <load_address>0x7fbd</load_address>
         <run_address>0x7fbd</run_address>
         <size>0x1a6</size>
         <input_file_ref idref="fl-f"/>
      </object_component>
      <object_component id="oc-135">
         <name>.debug_info</name>
         <load_address>0x8163</load_address>
         <run_address>0x8163</run_address>
         <size>0x106</size>
         <input_file_ref idref="fl-7"/>
      </object_component>
      <object_component id="oc-137">
         <name>.debug_info</name>
         <load_address>0x8269</load_address>
         <run_address>0x8269</run_address>
         <size>0x90</size>
         <input_file_ref idref="fl-2"/>
      </object_component>
      <object_component id="oc-13d">
         <name>.debug_info</name>
         <load_address>0x82f9</load_address>
         <run_address>0x82f9</run_address>
         <size>0x1df</size>
         <input_file_ref idref="fl-11"/>
      </object_component>
      <object_component id="oc-142">
         <name>.debug_info</name>
         <load_address>0x84d8</load_address>
         <run_address>0x84d8</run_address>
         <size>0x28a</size>
         <input_file_ref idref="fl-c"/>
      </object_component>
      <object_component id="oc-147">
         <name>.debug_info</name>
         <load_address>0x8762</load_address>
         <run_address>0x8762</run_address>
         <size>0x194</size>
         <input_file_ref idref="fl-14d"/>
      </object_component>
      <object_component id="oc-14b">
         <name>.debug_info</name>
         <load_address>0x88f6</load_address>
         <run_address>0x88f6</run_address>
         <size>0x25d</size>
         <input_file_ref idref="fl-c"/>
      </object_component>
      <object_component id="oc-150">
         <name>.debug_info</name>
         <load_address>0x8b53</load_address>
         <run_address>0x8b53</run_address>
         <size>0x15a</size>
         <input_file_ref idref="fl-148"/>
      </object_component>
      <object_component id="oc-154">
         <name>.debug_info</name>
         <load_address>0x8cad</load_address>
         <run_address>0x8cad</run_address>
         <size>0xc2</size>
         <input_file_ref idref="fl-6"/>
      </object_component>
      <object_component id="oc-156">
         <name>.debug_info</name>
         <load_address>0x8d6f</load_address>
         <run_address>0x8d6f</run_address>
         <size>0x291</size>
         <input_file_ref idref="fl-6"/>
      </object_component>
      <object_component id="oc-158">
         <name>.debug_info</name>
         <load_address>0x9000</load_address>
         <run_address>0x9000</run_address>
         <size>0x1c3</size>
         <input_file_ref idref="fl-f"/>
      </object_component>
      <object_component id="oc-15b">
         <name>.debug_info</name>
         <load_address>0x91c3</load_address>
         <run_address>0x91c3</run_address>
         <size>0xff</size>
         <input_file_ref idref="fl-e"/>
      </object_component>
      <object_component id="oc-15f">
         <name>.debug_info</name>
         <load_address>0x92c2</load_address>
         <run_address>0x92c2</run_address>
         <size>0x312</size>
         <input_file_ref idref="fl-11"/>
      </object_component>
      <object_component id="oc-164">
         <name>.debug_info</name>
         <load_address>0x95d4</load_address>
         <run_address>0x95d4</run_address>
         <size>0x217</size>
         <input_file_ref idref="fl-11"/>
      </object_component>
      <object_component id="oc-16a">
         <name>.debug_info</name>
         <load_address>0x97eb</load_address>
         <run_address>0x97eb</run_address>
         <size>0x1cf</size>
         <input_file_ref idref="fl-d"/>
      </object_component>
      <object_component id="oc-16d">
         <name>.debug_info</name>
         <load_address>0x99ba</load_address>
         <run_address>0x99ba</run_address>
         <size>0x1c2</size>
         <input_file_ref idref="fl-10"/>
      </object_component>
      <object_component id="oc-16f">
         <name>.debug_info</name>
         <load_address>0x9b7c</load_address>
         <run_address>0x9b7c</run_address>
         <size>0x1ba</size>
         <input_file_ref idref="fl-10"/>
      </object_component>
      <object_component id="oc-172">
         <name>.debug_info</name>
         <load_address>0x9d36</load_address>
         <run_address>0x9d36</run_address>
         <size>0x176</size>
         <input_file_ref idref="fl-12"/>
      </object_component>
      <object_component id="oc-177">
         <name>.debug_info</name>
         <load_address>0x9eac</load_address>
         <run_address>0x9eac</run_address>
         <size>0x90</size>
         <input_file_ref idref="fl-c"/>
      </object_component>
      <object_component id="oc-181">
         <name>.debug_info</name>
         <load_address>0x9f3c</load_address>
         <run_address>0x9f3c</run_address>
         <size>0x1d7</size>
         <input_file_ref idref="fl-11"/>
      </object_component>
      <object_component id="oc-188">
         <name>.debug_info</name>
         <load_address>0xa113</load_address>
         <run_address>0xa113</run_address>
         <size>0x11c</size>
         <input_file_ref idref="fl-150"/>
      </object_component>
      <object_component id="oc-18c">
         <name>.debug_info</name>
         <load_address>0xa22f</load_address>
         <run_address>0xa22f</run_address>
         <size>0x175</size>
         <input_file_ref idref="fl-14f"/>
      </object_component>
      <object_component id="oc-190">
         <name>.debug_info</name>
         <load_address>0xa3a4</load_address>
         <run_address>0xa3a4</run_address>
         <size>0x116</size>
         <input_file_ref idref="fl-151"/>
      </object_component>
      <object_component id="oc-194">
         <name>.debug_info</name>
         <load_address>0xa4ba</load_address>
         <run_address>0xa4ba</run_address>
         <size>0x189</size>
         <input_file_ref idref="fl-153"/>
      </object_component>
      <object_component id="oc-198">
         <name>.debug_info</name>
         <load_address>0xa643</load_address>
         <run_address>0xa643</run_address>
         <size>0x418</size>
         <input_file_ref idref="fl-152"/>
      </object_component>
      <object_component id="oc-19e">
         <name>.debug_info</name>
         <load_address>0xaa5b</load_address>
         <run_address>0xaa5b</run_address>
         <size>0x1b7</size>
         <input_file_ref idref="fl-c"/>
      </object_component>
      <object_component id="oc-1a3">
         <name>.debug_info</name>
         <load_address>0xac12</load_address>
         <run_address>0xac12</run_address>
         <size>0x237</size>
         <input_file_ref idref="fl-c"/>
      </object_component>
      <object_component id="oc-1a8">
         <name>.debug_info</name>
         <load_address>0xae49</load_address>
         <run_address>0xae49</run_address>
         <size>0xc3</size>
         <input_file_ref idref="fl-5"/>
      </object_component>
      <object_component id="oc-1aa">
         <name>.debug_info</name>
         <load_address>0xaf0c</load_address>
         <run_address>0xaf0c</run_address>
         <size>0x2c</size>
         <input_file_ref idref="fl-2"/>
      </object_component>
      <object_component id="oc-1af">
         <name>.debug_info</name>
         <load_address>0xaf38</load_address>
         <run_address>0xaf38</run_address>
         <size>0x2b5</size>
         <input_file_ref idref="fl-5"/>
      </object_component>
      <object_component id="oc-1b2">
         <name>.debug_info</name>
         <load_address>0xb1ed</load_address>
         <run_address>0xb1ed</run_address>
         <size>0x2c</size>
         <input_file_ref idref="fl-4"/>
      </object_component>
      <object_component id="oc-1b8">
         <name>.debug_info</name>
         <load_address>0xb219</load_address>
         <run_address>0xb219</run_address>
         <size>0x143</size>
         <input_file_ref idref="fl-157"/>
      </object_component>
      <object_component id="oc-1ba">
         <name>.debug_info</name>
         <load_address>0xb35c</load_address>
         <run_address>0xb35c</run_address>
         <size>0x1ba</size>
         <input_file_ref idref="fl-154"/>
      </object_component>
      <object_component id="oc-1bf">
         <name>.debug_info</name>
         <load_address>0xb516</load_address>
         <run_address>0xb516</run_address>
         <size>0xd4</size>
         <input_file_ref idref="fl-154"/>
      </object_component>
      <object_component id="oc-1c2">
         <name>.debug_info</name>
         <load_address>0xb5ea</load_address>
         <run_address>0xb5ea</run_address>
         <size>0x131</size>
         <input_file_ref idref="fl-141"/>
      </object_component>
      <object_component id="oc-1c9">
         <name>.debug_info</name>
         <load_address>0xb71b</load_address>
         <run_address>0xb71b</run_address>
         <size>0x5f</size>
         <input_file_ref idref="fl-e"/>
      </object_component>
      <object_component id="oc-1cf">
         <name>.debug_info</name>
         <load_address>0xb77a</load_address>
         <run_address>0xb77a</run_address>
         <size>0x10d</size>
         <input_file_ref idref="fl-11"/>
      </object_component>
      <object_component id="oc-1d8">
         <name>.debug_info</name>
         <load_address>0xb887</load_address>
         <run_address>0xb887</run_address>
         <size>0x233</size>
         <input_file_ref idref="fl-c"/>
      </object_component>
      <object_component id="oc-1dd">
         <name>.debug_info</name>
         <load_address>0xbaba</load_address>
         <run_address>0xbaba</run_address>
         <size>0x1ab</size>
         <input_file_ref idref="fl-c"/>
      </object_component>
      <object_component id="oc-1e2">
         <name>.debug_info</name>
         <load_address>0xbc65</load_address>
         <run_address>0xbc65</run_address>
         <size>0x1ce</size>
         <input_file_ref idref="fl-c"/>
      </object_component>
      <object_component id="oc-1e4">
         <name>.debug_info</name>
         <load_address>0xbe33</load_address>
         <run_address>0xbe33</run_address>
         <size>0x9a</size>
         <input_file_ref idref="fl-14d"/>
      </object_component>
      <object_component id="oc-1e7">
         <name>.debug_info</name>
         <load_address>0xbecd</load_address>
         <run_address>0xbecd</run_address>
         <size>0xe9</size>
         <input_file_ref idref="fl-148"/>
      </object_component>
      <object_component id="oc-1fc">
         <name>.debug_info</name>
         <load_address>0xbfb6</load_address>
         <run_address>0xbfb6</run_address>
         <size>0x1ed</size>
         <input_file_ref idref="fl-15f"/>
      </object_component>
      <object_component id="oc-200">
         <name>.debug_info</name>
         <load_address>0xc1a3</load_address>
         <run_address>0xc1a3</run_address>
         <size>0xd9</size>
         <input_file_ref idref="fl-150"/>
      </object_component>
      <object_component id="oc-202">
         <name>.debug_info</name>
         <load_address>0xc27c</load_address>
         <run_address>0xc27c</run_address>
         <size>0xe6</size>
         <input_file_ref idref="fl-14f"/>
      </object_component>
      <object_component id="oc-204">
         <name>.debug_info</name>
         <load_address>0xc362</load_address>
         <run_address>0xc362</run_address>
         <size>0x132</size>
         <input_file_ref idref="fl-15b"/>
      </object_component>
      <object_component id="oc-208">
         <name>.debug_info</name>
         <load_address>0xc494</load_address>
         <run_address>0xc494</run_address>
         <size>0xab</size>
         <input_file_ref idref="fl-158"/>
      </object_component>
      <object_component id="oc-20c">
         <name>.debug_info</name>
         <load_address>0xc53f</load_address>
         <run_address>0xc53f</run_address>
         <size>0x86</size>
         <input_file_ref idref="fl-140"/>
      </object_component>
      <object_component id="oc-212">
         <name>.debug_info</name>
         <load_address>0xc5c5</load_address>
         <run_address>0xc5c5</run_address>
         <size>0x106</size>
         <input_file_ref idref="fl-160"/>
      </object_component>
      <object_component id="oc-216">
         <name>.debug_info</name>
         <load_address>0xc6cb</load_address>
         <run_address>0xc6cb</run_address>
         <size>0xdc</size>
         <input_file_ref idref="fl-159"/>
      </object_component>
      <object_component id="oc-21a">
         <name>.debug_info</name>
         <load_address>0xc7a7</load_address>
         <run_address>0xc7a7</run_address>
         <size>0x27b</size>
         <input_file_ref idref="fl-15c"/>
      </object_component>
      <object_component id="oc-21e">
         <name>.debug_info</name>
         <load_address>0xca22</load_address>
         <run_address>0xca22</run_address>
         <size>0xe2</size>
         <input_file_ref idref="fl-15a"/>
      </object_component>
      <object_component id="oc-222">
         <name>.debug_info</name>
         <load_address>0xcb04</load_address>
         <run_address>0xcb04</run_address>
         <size>0x111</size>
         <input_file_ref idref="fl-152"/>
      </object_component>
      <object_component id="oc-22a">
         <name>.debug_info</name>
         <load_address>0xcc15</load_address>
         <run_address>0xcc15</run_address>
         <size>0x2c</size>
         <input_file_ref idref="fl-5"/>
      </object_component>
      <object_component id="oc-231">
         <name>.debug_info</name>
         <load_address>0xcc41</load_address>
         <run_address>0xcc41</run_address>
         <size>0xcd</size>
         <input_file_ref idref="fl-157"/>
      </object_component>
      <object_component id="oc-243">
         <name>.debug_info</name>
         <load_address>0xcd0e</load_address>
         <run_address>0xcd0e</run_address>
         <size>0x8b</size>
         <input_file_ref idref="fl-14d"/>
      </object_component>
      <object_component id="oc-24b">
         <name>.debug_info</name>
         <load_address>0xcd99</load_address>
         <run_address>0xcd99</run_address>
         <size>0xa9</size>
         <input_file_ref idref="fl-15f"/>
      </object_component>
      <object_component id="oc-250">
         <name>.debug_info</name>
         <load_address>0xce42</load_address>
         <run_address>0xce42</run_address>
         <size>0x86</size>
         <input_file_ref idref="fl-14f"/>
      </object_component>
      <object_component id="oc-256">
         <name>.debug_info</name>
         <load_address>0xcec8</load_address>
         <run_address>0xcec8</run_address>
         <size>0x112</size>
         <input_file_ref idref="fl-15d"/>
      </object_component>
      <object_component id="oc-25a">
         <name>.debug_info</name>
         <load_address>0xcfda</load_address>
         <run_address>0xcfda</run_address>
         <size>0xe2</size>
         <input_file_ref idref="fl-15b"/>
      </object_component>
      <object_component id="oc-25e">
         <name>.debug_info</name>
         <load_address>0xd0bc</load_address>
         <run_address>0xd0bc</run_address>
         <size>0xc3</size>
         <input_file_ref idref="fl-140"/>
      </object_component>
      <object_component id="oc-260">
         <name>.debug_info</name>
         <load_address>0xd17f</load_address>
         <run_address>0xd17f</run_address>
         <size>0xa9</size>
         <input_file_ref idref="fl-160"/>
      </object_component>
      <object_component id="oc-266">
         <name>.debug_info</name>
         <load_address>0xd228</load_address>
         <run_address>0xd228</run_address>
         <size>0x178</size>
         <input_file_ref idref="fl-152"/>
      </object_component>
      <object_component id="oc-26a">
         <name>.debug_info</name>
         <load_address>0xd3a0</load_address>
         <run_address>0xd3a0</run_address>
         <size>0x119</size>
         <input_file_ref idref="fl-15e"/>
      </object_component>
      <object_component id="oc-270">
         <name>.debug_info</name>
         <load_address>0xd4b9</load_address>
         <run_address>0xd4b9</run_address>
         <size>0x6f</size>
         <input_file_ref idref="fl-151"/>
      </object_component>
      <object_component id="oc-275">
         <name>.debug_info</name>
         <load_address>0xd528</load_address>
         <run_address>0xd528</run_address>
         <size>0x144</size>
         <input_file_ref idref="fl-15b"/>
      </object_component>
      <object_component id="oc-27c">
         <name>.debug_info</name>
         <load_address>0xd66c</load_address>
         <run_address>0xd66c</run_address>
         <size>0x86</size>
         <input_file_ref idref="fl-152"/>
      </object_component>
      <object_component id="oc-282">
         <name>.debug_info</name>
         <load_address>0xd6f2</load_address>
         <run_address>0xd6f2</run_address>
         <size>0xaf</size>
         <input_file_ref idref="fl-15e"/>
      </object_component>
      <object_component id="oc-284">
         <name>.debug_info</name>
         <load_address>0xd7a1</load_address>
         <run_address>0xd7a1</run_address>
         <size>0xed</size>
         <input_file_ref idref="fl-15e"/>
      </object_component>
      <object_component id="oc-28b">
         <name>.debug_info</name>
         <load_address>0xd88e</load_address>
         <run_address>0xd88e</run_address>
         <size>0x39</size>
         <input_file_ref idref="fl-15d"/>
      </object_component>
      <object_component id="oc-290">
         <name>.debug_info</name>
         <load_address>0xd8c7</load_address>
         <run_address>0xd8c7</run_address>
         <size>0xd3</size>
         <input_file_ref idref="fl-15d"/>
      </object_component>
      <object_component id="oc-2b2">
         <name>.debug_info</name>
         <load_address>0xd99a</load_address>
         <run_address>0xd99a</run_address>
         <size>0xa0</size>
      </object_component>
      <object_component id="oc-12">
         <name>.debug_line</name>
         <load_address>0x0</load_address>
         <run_address>0x0</run_address>
         <size>0x4f</size>
         <input_file_ref idref="fl-13c"/>
      </object_component>
      <object_component id="oc-16">
         <name>.debug_line</name>
         <load_address>0x4f</load_address>
         <run_address>0x4f</run_address>
         <size>0x4d</size>
         <input_file_ref idref="fl-13d"/>
      </object_component>
      <object_component id="oc-1a">
         <name>.debug_line</name>
         <load_address>0x9c</load_address>
         <run_address>0x9c</run_address>
         <size>0x4c</size>
         <input_file_ref idref="fl-13f"/>
      </object_component>
      <object_component id="oc-1e">
         <name>.debug_line</name>
         <load_address>0xe8</load_address>
         <run_address>0xe8</run_address>
         <size>0x4c</size>
         <input_file_ref idref="fl-13e"/>
      </object_component>
      <object_component id="oc-23">
         <name>.debug_line</name>
         <load_address>0x134</load_address>
         <run_address>0x134</run_address>
         <size>0x94</size>
         <input_file_ref idref="fl-3"/>
      </object_component>
      <object_component id="oc-28">
         <name>.debug_line</name>
         <load_address>0x1c8</load_address>
         <run_address>0x1c8</run_address>
         <size>0x1e9</size>
         <input_file_ref idref="fl-4"/>
      </object_component>
      <object_component id="oc-2c">
         <name>.debug_line</name>
         <load_address>0x3b1</load_address>
         <run_address>0x3b1</run_address>
         <size>0x34</size>
         <input_file_ref idref="fl-3"/>
      </object_component>
      <object_component id="oc-30">
         <name>.debug_line</name>
         <load_address>0x3e5</load_address>
         <run_address>0x3e5</run_address>
         <size>0x87</size>
         <input_file_ref idref="fl-156"/>
      </object_component>
      <object_component id="oc-34">
         <name>.debug_line</name>
         <load_address>0x46c</load_address>
         <run_address>0x46c</run_address>
         <size>0x42</size>
         <input_file_ref idref="fl-155"/>
      </object_component>
      <object_component id="oc-38">
         <name>.debug_line</name>
         <load_address>0x4ae</load_address>
         <run_address>0x4ae</run_address>
         <size>0x71</size>
         <input_file_ref idref="fl-141"/>
      </object_component>
      <object_component id="oc-3f">
         <name>.debug_line</name>
         <load_address>0x51f</load_address>
         <run_address>0x51f</run_address>
         <size>0x88</size>
         <input_file_ref idref="fl-149"/>
      </object_component>
      <object_component id="oc-44">
         <name>.debug_line</name>
         <load_address>0x5a7</load_address>
         <run_address>0x5a7</run_address>
         <size>0x3a</size>
         <input_file_ref idref="fl-13d"/>
      </object_component>
      <object_component id="oc-4a">
         <name>.debug_line</name>
         <load_address>0x5e1</load_address>
         <run_address>0x5e1</run_address>
         <size>0x34</size>
         <input_file_ref idref="fl-13f"/>
      </object_component>
      <object_component id="oc-4f">
         <name>.debug_line</name>
         <load_address>0x615</load_address>
         <run_address>0x615</run_address>
         <size>0x58</size>
         <input_file_ref idref="fl-13e"/>
      </object_component>
      <object_component id="oc-55">
         <name>.debug_line</name>
         <load_address>0x66d</load_address>
         <run_address>0x66d</run_address>
         <size>0x39</size>
         <input_file_ref idref="fl-13e"/>
      </object_component>
      <object_component id="oc-5b">
         <name>.debug_line</name>
         <load_address>0x6a6</load_address>
         <run_address>0x6a6</run_address>
         <size>0xd2</size>
         <input_file_ref idref="fl-e"/>
      </object_component>
      <object_component id="oc-60">
         <name>.debug_line</name>
         <load_address>0x778</load_address>
         <run_address>0x778</run_address>
         <size>0x1c0</size>
         <input_file_ref idref="fl-7"/>
      </object_component>
      <object_component id="oc-65">
         <name>.debug_line</name>
         <load_address>0x938</load_address>
         <run_address>0x938</run_address>
         <size>0xd7</size>
         <input_file_ref idref="fl-6"/>
      </object_component>
      <object_component id="oc-6a">
         <name>.debug_line</name>
         <load_address>0xa0f</load_address>
         <run_address>0xa0f</run_address>
         <size>0x6d</size>
         <input_file_ref idref="fl-f"/>
      </object_component>
      <object_component id="oc-6f">
         <name>.debug_line</name>
         <load_address>0xa7c</load_address>
         <run_address>0xa7c</run_address>
         <size>0x6d</size>
         <input_file_ref idref="fl-f"/>
      </object_component>
      <object_component id="oc-74">
         <name>.debug_line</name>
         <load_address>0xae9</load_address>
         <run_address>0xae9</run_address>
         <size>0xc8</size>
         <input_file_ref idref="fl-e"/>
      </object_component>
      <object_component id="oc-7a">
         <name>.debug_line</name>
         <load_address>0xbb1</load_address>
         <run_address>0xbb1</run_address>
         <size>0x6d</size>
         <input_file_ref idref="fl-e"/>
      </object_component>
      <object_component id="oc-7f">
         <name>.debug_line</name>
         <load_address>0xc1e</load_address>
         <run_address>0xc1e</run_address>
         <size>0x72</size>
         <input_file_ref idref="fl-11"/>
      </object_component>
      <object_component id="oc-84">
         <name>.debug_line</name>
         <load_address>0xc90</load_address>
         <run_address>0xc90</run_address>
         <size>0x80</size>
         <input_file_ref idref="fl-d"/>
      </object_component>
      <object_component id="oc-89">
         <name>.debug_line</name>
         <load_address>0xd10</load_address>
         <run_address>0xd10</run_address>
         <size>0x75</size>
         <input_file_ref idref="fl-d"/>
      </object_component>
      <object_component id="oc-8e">
         <name>.debug_line</name>
         <load_address>0xd85</load_address>
         <run_address>0xd85</run_address>
         <size>0x99</size>
         <input_file_ref idref="fl-10"/>
      </object_component>
      <object_component id="oc-93">
         <name>.debug_line</name>
         <load_address>0xe1e</load_address>
         <run_address>0xe1e</run_address>
         <size>0x6c</size>
         <input_file_ref idref="fl-d"/>
      </object_component>
      <object_component id="oc-98">
         <name>.debug_line</name>
         <load_address>0xe8a</load_address>
         <run_address>0xe8a</run_address>
         <size>0x70</size>
         <input_file_ref idref="fl-10"/>
      </object_component>
      <object_component id="oc-9d">
         <name>.debug_line</name>
         <load_address>0xefa</load_address>
         <run_address>0xefa</run_address>
         <size>0x6c</size>
         <input_file_ref idref="fl-d"/>
      </object_component>
      <object_component id="oc-a4">
         <name>.debug_line</name>
         <load_address>0xf66</load_address>
         <run_address>0xf66</run_address>
         <size>0x6c</size>
         <input_file_ref idref="fl-d"/>
      </object_component>
      <object_component id="oc-a9">
         <name>.debug_line</name>
         <load_address>0xfd2</load_address>
         <run_address>0xfd2</run_address>
         <size>0x6b</size>
         <input_file_ref idref="fl-11"/>
      </object_component>
      <object_component id="oc-ae">
         <name>.debug_line</name>
         <load_address>0x103d</load_address>
         <run_address>0x103d</run_address>
         <size>0x50</size>
         <input_file_ref idref="fl-147"/>
      </object_component>
      <object_component id="oc-b2">
         <name>.debug_line</name>
         <load_address>0x108d</load_address>
         <run_address>0x108d</run_address>
         <size>0x8e</size>
         <input_file_ref idref="fl-144"/>
      </object_component>
      <object_component id="oc-b6">
         <name>.debug_line</name>
         <load_address>0x111b</load_address>
         <run_address>0x111b</run_address>
         <size>0xd2</size>
         <input_file_ref idref="fl-142"/>
      </object_component>
      <object_component id="oc-ba">
         <name>.debug_line</name>
         <load_address>0x11ed</load_address>
         <run_address>0x11ed</run_address>
         <size>0x58</size>
         <input_file_ref idref="fl-145"/>
      </object_component>
      <object_component id="oc-be">
         <name>.debug_line</name>
         <load_address>0x1245</load_address>
         <run_address>0x1245</run_address>
         <size>0x56</size>
         <input_file_ref idref="fl-146"/>
      </object_component>
      <object_component id="oc-c2">
         <name>.debug_line</name>
         <load_address>0x129b</load_address>
         <run_address>0x129b</run_address>
         <size>0x43</size>
         <input_file_ref idref="fl-14b"/>
      </object_component>
      <object_component id="oc-c6">
         <name>.debug_line</name>
         <load_address>0x12de</load_address>
         <run_address>0x12de</run_address>
         <size>0xa8</size>
         <input_file_ref idref="fl-143"/>
      </object_component>
      <object_component id="oc-ca">
         <name>.debug_line</name>
         <load_address>0x1386</load_address>
         <run_address>0x1386</run_address>
         <size>0x3b</size>
         <input_file_ref idref="fl-140"/>
      </object_component>
      <object_component id="oc-ce">
         <name>.debug_line</name>
         <load_address>0x13c1</load_address>
         <run_address>0x13c1</run_address>
         <size>0x3b</size>
         <input_file_ref idref="fl-14a"/>
      </object_component>
      <object_component id="oc-d2">
         <name>.debug_line</name>
         <load_address>0x13fc</load_address>
         <run_address>0x13fc</run_address>
         <size>0x118</size>
         <input_file_ref idref="fl-5"/>
      </object_component>
      <object_component id="oc-d8">
         <name>.debug_line</name>
         <load_address>0x1514</load_address>
         <run_address>0x1514</run_address>
         <size>0x20</size>
         <input_file_ref idref="fl-4"/>
      </object_component>
      <object_component id="oc-dd">
         <name>.debug_line</name>
         <load_address>0x1534</load_address>
         <run_address>0x1534</run_address>
         <size>0x59</size>
         <input_file_ref idref="fl-4"/>
      </object_component>
      <object_component id="oc-e2">
         <name>.debug_line</name>
         <load_address>0x158d</load_address>
         <run_address>0x158d</run_address>
         <size>0x34</size>
         <input_file_ref idref="fl-3"/>
      </object_component>
      <object_component id="oc-e5">
         <name>.debug_line</name>
[...]
         <object_component_ref idref="oc-a0"/>
      </symbol>
      <symbol id="sm-188">
         <name>zx0</name>
         <value>0x20000068</value>
         <object_component_ref idref="oc-a0"/>
      </symbol>
      <symbol id="sm-189">
         <name>dt</name>
         <value>0x2000004c</value>
         <object_component_ref idref="oc-a0"/>
      </symbol>
      <symbol id="sm-18a">
         <name>string</name>
         <value>0x20000000</value>
         <object_component_ref idref="oc-a0"/>
      </symbol>
      <symbol id="sm-18b">
         <name>displayflag</name>
         <value>0x200000f8</value>
         <object_component_ref idref="oc-a0"/>
      </symbol>
      <symbol id="sm-18c">
         <name>Timer0IntHandler</name>
         <value>0x449</value>
         <object_component_ref idref="oc-26"/>
      </symbol>
      <symbol id="sm-18d">
         <name>yz0</name>
         <value>0x20000064</value>
         <object_component_ref idref="oc-a0"/>
      </symbol>
      <symbol id="sm-1ba">
         <name>BT_UART_StrPut</name>
         <value>0x27a9</value>
         <object_component_ref idref="oc-d0"/>
      </symbol>
      <symbol id="sm-1bb">
         <name>sout</name>
         <value>0x20000100</value>
         <object_component_ref idref="oc-1a7"/>
      </symbol>
      <symbol id="sm-1bc">
         <name>BT_UART_CharGet</name>
         <value>0x279d</value>
         <object_component_ref idref="oc-d0"/>
      </symbol>
      <symbol id="sm-1bd">
         <name>BT_NL_Put</name>
         <value>0x27ef</value>
         <object_component_ref idref="oc-d0"/>
      </symbol>
      <symbol id="sm-1be">
         <name>BT_UART_CharsAvail</name>
         <value>0x2781</value>
         <object_component_ref idref="oc-d0"/>
      </symbol>
      <symbol id="sm-1bf">
         <name>BT_NumPut</name>
         <value>0x27f7</value>
         <object_component_ref idref="oc-d0"/>
      </symbol>
      <symbol id="sm-1c0">
         <name>BT_UART_NLPut</name>
         <value>0x27df</value>
         <object_component_ref idref="oc-d0"/>
      </symbol>
      <symbol id="sm-1c1">
         <name>btuart_init</name>
         <value>0x2749</value>
         <object_component_ref idref="oc-d0"/>
      </symbol>
      <symbol id="sm-1c2">
         <name>BT_UART_CharPut</name>
         <value>0x278b</value>
         <object_component_ref idref="oc-d0"/>
      </symbol>
      <symbol id="sm-1ed">
         <name>USB_UART_StrPut</name>
         <value>0x23ab</value>
         <object_component_ref idref="oc-63"/>
      </symbol>
      <symbol id="sm-1ee">
         <name>USB_NL_Put</name>
         <value>0x239b</value>
         <object_component_ref idref="oc-63"/>
      </symbol>
      <symbol id="sm-1ef">
         <name>USB_UART_CharPut</name>
         <value>0x23f5</value>
         <object_component_ref idref="oc-63"/>
      </symbol>
      <symbol id="sm-1f0">
         <name>sout1</name>
         <value>0x2000020c</value>
         <object_component_ref idref="oc-153"/>
      </symbol>
      <symbol id="sm-1f1">
         <name>UARTinit</name>
         <value>0x232d</value>
         <object_component_ref idref="oc-63"/>
      </symbol>
      <symbol id="sm-1f2">
         <name>myNumPut</name>
         <value>0x2407</value>
         <object_component_ref idref="oc-63"/>
      </symbol>
      <symbol id="sm-21c">
         <name>zaccelread</name>
         <value>0x1895</value>
         <object_component_ref idref="oc-5e"/>
      </symbol>
      <symbol id="sm-21d">
         <name>xaccelread</name>
         <value>0x183d</value>
         <object_component_ref idref="oc-5e"/>
      </symbol>
      <symbol id="sm-21e">
         <name>Convert</name>
         <value>0x20000204</value>
         <object_component_ref idref="oc-134"/>
      </symbol>
      <symbol id="sm-21f">
         <name>yaccelread</name>
         <value>0x1869</value>
         <object_component_ref idref="oc-5e"/>
      </symbol>
      <symbol id="sm-220">
         <name>TrueMeasure</name>
         <value>0x20000208</value>
         <object_component_ref idref="oc-134"/>
      </symbol>
      <symbol id="sm-221">
         <name>ygyroread</name>
         <value>0x178d</value>
         <object_component_ref idref="oc-5e"/>
      </symbol>
      <symbol id="sm-222">
         <name>Data</name>
         <value>0x20000200</value>
         <object_component_ref idref="oc-134"/>
      </symbol>
      <symbol id="sm-223">
         <name>avgconfig</name>
         <value>0x16e3</value>
         <object_component_ref idref="oc-5e"/>
      </symbol>
      <symbol id="sm-224">
         <name>printfloata</name>
         <value>0x1931</value>
         <object_component_ref idref="oc-5e"/>
      </symbol>
      <symbol id="sm-225">
         <name>DataConversion</name>
         <value>0x1707</value>
         <object_component_ref idref="oc-5e"/>
      </symbol>
      <symbol id="sm-226">
         <name>myDegPut</name>
         <value>0x1955</value>
         <object_component_ref idref="oc-5e"/>
      </symbol>
      <symbol id="sm-227">
         <name>zgyroread</name>
         <value>0x17e5</value>
         <object_component_ref idref="oc-5e"/>
      </symbol>
      <symbol id="sm-228">
         <name>SSIInit</name>
         <value>0x1689</value>
         <object_component_ref idref="oc-5e"/>
      </symbol>
      <symbol id="sm-229">
         <name>xgyroread</name>
         <value>0x1735</value>
         <object_component_ref idref="oc-5e"/>
      </symbol>
      <symbol id="sm-22a">
         <name>printfloat</name>
         <value>0x18c1</value>
         <object_component_ref idref="oc-5e"/>
      </symbol>
      <symbol id="sm-26f">
         <name>UARTConfigSetExpClk</name>
         <value>0x2f1f</value>
         <object_component_ref idref="oc-141"/>
      </symbol>
      <symbol id="sm-270">
         <name>UARTDisable</name>
         <value>0x3135</value>
         <object_component_ref idref="oc-1d7"/>
      </symbol>
      <symbol id="sm-271">
         <name>UARTCharsAvail</name>
         <value>0x326d</value>
         <object_component_ref idref="oc-19d"/>
      </symbol>
      <symbol id="sm-272">
         <name>UARTCharPut</name>
         <value>0x32ad</value>
         <object_component_ref idref="oc-14a"/>
      </symbol>
      <symbol id="sm-273">
         <name>UARTEnable</name>
         <value>0x31b5</value>
         <object_component_ref idref="oc-1dc"/>
      </symbol>
      <symbol id="sm-274">
         <name>UARTCharGet</name>
         <value>0x32a3</value>
         <object_component_ref idref="oc-1a2"/>
      </symbol>
      <symbol id="sm-2a2">
         <name>TimerLoadSet</name>
         <value>0x3215</value>
         <object_component_ref idref="oc-87"/>
      </symbol>
      <symbol id="sm-2a3">
         <name>TimerEnable</name>
         <value>0x3239</value>
         <object_component_ref idref="oc-9b"/>
      </symbol>
      <symbol id="sm-2a4">
         <name>TimerIntEnable</name>
         <value>0x32b7</value>
         <object_component_ref idref="oc-91"/>
      </symbol>
      <symbol id="sm-2a5">
         <name>TimerConfigure</name>
         <value>0x2c81</value>
         <object_component_ref idref="oc-82"/>
      </symbol>
      <symbol id="sm-2a6">
         <name>TimerIntClear</name>
         <value>0x32d1</value>
         <object_component_ref idref="oc-a2"/>
      </symbol>
      <symbol id="sm-2f2">
         <name>SysCtlClockSet</name>
         <value>0x2445</value>
         <object_component_ref idref="oc-59"/>
      </symbol>
      <symbol id="sm-2f3">
         <name>SysCtlDelay</name>
         <value>0x32c5</value>
         <object_component_ref idref="oc-77"/>
      </symbol>
      <symbol id="sm-2f4">
         <name>SysCtlPeripheralEnable</name>
         <value>0x3019</value>
         <object_component_ref idref="oc-78"/>
      </symbol>
      <symbol id="sm-2f5">
         <name>SysCtlClockGet</name>
         <value>0x2825</value>
         <object_component_ref idref="oc-72"/>
      </symbol>
      <symbol id="sm-320">
         <name>SSIDataPut</name>
         <value>0x328f</value>
         <object_component_ref idref="oc-68"/>
      </symbol>
      <symbol id="sm-321">
         <name>SSIDataGet</name>
         <value>0x3261</value>
         <object_component_ref idref="oc-6d"/>
      </symbol>
      <symbol id="sm-322">
         <name>SSIConfigSetExpClk</name>
         <value>0x2edd</value>
         <object_component_ref idref="oc-12a"/>
      </symbol>
      <symbol id="sm-323">
         <name>SSIEnable</name>
         <value>0x3299</value>
         <object_component_ref idref="oc-12f"/>
      </symbol>
      <symbol id="sm-34e">
         <name>IntEnable</name>
         <value>0x2bc1</value>
         <object_component_ref idref="oc-8c"/>
      </symbol>
      <symbol id="sm-34f">
         <name>IntMasterEnable</name>
         <value>0x3285</value>
         <object_component_ref idref="oc-96"/>
      </symbol>
      <symbol id="sm-397">
         <name>GPIOPinConfigure</name>
         <value>0x2d7d</value>
         <object_component_ref idref="oc-120"/>
      </symbol>
      <symbol id="sm-398">
         <name>GPIOPinTypeUART</name>
         <value>0x3203</value>
         <object_component_ref idref="oc-13c"/>
      </symbol>
      <symbol id="sm-399">
         <name>GPIOPinTypeGPIOOutput</name>
         <value>0x3185</value>
         <object_component_ref idref="oc-7d"/>
      </symbol>
      <symbol id="sm-39a">
         <name>GPIODirModeSet</name>
         <value>0x3109</value>
         <object_component_ref idref="oc-163"/>
      </symbol>
      <symbol id="sm-39b">
         <name>GPIOPinWrite</name>
         <value>0x32bf</value>
         <object_component_ref idref="oc-a7"/>
      </symbol>
      <symbol id="sm-39c">
         <name>GPIOPadConfigSet</name>
         <value>0x21fb</value>
         <object_component_ref idref="oc-15e"/>
      </symbol>
      <symbol id="sm-39d">
         <name>GPIOPinTypeSSI</name>
         <value>0x31f1</value>
         <object_component_ref idref="oc-125"/>
      </symbol>
      <symbol id="sm-3a6">
         <name>CPUcpsie</name>
         <value>0x3255</value>
         <object_component_ref idref="oc-171"/>
      </symbol>
      <symbol id="sm-3b5">
         <name>_c_int00</name>
         <value>0x2dc5</value>
         <object_component_ref idref="oc-10"/>
      </symbol>
      <symbol id="sm-3b6">
         <name>__stack</name>
         <value>0x20000218</value>
         <object_component_ref idref="oc-20"/>
      </symbol>
      <symbol id="sm-3d0">
         <name>__TI_decompress_none</name>
         <value>0x3247</value>
         <object_component_ref idref="oc-14"/>
      </symbol>
      <symbol id="sm-3fa">
         <name>__TI_decompress_rle24</name>
         <value>0x32cb</value>
         <object_component_ref idref="oc-1c"/>
      </symbol>
      <symbol id="sm-40c">
         <name>__TI_zero_init</name>
         <value>0x3227</value>
         <object_component_ref idref="oc-18"/>
      </symbol>
      <symbol id="sm-421">
         <name>cos</name>
         <value>0x3151</value>
         <object_component_ref idref="oc-c8"/>
      </symbol>
      <symbol id="sm-43c">
         <name>C$$EXIT</name>
         <value>0x2f61</value>
         <object_component_ref idref="oc-36"/>
      </symbol>
      <symbol id="sm-43d">
         <name>_dtors_ptr</name>
         <value>0x20000554</value>
         <object_component_ref idref="oc-f5"/>
      </symbol>
      <symbol id="sm-43e">
         <name>abort</name>
         <value>0x2f65</value>
         <object_component_ref idref="oc-36"/>
      </symbol>
      <symbol id="sm-43f">
         <name>_cleanup_ptr</name>
         <value>0x20000550</value>
         <object_component_ref idref="oc-f5"/>
      </symbol>
      <symbol id="sm-440">
         <name>exit</name>
         <value>0x2f6d</value>
         <object_component_ref idref="oc-36"/>
      </symbol>
      <symbol id="sm-456">
         <name>__aeabi_dsub</name>
         <value>0x1c51</value>
         <object_component_ref idref="oc-b4"/>
      </symbol>
      <symbol id="sm-457">
         <name>__aeabi_dadd</name>
         <value>0x1c5b</value>
         <object_component_ref idref="oc-b4"/>
      </symbol>
      <symbol id="sm-469">
         <name>__aeabi_ddiv</name>
         <value>0x20c5</value>
         <object_component_ref idref="oc-c4"/>
      </symbol>
      <symbol id="sm-473">
         <name>__aeabi_dmul</name>
         <value>0x264d</value>
         <object_component_ref idref="oc-b0"/>
      </symbol>
      <symbol id="sm-47c">
         <name>__aeabi_d2f</name>
         <value>0x2d33</value>
         <object_component_ref idref="oc-b8"/>
      </symbol>
      <symbol id="sm-486">
         <name>__aeabi_f2d</name>
         <value>0x2fe1</value>
         <object_component_ref idref="oc-bc"/>
      </symbol>
      <symbol id="sm-48f">
         <name>__aeabi_i2d</name>
         <value>0x30ad</value>
         <object_component_ref idref="oc-ac"/>
      </symbol>
      <symbol id="sm-49c">
         <name>ltoa</name>
         <value>0x2cdd</value>
         <object_component_ref idref="oc-14f"/>
      </symbol>
      <symbol id="sm-4b1">
         <name>memcpy</name>
         <value>0x29ab</value>
         <object_component_ref idref="oc-3d"/>
      </symbol>
      <symbol id="sm-4b2">
         <name>__aeabi_memcpy</name>
         <value>0x29ab</value>
         <object_component_ref idref="oc-3d"/>
      </symbol>
      <symbol id="sm-4b3">
         <name>__aeabi_memcpy8</name>
         <value>0x29ab</value>
         <object_component_ref idref="oc-3d"/>
      </symbol>
      <symbol id="sm-4b4">
         <name>__aeabi_memcpy4</name>
         <value>0x29ab</value>
         <object_component_ref idref="oc-3d"/>
      </symbol>
      <symbol id="sm-4bc">
         <name>sin</name>
         <value>0x316b</value>
         <object_component_ref idref="oc-cc"/>
      </symbol>
      <symbol id="sm-4d1">
         <name>sqrt</name>
         <value>0x1f71</value>
         <object_component_ref idref="oc-c0"/>
      </symbol>
      <symbol id="sm-4dd">
         <name>main_func_sp</name>
         <value>0x20000564</value>
         <object_component_ref idref="oc-3a"/>
      </symbol>
      <symbol id="sm-4ee">
         <name>strlen</name>
         <value>0x31dd</value>
         <object_component_ref idref="oc-146"/>
      </symbol>
      <symbol id="sm-50d">
         <name>_Dscale</name>
         <value>0x2549</value>
         <object_component_ref idref="oc-18b"/>
      </symbol>
      <symbol id="sm-51f">
         <name>_Dunscale</name>
         <value>0x2b5b</value>
         <object_component_ref idref="oc-187"/>
      </symbol>
      <symbol id="sm-531">
         <name>_Feraise</name>
         <value>0x307d</value>
         <object_component_ref idref="oc-18f"/>
      </symbol>
      <symbol id="sm-567">
         <name>_Sin</name>
         <value>0x199d</value>
         <object_component_ref idref="oc-197"/>
      </symbol>
      <symbol id="sm-576">
         <name>_Rteps</name>
         <value>0x20000528</value>
         <object_component_ref idref="oc-193"/>
      </symbol>
      <symbol id="sm-577">
         <name>_Zero</name>
         <value>0x20000540</value>
         <object_component_ref idref="oc-193"/>
      </symbol>
      <symbol id="sm-578">
         <name>_Hugeval</name>
         <value>0x200004e8</value>
         <object_component_ref idref="oc-193"/>
      </symbol>
      <symbol id="sm-579">
         <name>_Snan</name>
         <value>0x20000518</value>
         <object_component_ref idref="oc-193"/>
      </symbol>
      <symbol id="sm-57a">
         <name>_Nan</name>
         <value>0x20000508</value>
         <object_component_ref idref="oc-193"/>
      </symbol>
      <symbol id="sm-57b">
         <name>_Inf</name>
         <value>0x200004f8</value>
         <object_component_ref idref="oc-193"/>
      </symbol>
      <symbol id="sm-57c">
         <name>_Xbig</name>
         <value>0x20000538</value>
         <object_component_ref idref="oc-193"/>
      </symbol>
      <symbol id="sm-57d">
         <name>_Eps</name>
         <value>0x200004d8</value>
         <object_component_ref idref="oc-193"/>
      </symbol>
      <symbol id="sm-57e">
         <name>_Denorm</name>
         <value>0x200004c8</value>
         <object_component_ref idref="oc-193"/>
      </symbol>
      <symbol id="sm-593">
         <name>_nop</name>
         <value>0x31d7</value>
         <object_component_ref idref="oc-1b9"/>
      </symbol>
      <symbol id="sm-594">
         <name>_lock</name>
         <value>0x20000548</value>
         <object_component_ref idref="oc-f3"/>
      </symbol>
      <symbol id="sm-595">
         <name>_unlock</name>
         <value>0x2000054c</value>
         <object_component_ref idref="oc-f3"/>
      </symbol>
      <symbol id="sm-596">
         <name>_register_lock</name>
         <value>0x31cf</value>
         <object_component_ref idref="oc-1b9"/>
      </symbol>
      <symbol id="sm-597">
         <name>_register_unlock</name>
         <value>0x31c9</value>
         <object_component_ref idref="oc-1b9"/>
      </symbol>
      <symbol id="sm-5a1">
         <name>_args_main</name>
         <value>0x319d</value>
         <object_component_ref idref="oc-32"/>
      </symbol>
      <symbol id="sm-5bb">
         <name>__TI_auto_init</name>
         <value>0x2a49</value>
         <object_component_ref idref="oc-2e"/>
      </symbol>
      <symbol id="sm-5d2">
         <name>copy_in</name>
         <value>0x2e55</value>
         <object_component_ref idref="oc-e8"/>
      </symbol>
      <symbol id="sm-5d9">
         <name>_Errno</name>
         <value>0x20000560</value>
         <object_component_ref idref="oc-207"/>
      </symbol>
      <symbol id="sm-5e9">
         <name>__aeabi_cdcmpeq</name>
         <value>0x2add</value>
         <object_component_ref idref="oc-215"/>
      </symbol>
      <symbol id="sm-5ea">
         <name>__aeabi_cdcmple</name>
         <value>0x2add</value>
         <object_component_ref idref="oc-215"/>
      </symbol>
      <symbol id="sm-5f3">
         <name>__aeabi_d2iz</name>
         <value>0x2e0d</value>
         <object_component_ref idref="oc-21d"/>
      </symbol>
      <symbol id="sm-608">
         <name>feraiseexcept</name>
         <value>0x304d</value>
         <object_component_ref idref="oc-203"/>
      </symbol>
      <symbol id="sm-609">
         <name>_Tls_setup__Fenv</name>
         <value>0x2000055c</value>
         <object_component_ref idref="oc-259"/>
      </symbol>
      <symbol id="sm-60a">
         <name>_Fenv</name>
         <value>0x20000558</value>
         <object_component_ref idref="oc-259"/>
      </symbol>
      <symbol id="sm-625">
         <name>fmod</name>
         <value>0x1e09</value>
         <object_component_ref idref="oc-219"/>
      </symbol>
      <symbol id="sm-637">
         <name>raise</name>
         <value>0x30db</value>
         <object_component_ref idref="oc-255"/>
      </symbol>
      <symbol id="sm-64e">
         <name>signal</name>
         <value>0x2fa1</value>
         <object_component_ref idref="oc-269"/>
      </symbol>
      <symbol id="sm-661">
         <name>_Dnorm</name>
         <value>0x28ed</value>
         <object_component_ref idref="oc-1fb"/>
      </symbol>
      <symbol id="sm-671">
         <name>_Dtest</name>
         <value>0x2e99</value>
         <object_component_ref idref="oc-211"/>
      </symbol>
      <symbol id="sm-672">
         <name>__TI_static_base__</name>
         <value>0x0</value>
      </symbol>
      <symbol id="sm-673">
         <name>__TI_args_main</name>
         <value>0x1</value>
      </symbol>
      <symbol id="sm-674">
         <name>SHT$$INIT_ARRAY$$Limit</name>
         <value>0x0</value>
      </symbol>
      <symbol id="sm-675">
         <name>SHT$$INIT_ARRAY$$Base</name>
         <value>0x0</value>
      </symbol>
   </symbol_table>
</link_info>
