******************************************************************************
                  TI ARM Linker PC v5.0.4                      
******************************************************************************
>> Linked Sat May 31 17:24:41 2014

OUTPUT FILE NAME:   <interrupt_blink.out>
ENTRY POINT SYMBOL: "_c_int00"  address: 00000c4d


MEMORY CONFIGURATION

         name            origin    length      used     unused   attr    fill
----------------------  --------  ---------  --------  --------  ----  --------
  FLASH                 00000000   00040000  00001096  0003ef6a  R  X
  SRAM                  20000000   00008000  00000328  00007cd8  RW X


SEGMENT ALLOCATION MAP

run origin  load origin   length   init length attrs members
----------  ----------- ---------- ----------- ----- -------
00000000    00000000    00001098   00001098    r-x
  00000000    00000000    0000026c   0000026c    r-- .intvecs
  0000026c    0000026c    00000c86   00000c86    r-x .text
  00000ef4    00000ef4    0000016c   0000016c    r-- .const
  00001060    00001060    00000038   00000038    r-- .cinit
20000000    20000000    00000314   00000000    rw-
  20000000    20000000    00000200   00000000    rw- .stack
  20000200    20000200    00000114   00000000    rw- .bss
20000314    20000314    00000014   00000014    rw-
  20000314    20000314    00000014   00000014    rw- .data


SECTION ALLOCATION MAP

 output                                  attributes/
section   page    origin      length       input sections
--------  ----  ----------  ----------   ----------------
.intvecs   0    00000000    0000026c     
                  00000000    0000026c     startup_ccs.obj (.intvecs)

.init_array 
*          0    00000000    00000000     UNINITIALIZED

.text      0    0000026c    00000c86     
                  0000026c    0000026c     USB.obj (.text)
                  000004d8    00000150     main.obj (.text)
                  00000628    00000130     driverlib.lib : gpio.obj (.text:GPIOPadConfigSet)
                  00000758    00000118                   : sysctl.obj (.text:SysCtlClockGet)
                  00000870    000000f0                   : sysctl.obj (.text:SysCtlClockSet)
                  00000960    0000009c     rtsv7M4_T_le_v4SPD16_eabi.lib : memcpy_t2.obj (.text)
                  000009fc    00000094                                   : auto_init.obj (.text)
                  00000a90    00000060     driverlib.lib : interrupt.obj (.text:IntEnable)
                  00000af0    0000005e     rtsv7M4_T_le_v4SPD16_eabi.lib : copy_decompress_rle.obj (.text)
                  00000b4e    00000002     --HOLE-- [fill = 0]
                  00000b50    0000005c     driverlib.lib : timer.obj (.text:TimerConfigure)
                  00000bac    00000056     rtsv7M4_T_le_v4SPD16_eabi.lib : ltoa.obj (.text)
                  00000c02    00000002     --HOLE-- [fill = 0]
                  00000c04    00000048     driverlib.lib : gpio.obj (.text:GPIOPinConfigure)
                  00000c4c    00000048     rtsv7M4_T_le_v4SPD16_eabi.lib : boot.obj (.text)
                  00000c94    00000044                                   : cpy_tbl.obj (.text)
                  00000cd8    00000040     driverlib.lib : uart.obj (.text:UARTConfigSetExpClk)
                  00000d18    00000040     rtsv7M4_T_le_v4SPD16_eabi.lib : exit.obj (.text)
                  00000d58    00000034     driverlib.lib : sysctl.obj (.text:SysCtlPeripheralEnable)
                  00000d8c    0000002a                   : gpio.obj (.text:GPIODirModeSet)
                  00000db6    00000002     --HOLE-- [fill = 0]
                  00000db8    0000001c                   : uart.obj (.text:UARTDisable)
                  00000dd4    00000018                   : gpio.obj (.text:GPIOPinTypeGPIOOutput)
                  00000dec    00000018     rtsv7M4_T_le_v4SPD16_eabi.lib : args_main.obj (.text)
                  00000e04    00000014     driverlib.lib : uart.obj (.text:UARTEnable)
                  00000e18    00000014     rtsv7M4_T_le_v4SPD16_eabi.lib : _lock.obj (.text)
                  00000e2c    00000014                                   : strlen.obj (.text)
                  00000e40    00000012     driverlib.lib : gpio.obj (.text:GPIOPinTypeUART)
                  00000e52    00000012                   : timer.obj (.text:TimerLoadSet)
                  00000e64    00000012     rtsv7M4_T_le_v4SPD16_eabi.lib : copy_zero_init.obj (.text:decompress:ZI)
                  00000e76    0000000e     driverlib.lib : timer.obj (.text:TimerEnable)
                  00000e84    0000000e     rtsv7M4_T_le_v4SPD16_eabi.lib : copy_decompress_none.obj (.text:decompress:none)
                  00000e92    0000000c     driverlib.lib : cpu.obj (.text:CPUcpsie)
                  00000e9e    0000000c                   : uart.obj (.text:UARTCharsAvail)
                  00000eaa    0000000c     startup_ccs.obj (.text)
                  00000eb6    0000000a     driverlib.lib : interrupt.obj (.text:IntMasterEnable)
                  00000ec0    0000000a                   : uart.obj (.text:UARTCharGet)
                  00000eca    0000000a                   : uart.obj (.text:UARTCharPut)
                  00000ed4    00000008                   : timer.obj (.text:TimerIntEnable)
                  00000edc    00000006                   : gpio.obj (.text:GPIOPinWrite)
                  00000ee2    00000006                   : sysctl.obj (.text:SysCtlDelay)
                  00000ee8    00000006     rtsv7M4_T_le_v4SPD16_eabi.lib : copy_decompress_rle.obj (.text:decompress:rle24)
                  00000eee    00000004     driverlib.lib : timer.obj (.text:TimerIntClear)

.const     0    00000ef4    0000016c     
                  00000ef4    00000090     driverlib.lib : gpio.obj (.const:g_pui32GPIOBaseAddrs)
                  00000f84    00000070                   : interrupt.obj (.const)
                  00000ff4    0000006c                   : sysctl.obj (.const:g_pui32Xtals)

.cinit     0    00001060    00000038     
                  00001060    0000000f     (.cinit..data.load) [load image, compression = rle]
                  0000106f    00000001     --HOLE-- [fill = 0]
                  00001070    0000000c     (__TI_handler_table)
                  0000107c    00000004     --HOLE-- [fill = 0]
                  00001080    00000008     (.cinit..bss.load) [load image, compression = zero_init]
                  00001088    00000010     (__TI_cinit_table)

.stack     0    20000000    00000200     UNINITIALIZED
                  20000000    00000200     --HOLE--

.bss       0    20000200    00000114     UNINITIALIZED
                  20000200    00000100     USB.obj (.bss:sout)
                  20000300    00000014     main.obj (.bss)

.data      0    20000314    00000014     
                  20000314    00000008     rtsv7M4_T_le_v4SPD16_eabi.lib : _lock.obj (.data)
                  2000031c    00000008                                   : exit.obj (.data)
                  20000324    00000004                                   : stkdepth_vars.obj (.data)


LINKER GENERATED COPY TABLES

__TI_cinit_table @ 00001088 records: 2, size/record: 8, table size: 16
	.data: load addr=00001060, load size=0000000f bytes, run addr=20000314, run size=00000014 bytes, compression=rle
	.bss: load addr=00001080, load size=00000008 bytes, run addr=20000200, run size=00000114 bytes, compression=zero_init


LINKER GENERATED HANDLER TABLE

__TI_handler_table @ 00001070 records: 3, size/record: 4, table size: 12
	index: 0, handler: __TI_decompress_rle24
	index: 1, handler: __TI_decompress_none
	index: 2, handler: __TI_zero_init


GLOBAL SYMBOLS: SORTED ALPHABETICALLY BY Name 

address    name
--------   ----
00000499   BT_NL_Put
000004a1   BT_NumPut
00000447   BT_UART_CharGet
00000435   BT_UART_CharPut
0000042b   BT_UART_CharsAvail
00000489   BT_UART_NLPut
00000453   BT_UART_StrPut
00000d19   C$$EXIT
00000e93   CPUcpsie
00000d8d   GPIODirModeSet
00000629   GPIOPadConfigSet
00000c05   GPIOPinConfigure
00000dd5   GPIOPinTypeGPIOOutput
00000e41   GPIOPinTypeUART
00000edd   GPIOPinWrite
00000a91   IntEnable
00000eb7   IntMasterEnable
000005af   Power
00000eab   ResetISR
UNDEFED    SHT$$INIT_ARRAY$$Base
UNDEFED    SHT$$INIT_ARRAY$$Limit
00000759   SysCtlClockGet
00000871   SysCtlClockSet
00000ee3   SysCtlDelay
00000d59   SysCtlPeripheralEnable
0000053b   Timer0IntHandler
00000b51   TimerConfigure
00000e77   TimerEnable
00000eef   TimerIntClear
00000ed5   TimerIntEnable
00000e53   TimerLoadSet
00000ec1   UARTCharGet
00000ecb   UARTCharPut
00000e9f   UARTCharsAvail
00000cd9   UARTConfigSetExpClk
00000db9   UARTDisable
00000e05   UARTEnable
0000026d   UARTinit
20000200   __STACK_END
00000200   __STACK_SIZE
20000200   __STACK_TOP
00001088   __TI_CINIT_Base
00001098   __TI_CINIT_Limit
00001070   __TI_Handler_Table_Base
0000107c   __TI_Handler_Table_Limit
00000001   __TI_args_main
000009fd   __TI_auto_init
00000e85   __TI_decompress_none
00000ee9   __TI_decompress_rle24
00000000   __TI_static_base__
00000e65   __TI_zero_init
00000961   __aeabi_memcpy
00000961   __aeabi_memcpy4
00000961   __aeabi_memcpy8
ffffffff   __binit__
ffffffff   __c_args__
20000000   __stack
00000ded   _args_main
00000c4d   _c_int00
2000031c   _cleanup_ptr
20000320   _dtors_ptr
20000314   _lock
00000e27   _nop
00000e1f   _register_lock
00000e19   _register_unlock
20000318   _unlock
00000d1d   abort
20000300   arrayk
ffffffff   binit
00000c95   copy_in
00000d25   exit
000002db   ftoa
00000000   g_pfnVectors
20000310   led_state
00000bad   ltoa
000004d9   main
20000324   main_func_sp
00000961   memcpy
20000200   sout
20000304   string
00000e2d   strlen


GLOBAL SYMBOLS: SORTED BY Symbol Address 

address    name
--------   ----
00000000   __TI_static_base__
00000000   g_pfnVectors
00000001   __TI_args_main
00000200   __STACK_SIZE
0000026d   UARTinit
000002db   ftoa
0000042b   BT_UART_CharsAvail
00000435   BT_UART_CharPut
00000447   BT_UART_CharGet
00000453   BT_UART_StrPut
00000489   BT_UART_NLPut
00000499   BT_NL_Put
000004a1   BT_NumPut
000004d9   main
0000053b   Timer0IntHandler
000005af   Power
00000629   GPIOPadConfigSet
00000759   SysCtlClockGet
00000871   SysCtlClockSet
00000961   __aeabi_memcpy
00000961   __aeabi_memcpy4
00000961   __aeabi_memcpy8
00000961   memcpy
000009fd   __TI_auto_init
00000a91   IntEnable
00000b51   TimerConfigure
00000bad   ltoa
00000c05   GPIOPinConfigure
00000c4d   _c_int00
00000c95   copy_in
00000cd9   UARTConfigSetExpClk
00000d19   C$$EXIT
00000d1d   abort
00000d25   exit
00000d59   SysCtlPeripheralEnable
00000d8d   GPIODirModeSet
00000db9   UARTDisable
00000dd5   GPIOPinTypeGPIOOutput
00000ded   _args_main
00000e05   UARTEnable
00000e19   _register_unlock
00000e1f   _register_lock
00000e27   _nop
00000e2d   strlen
00000e41   GPIOPinTypeUART
00000e53   TimerLoadSet
00000e65   __TI_zero_init
00000e77   TimerEnable
00000e85   __TI_decompress_none
00000e93   CPUcpsie
00000e9f   UARTCharsAvail
00000eab   ResetISR
00000eb7   IntMasterEnable
00000ec1   UARTCharGet
00000ecb   UARTCharPut
00000ed5   TimerIntEnable
00000edd   GPIOPinWrite
00000ee3   SysCtlDelay
00000ee9   __TI_decompress_rle24
00000eef   TimerIntClear
00001070   __TI_Handler_Table_Base
0000107c   __TI_Handler_Table_Limit
00001088   __TI_CINIT_Base
00001098   __TI_CINIT_Limit
20000000   __stack
20000200   __STACK_END
20000200   __STACK_TOP
20000200   sout
20000300   arrayk
20000304   string
20000310   led_state
20000314   _lock
20000318   _unlock
2000031c   _cleanup_ptr
20000320   _dtors_ptr
20000324   main_func_sp
ffffffff   __binit__
ffffffff   __c_args__
ffffffff   binit
UNDEFED    SHT$$INIT_ARRAY$$Base
UNDEFED    SHT$$INIT_ARRAY$$Limit

[81 symbols]
